Archive member included to satisfy reference by file (symbol)

c:/program files (x86)/atollic/truestudio for arm 8.0.0/ide/plugins/fr.ac6.mcu.externaltools.arm-none.win32_1.15.0.201708311556/tools/compiler/bin/../lib/gcc/arm-none-eabi/6.3.1/../../../../arm-none-eabi/lib/thumb/v6-m\libm.a(lib_a-s_ceil.o)
                              Drivers/BSP/Components/sx1276.o (ceil)
c:/program files (x86)/atollic/truestudio for arm 8.0.0/ide/plugins/fr.ac6.mcu.externaltools.arm-none.win32_1.15.0.201708311556/tools/compiler/bin/../lib/gcc/arm-none-eabi/6.3.1/../../../../arm-none-eabi/lib/thumb/v6-m\libm.a(lib_a-s_floor.o)
                              Drivers/BSP/Components/sx1276.o (floor)
c:/program files (x86)/atollic/truestudio for arm 8.0.0/ide/plugins/fr.ac6.mcu.externaltools.arm-none.win32_1.15.0.201708311556/tools/compiler/bin/../lib/gcc/arm-none-eabi/6.3.1/../../../../arm-none-eabi/lib/thumb/v6-m\libm.a(lib_a-s_round.o)
                              Drivers/BSP/Components/sx1276.o (round)
c:/program files (x86)/atollic/truestudio for arm 8.0.0/ide/plugins/fr.ac6.mcu.externaltools.arm-none.win32_1.15.0.201708311556/tools/compiler/bin/../lib/gcc/arm-none-eabi/6.3.1/thumb/v6-m\libgcc.a(_thumb1_case_uqi.o)
                              Drivers/BSP/B_L072Z_LRWAN1/b-l072z-lrwan1.o (__gnu_thumb1_case_uqi)
c:/program files (x86)/atollic/truestudio for arm 8.0.0/ide/plugins/fr.ac6.mcu.externaltools.arm-none.win32_1.15.0.201708311556/tools/compiler/bin/../lib/gcc/arm-none-eabi/6.3.1/thumb/v6-m\libgcc.a(_udivsi3.o)
                              Drivers/BSP/Components/sx1276.o (__aeabi_uidiv)
c:/program files (x86)/atollic/truestudio for arm 8.0.0/ide/plugins/fr.ac6.mcu.externaltools.arm-none.win32_1.15.0.201708311556/tools/compiler/bin/../lib/gcc/arm-none-eabi/6.3.1/thumb/v6-m\libgcc.a(_divsi3.o)
                              Middlewares/Lora/Utilities/utilities.o (__aeabi_idivmod)
c:/program files (x86)/atollic/truestudio for arm 8.0.0/ide/plugins/fr.ac6.mcu.externaltools.arm-none.win32_1.15.0.201708311556/tools/compiler/bin/../lib/gcc/arm-none-eabi/6.3.1/thumb/v6-m\libgcc.a(_dvmd_tls.o)
                              c:/program files (x86)/atollic/truestudio for arm 8.0.0/ide/plugins/fr.ac6.mcu.externaltools.arm-none.win32_1.15.0.201708311556/tools/compiler/bin/../lib/gcc/arm-none-eabi/6.3.1/thumb/v6-m\libgcc.a(_udivsi3.o) (__aeabi_idiv0)
c:/program files (x86)/atollic/truestudio for arm 8.0.0/ide/plugins/fr.ac6.mcu.externaltools.arm-none.win32_1.15.0.201708311556/tools/compiler/bin/../lib/gcc/arm-none-eabi/6.3.1/thumb/v6-m\libgcc.a(_arm_cmpdf2.o)
                              Drivers/BSP/Components/sx1276.o (__aeabi_dcmpgt)
c:/program files (x86)/atollic/truestudio for arm 8.0.0/ide/plugins/fr.ac6.mcu.externaltools.arm-none.win32_1.15.0.201708311556/tools/compiler/bin/../lib/gcc/arm-none-eabi/6.3.1/thumb/v6-m\libgcc.a(_aeabi_uldivmod.o)
                              Drivers/STM32L0xx_HAL_Driver/stm32l0xx_hal_uart.o (__aeabi_uldivmod)
c:/program files (x86)/atollic/truestudio for arm 8.0.0/ide/plugins/fr.ac6.mcu.externaltools.arm-none.win32_1.15.0.201708311556/tools/compiler/bin/../lib/gcc/arm-none-eabi/6.3.1/thumb/v6-m\libgcc.a(_muldi3.o)
                              Projects/PingPong/hw_rtc.o (__aeabi_lmul)
c:/program files (x86)/atollic/truestudio for arm 8.0.0/ide/plugins/fr.ac6.mcu.externaltools.arm-none.win32_1.15.0.201708311556/tools/compiler/bin/../lib/gcc/arm-none-eabi/6.3.1/thumb/v6-m\libgcc.a(_fixunssfsi.o)
                              Middlewares/Lora/Utilities/delay.o (__aeabi_f2uiz)
c:/program files (x86)/atollic/truestudio for arm 8.0.0/ide/plugins/fr.ac6.mcu.externaltools.arm-none.win32_1.15.0.201708311556/tools/compiler/bin/../lib/gcc/arm-none-eabi/6.3.1/thumb/v6-m\libgcc.a(_fixunsdfsi.o)
                              Drivers/BSP/Components/sx1276.o (__aeabi_d2uiz)
c:/program files (x86)/atollic/truestudio for arm 8.0.0/ide/plugins/fr.ac6.mcu.externaltools.arm-none.win32_1.15.0.201708311556/tools/compiler/bin/../lib/gcc/arm-none-eabi/6.3.1/thumb/v6-m\libgcc.a(_udivmoddi4.o)
                              c:/program files (x86)/atollic/truestudio for arm 8.0.0/ide/plugins/fr.ac6.mcu.externaltools.arm-none.win32_1.15.0.201708311556/tools/compiler/bin/../lib/gcc/arm-none-eabi/6.3.1/thumb/v6-m\libgcc.a(_aeabi_uldivmod.o) (__udivmoddi4)
c:/program files (x86)/atollic/truestudio for arm 8.0.0/ide/plugins/fr.ac6.mcu.externaltools.arm-none.win32_1.15.0.201708311556/tools/compiler/bin/../lib/gcc/arm-none-eabi/6.3.1/thumb/v6-m\libgcc.a(mulsf3.o)
                              Middlewares/Lora/Utilities/delay.o (__aeabi_fmul)
c:/program files (x86)/atollic/truestudio for arm 8.0.0/ide/plugins/fr.ac6.mcu.externaltools.arm-none.win32_1.15.0.201708311556/tools/compiler/bin/../lib/gcc/arm-none-eabi/6.3.1/thumb/v6-m\libgcc.a(subsf3.o)
[...]
Memory Configuration

Name             Origin             Length             Attributes
RAM              0x20000000         0x00005000         xrw
FLASH            0x08000000         0x00030000         xr
*default*        0x00000000         0xffffffff

Linker script and memory map

LOAD c:/program files (x86)/atollic/truestudio for arm 8.0.0/ide/plugins/fr.ac6.mcu.externaltools.arm-none.win32_1.15.0.201708311556/tools/compiler/bin/../lib/gcc/arm-none-eabi/6.3.1/thumb/v6-m/crti.o
LOAD c:/program files (x86)/atollic/truestudio for arm 8.0.0/ide/plugins/fr.ac6.mcu.externaltools.arm-none.win32_1.15.0.201708311556/tools/compiler/bin/../lib/gcc/arm-none-eabi/6.3.1/thumb/v6-m/crtbegin.o
LOAD c:/program files (x86)/atollic/truestudio for arm 8.0.0/ide/plugins/fr.ac6.mcu.externaltools.arm-none.win32_1.15.0.201708311556/tools/compiler/bin/../lib/gcc/arm-none-eabi/6.3.1/../../../../arm-none-eabi/lib/thumb/v6-m/crt0.o
LOAD Drivers/BSP/B_L072Z_LRWAN1/b-l072z-lrwan1.o
LOAD Drivers/BSP/Components/sx1276.o
LOAD Drivers/BSP/MLM32L07X01/mlm32l07x01.o
LOAD Drivers/CMSIS/system_stm32l0xx.o
LOAD Drivers/STM32L0xx_HAL_Driver/stm32l0xx_hal.o
LOAD Drivers/STM32L0xx_HAL_Driver/stm32l0xx_hal_adc.o
LOAD Drivers/STM32L0xx_HAL_Driver/stm32l0xx_hal_adc_ex.o
LOAD Drivers/STM32L0xx_HAL_Driver/stm32l0xx_hal_cortex.o
LOAD Drivers/STM32L0xx_HAL_Driver/stm32l0xx_hal_dma.o
LOAD Drivers/STM32L0xx_HAL_Driver/stm32l0xx_hal_gpio.o
LOAD Drivers/STM32L0xx_HAL_Driver/stm32l0xx_hal_i2c.o
LOAD Drivers/STM32L0xx_HAL_Driver/stm32l0xx_hal_pwr.o
LOAD Drivers/STM32L0xx_HAL_Driver/stm32l0xx_hal_pwr_ex.o
LOAD Drivers/STM32L0xx_HAL_Driver/stm32l0xx_hal_rcc.o
LOAD Drivers/STM32L0xx_HAL_Driver/stm32l0xx_hal_rcc_ex.o
LOAD Drivers/STM32L0xx_HAL_Driver/stm32l0xx_hal_rtc.o
LOAD Drivers/STM32L0xx_HAL_Driver/stm32l0xx_hal_rtc_ex.o
LOAD Drivers/STM32L0xx_HAL_Driver/stm32l0xx_hal_spi.o
LOAD Drivers/STM32L0xx_HAL_Driver/stm32l0xx_hal_tim.o
LOAD Drivers/STM32L0xx_HAL_Driver/stm32l0xx_hal_tim_ex.o
LOAD Drivers/STM32L0xx_HAL_Driver/stm32l0xx_hal_uart.o
LOAD Drivers/STM32L0xx_HAL_Driver/stm32l0xx_hal_uart_ex.o
LOAD Middlewares/Lora/Utilities/delay.o
LOAD Middlewares/Lora/Utilities/low_power.o
LOAD Middlewares/Lora/Utilities/timeServer.o
LOAD Middlewares/Lora/Utilities/utilities.o
LOAD Projects/PingPong/debug.o
LOAD Projects/PingPong/hw_gpio.o
LOAD Projects/PingPong/hw_rtc.o
LOAD Projects/PingPong/hw_spi.o
LOAD Projects/PingPong/main.o
LOAD Projects/PingPong/mlm32l0xx_hal_msp.o
LOAD Projects/PingPong/mlm32l0xx_hw.o
LOAD Projects/PingPong/mlm32l0xx_it.o
LOAD Projects/PingPong/vcom.o
LOAD Projects/SW4STM32/startup_stm32l072xx.o
LOAD c:/program files (x86)/atollic/truestudio for arm 8.0.0/ide/plugins/fr.ac6.mcu.externaltools.arm-none.win32_1.15.0.201708311556/tools/compiler/bin/../lib/gcc/arm-none-eabi/6.3.1/../../../../arm-none-eabi/lib/thumb/v6-m\libm.a
START GROUP
LOAD c:/program files (x86)/atollic/truestudio for arm 8.0.0/ide/plugins/fr.ac6.mcu.externaltools.arm-none.win32_1.15.0.201708311556/tools/compiler/bin/../lib/gcc/arm-none-eabi/6.3.1/thumb/v6-m\libgcc.a
LOAD c:/program files (x86)/atollic/truestudio for arm 8.0.0/ide/plugins/fr.ac6.mcu.externaltools.arm-none.win32_1.15.0.201708311556/tools/compiler/bin/../lib/gcc/arm-none-eabi/6.3.1/../../../../arm-none-eabi/lib/thumb/v6-m\libc_nano.a
END GROUP
START GROUP
LOAD c:/program files (x86)/atollic/truestudio for arm 8.0.0/ide/plugins/fr.ac6.mcu.externaltools.arm-none.win32_1.15.0.201708311556/tools/compiler/bin/../lib/gcc/arm-none-eabi/6.3.1/thumb/v6-m\libgcc.a
LOAD c:/program files (x86)/atollic/truestudio for arm 8.0.0/ide/plugins/fr.ac6.mcu.externaltools.arm-none.win32_1.15.0.201708311556/tools/compiler/bin/../lib/gcc/arm-none-eabi/6.3.1/../../../../arm-none-eabi/lib/thumb/v6-m\libc_nano.a
LOAD c:/program files (x86)/atollic/truestudio for arm 8.0.0/ide/plugins/fr.ac6.mcu.externaltools.arm-none.win32_1.15.0.201708311556/tools/compiler/bin/../lib/gcc/arm-none-eabi/6.3.1/../../../../arm-none-eabi/lib/thumb/v6-m\libnosys.a
END GROUP
START GROUP
LOAD c:/program files (x86)/atollic/truestudio for arm 8.0.0/ide/plugins/fr.ac6.mcu.externaltools.arm-none.win32_1.15.0.201708311556/tools/compiler/bin/../lib/gcc/arm-none-eabi/6.3.1/thumb/v6-m\libgcc.a
LOAD c:/program files (x86)/atollic/truestudio for arm 8.0.0/ide/plugins/fr.ac6.mcu.externaltools.arm-none.win32_1.15.0.201708311556/tools/compiler/bin/../lib/gcc/arm-none-eabi/6.3.1/../../../../arm-none-eabi/lib/thumb/v6-m\libc_nano.a
LOAD c:/program files (x86)/atollic/truestudio for arm 8.0.0/ide/plugins/fr.ac6.mcu.externaltools.arm-none.win32_1.15.0.201708311556/tools/compiler/bin/../lib/gcc/arm-none-eabi/6.3.1/../../../../arm-none-eabi/lib/thumb/v6-m\libnosys.a
END GROUP
LOAD c:/program files (x86)/atollic/truestudio for arm 8.0.0/ide/plugins/fr.ac6.mcu.externaltools.arm-none.win32_1.15.0.201708311556/tools/compiler/bin/../lib/gcc/arm-none-eabi/6.3.1/thumb/v6-m/crtend.o
LOAD c:/program files (x86)/atollic/truestudio for arm 8.0.0/ide/plugins/fr.ac6.mcu.externaltools.arm-none.win32_1.15.0.201708311556/tools/compiler/bin/../lib/gcc/arm-none-eabi/6.3.1/thumb/v6-m/crtn.o
                0x20005000                _estack = 0x20005000
                0x00000200                _Min_Heap_Size = 0x200
                0x00000400                _Min_Stack_Size = 0x400

.isr_vector     0x08000000       0xc0
                0x08000000                . = ALIGN (0x4)
 *(.isr_vector)
 .isr_vector    0x08000000       0xc0 Projects/SW4STM32/startup_stm32l072xx.o
                0x08000000                g_pfnVectors
                0x080000c0                . = ALIGN (0x4)

.text           0x080000c0     0x7a30
                0x080000c0                . = ALIGN (0x4)
 *(.text)
 .text          0x080000c0       0x60 c:/program files (x86)/atollic/truestudio for arm 8.0.0/ide/plugins/fr.ac6.mcu.externaltools.arm-none.win32_1.15.0.201708311556/tools/compiler/bin/../lib/gcc/arm-none-eabi/6.3.1/thumb/v6-m/crtbegin.o
 .text          0x08000120       0x14 c:/program files (x86)/atollic/truestudio for arm 8.0.0/ide/plugins/fr.ac6.mcu.externaltools.arm-none.win32_1.15.0.201708311556/tools/compiler/bin/../lib/gcc/arm-none-eabi/6.3.1/thumb/v6-m\libgcc.a(_thumb1_case_uqi.o)
                0x08000120                __gnu_thumb1_case_uqi
 .text          0x08000134      0x114 c:/program files (x86)/atollic/truestudio for arm 8.0.0/ide/plugins/fr.ac6.mcu.externaltools.arm-none.win32_1.15.0.201708311556/tools/compiler/bin/../lib/gcc/arm-none-eabi/6.3.1/thumb/v6-m\libgcc.a(_udivsi3.o)
                0x08000134                __aeabi_uidiv
                0x08000134                __udivsi3
                0x08000240                __aeabi_uidivmod
 .text          0x08000248      0x1d4 c:/program files (x86)/atollic/truestudio for arm 8.0.0/ide/plugins/fr.ac6.mcu.externaltools.arm-none.win32_1.15.0.201708311556/tools/compiler/bin/../lib/gcc/arm-none-eabi/6.3.1/thumb/v6-m\libgcc.a(_divsi3.o)
                0x08000248                __divsi3
                0x08000248                __aeabi_idiv
                0x08000414                __aeabi_idivmod
 .text          0x0800041c        0x4 c:/program files (x86)/atollic/truestudio for arm 8.0.0/ide/plugins/fr.ac6.mcu.externaltools.arm-none.win32_1.15.0.201708311556/tools/compiler/bin/../lib/gcc/arm-none-eabi/6.3.1/thumb/v6-m\libgcc.a(_dvmd_tls.o)
                0x0800041c                __aeabi_idiv0
                0x0800041c                __aeabi_ldiv0
 .text          0x08000420       0x7c c:/program files (x86)/atollic/truestudio for arm 8.0.0/ide/plugins/fr.ac6.mcu.externaltools.arm-none.win32_1.15.0.201708311556/tools/compiler/bin/../lib/gcc/arm-none-eabi/6.3.1/thumb/v6-m\libgcc.a(_arm_cmpdf2.o)
                0x08000420                __aeabi_cdrcmple
                0x08000430                __aeabi_cdcmple
                0x08000430                __aeabi_cdcmpeq
                0x08000440                __aeabi_dcmpeq
                0x0800044c                __aeabi_dcmplt
                0x08000460                __aeabi_dcmple
                0x08000474                __aeabi_dcmpgt
                0x08000488                __aeabi_dcmpge
 .text          0x0800049c       0x40 c:/program files (x86)/atollic/truestudio for arm 8.0.0/ide/plugins/fr.ac6.mcu.externaltools.arm-none.win32_1.15.0.201708311556/tools/compiler/bin/../lib/gcc/arm-none-eabi/6.3.1/thumb/v6-m\libgcc.a(_aeabi_uldivmod.o)
                0x0800049c                __aeabi_uldivmod
 .text          0x080004dc       0x3c c:/program files (x86)/atollic/truestudio for arm 8.0.0/ide/plugins/fr.ac6.mcu.externaltools.arm-none.win32_1.15.0.201708311556/tools/compiler/bin/../lib/gcc/arm-none-eabi/6.3.1/thumb/v6-m\libgcc.a(_fixunsdfsi.o)
                0x080004dc                __aeabi_d2uiz
                0x080004dc                __fixunsdfsi
 .text          0x08000518      0x180 c:/program files (x86)/atollic/truestudio for arm 8.0.0/ide/plugins/fr.ac6.mcu.externaltools.arm-none.win32_1.15.0.201708311556/tools/compiler/bin/../lib/gcc/arm-none-eabi/6.3.1/thumb/v6-m\libgcc.a(_udivmoddi4.o)
                0x08000518                __udivmoddi4
 .text          0x08000698      0x620 c:/program files (x86)/atollic/truestudio for arm 8.0.0/ide/plugins/fr.ac6.mcu.externaltools.arm-none.win32_1.15.0.201708311556/tools/compiler/bin/../lib/gcc/arm-none-eabi/6.3.1/thumb/v6-m\libgcc.a(adddf3.o)
                0x08000698                __aeabi_dadd
 .text          0x08000cb8      0x668 c:/program files (x86)/atollic/truestudio for arm 8.0.0/ide/plugins/fr.ac6.mcu.externaltools.arm-none.win32_1.15.0.201708311556/tools/compiler/bin/../lib/gcc/arm-none-eabi/6.3.1/thumb/v6-m\libgcc.a(divdf3.o)
                0x08000cb8                __aeabi_ddiv
 .text          0x08001320       0x74 c:/program files (x86)/atollic/truestudio for arm 8.0.0/ide/plugins/fr.ac6.mcu.externaltools.arm-none.win32_1.15.0.201708311556/tools/compiler/bin/../lib/gcc/arm-none-eabi/6.3.1/thumb/v6-m\libgcc.a(eqdf2.o)
                0x08001320                __nedf2
                0x08001320                __eqdf2
 .text          0x08001394       0xc8 c:/program files (x86)/atollic/truestudio for arm 8.0.0/ide/plugins/fr.ac6.mcu.externaltools.arm-none.win32_1.15.0.201708311556/tools/compiler/bin/../lib/gcc/arm-none-eabi/6.3.1/thumb/v6-m\libgcc.a(gedf2.o)
                0x08001394                __gedf2
                0x08001394                __gtdf2
 .text          0x0800145c       0xc4 c:/program files (x86)/atollic/truestudio for arm 8.0.0/ide/plugins/fr.ac6.mcu.externaltools.arm-none.win32_1.15.0.201708311556/tools/compiler/bin/../lib/gcc/arm-none-eabi/6.3.1/thumb/v6-m\libgcc.a(ledf2.o)
                0x0800145c                __ledf2
                0x0800145c                __ltdf2
 .text          0x08001520      0x500 c:/program files (x86)/atollic/truestudio for arm 8.0.0/ide/plugins/fr.ac6.mcu.externaltools.arm-none.win32_1.15.0.201708311556/tools/compiler/bin/../lib/gcc/arm-none-eabi/6.3.1/thumb/v6-m\libgcc.a(muldf3.o)
                0x08001520                __aeabi_dmul
 .text          0x08001a20      0x62c c:/program files (x86)/atollic/truestudio for arm 8.0.0/ide/plugins/fr.ac6.mcu.externaltools.arm-none.win32_1.15.0.201708311556/tools/compiler/bin/../lib/gcc/arm-none-eabi/6.3.1/thumb/v6-m\libgcc.a(subdf3.o)
                0x08001a20                __aeabi_dsub
 .text          0x0800204c       0x68 c:/program files (x86)/atollic/truestudio for arm 8.0.0/ide/plugins/fr.ac6.mcu.externaltools.arm-none.win32_1.15.0.201708311556/tools/compiler/bin/../lib/gcc/arm-none-eabi/6.3.1/thumb/v6-m\libgcc.a(fixdfsi.o)
                0x0800204c                __aeabi_d2iz
 .text          0x080020b4       0x84 c:/program files (x86)/atollic/truestudio for arm 8.0.0/ide/plugins/fr.ac6.mcu.externaltools.arm-none.win32_1.15.0.201708311556/tools/compiler/bin/../lib/gcc/arm-none-eabi/6.3.1/thumb/v6-m\libgcc.a(floatsidf.o)
                0x080020b4                __aeabi_i2d
 .text          0x08002138       0x70 c:/program files (x86)/atollic/truestudio for arm 8.0.0/ide/plugins/fr.ac6.mcu.externaltools.arm-none.win32_1.15.0.201708311556/tools/compiler/bin/../lib/gcc/arm-none-eabi/6.3.1/thumb/v6-m\libgcc.a(floatunsidf.o)
                0x08002138                __aeabi_ui2d
 .text          0x080021a8       0x3c c:/program files (x86)/atollic/truestudio for arm 8.0.0/ide/plugins/fr.ac6.mcu.externaltools.arm-none.win32_1.15.0.201708311556/tools/compiler/bin/../lib/gcc/arm-none-eabi/6.3.1/thumb/v6-m\libgcc.a(_clzsi2.o)
                0x080021a8                __clzsi2
 .text          0x080021e4       0x18 c:/program files (x86)/atollic/truestudio for arm 8.0.0/ide/plugins/fr.ac6.mcu.externaltools.arm-none.win32_1.15.0.201708311556/tools/compiler/bin/../lib/gcc/arm-none-eabi/6.3.1/thumb/v6-m\libgcc.a(_clzdi2.o)
                0x080021e4                __clzdi2
 *(.text*)
 .text.BSP_LED_Init
                0x080021fc       0x84 Drivers/BSP/B_L072Z_LRWAN1/b-l072z-lrwan1.o
                0x080021fc                BSP_LED_Init
 .text.BSP_LED_Off
                0x08002280       0x20 Drivers/BSP/B_L072Z_LRWAN1/b-l072z-lrwan1.o
                0x08002280                BSP_LED_Off
 .text.BSP_LED_Toggle
                0x080022a0       0x1c Drivers/BSP/B_L072Z_LRWAN1/b-l072z-lrwan1.o
                0x080022a0                BSP_LED_Toggle
 .text.GetFskBandwidthRegValue
                0x080022bc       0x28 Drivers/BSP/Components/sx1276.o
 .text.SX1276OnDio4Irq
                0x080022e4       0x1c Drivers/BSP/Components/sx1276.o
                0x080022e4                SX1276OnDio4Irq
 .text.SX1276BoardInit
                0x08002300        0xc Drivers/BSP/Components/sx1276.o
                0x08002300                SX1276BoardInit
 .text.SX1276GetStatus
                0x0800230c        0xc Drivers/BSP/Components/sx1276.o
                0x0800230c                SX1276GetStatus
 .text.SX1276Reset
                0x08002318       0x50 Drivers/BSP/Components/sx1276.o
                0x08002318                SX1276Reset
 .text.SX1276WriteBuffer
                0x08002368       0x3e Drivers/BSP/Components/sx1276.o
                0x08002368                SX1276WriteBuffer
 .text.SX1276Write
                0x080023a6       0x12 Drivers/BSP/Components/sx1276.o
                0x080023a6                SX1276Write
 .text.SX1276SetChannel
                0x080023b8       0x54 Drivers/BSP/Components/sx1276.o
                0x080023b8                SX1276SetChannel
 .text.SX1276ReadBuffer
                0x0800240c       0x40 Drivers/BSP/Components/sx1276.o
                0x0800240c                SX1276ReadBuffer
 .text.SX1276Read
                0x0800244c       0x12 Drivers/BSP/Components/sx1276.o
                0x0800244c                SX1276Read
 *fill*         0x0800245e        0x2 
 .text.RxChainCalibration
                0x08002460       0x98 Drivers/BSP/Components/sx1276.o
 .text.SX1276GetTimeOnAir
                0x080024f8      0x1fc Drivers/BSP/Components/sx1276.o
                0x080024f8                SX1276GetTimeOnAir
 .text.SX1276ReadRssi
                0x080026f4       0x44 Drivers/BSP/Components/sx1276.o
                0x080026f4                SX1276ReadRssi
 .text.SX1276SetOpMode.part.2
                0x08002738       0x34 Drivers/BSP/Components/sx1276.o
 .text.SX1276SetSleep
                0x0800276c       0x28 Drivers/BSP/Components/sx1276.o
                0x0800276c                SX1276SetSleep
 .text.SX1276SetOpMode
                0x08002794       0x44 Drivers/BSP/Components/sx1276.o
                0x08002794                SX1276SetOpMode
 .text.SX1276SetStby
                0x080027d8       0x28 Drivers/BSP/Components/sx1276.o
                0x080027d8                SX1276SetStby
 .text.SX1276SetRx
                0x08002800      0x214 Drivers/BSP/Components/sx1276.o
                0x08002800                SX1276SetRx
 .text.SX1276SetTx
                0x08002a14       0xa0 Drivers/BSP/Components/sx1276.o
                0x08002a14                SX1276SetTx
 .text.SX1276StartCad
                0x08002ab4       0x34 Drivers/BSP/Components/sx1276.o
                0x08002ab4                SX1276StartCad
 .text.SX1276SetModem
                0x08002ae8       0x64 Drivers/BSP/Components/sx1276.o
                0x08002ae8                SX1276SetModem
 .text.SX1276Init
                0x08002b4c       0x98 Drivers/BSP/Components/sx1276.o
                0x08002b4c                SX1276Init
 .text.SX1276IsChannelFree
                0x08002be4       0x36 Drivers/BSP/Components/sx1276.o
                0x08002be4                SX1276IsChannelFree
 *fill*         0x08002c1a        0x2 
 .text.SX1276SetSyncWord
                0x08002c1c       0x1c Drivers/BSP/Components/sx1276.o
                0x08002c1c                SX1276SetSyncWord
 .text.SX1276Random
                0x08002c38       0x3c Drivers/BSP/Components/sx1276.o
                0x08002c38                SX1276Random
 .text.SX1276SetRxConfig
                0x08002c74      0x340 Drivers/BSP/Components/sx1276.o
                0x08002c74                SX1276SetRxConfig
 .text.SX1276SetTxConfig
                0x08002fb4      0x274 Drivers/BSP/Components/sx1276.o
                0x08002fb4                SX1276SetTxConfig
 .text.SX1276SetTxContinuousWave
                0x08003228       0x94 Drivers/BSP/Components/sx1276.o
                0x08003228                SX1276SetTxContinuousWave
 .text.SX1276OnTimeoutIrq
                0x080032bc       0xcc Drivers/BSP/Components/sx1276.o
                0x080032bc                SX1276OnTimeoutIrq
 .text.SX1276OnDio2Irq
                0x08003388       0xc0 Drivers/BSP/Components/sx1276.o
                0x08003388                SX1276OnDio2Irq
 .text.SX1276OnDio3Irq
                0x08003448       0x54 Drivers/BSP/Components/sx1276.o
                0x08003448                SX1276OnDio3Irq
 .text.SX1276WriteFifo
                0x0800349c        0xe Drivers/BSP/Components/sx1276.o
                0x0800349c                SX1276WriteFifo
 *fill*         0x080034aa        0x2 
 .text.SX1276Send
                0x080034ac       0xfc Drivers/BSP/Components/sx1276.o
                0x080034ac                SX1276Send
 .text.SX1276ReadFifo
                0x080035a8        0xe Drivers/BSP/Components/sx1276.o
                0x080035a8                SX1276ReadFifo
 *fill*         0x080035b6        0x2 
 .text.SX1276OnDio0Irq
                0x080035b8      0x264 Drivers/BSP/Components/sx1276.o
                0x080035b8                SX1276OnDio0Irq
 .text.SX1276OnDio1Irq
                0x0800381c       0xe0 Drivers/BSP/Components/sx1276.o
                0x0800381c                SX1276OnDio1Irq
 .text.SX1276SetMaxPayloadLength
                0x080038fc       0x34 Drivers/BSP/Components/sx1276.o
                0x080038fc                SX1276SetMaxPayloadLength
 .text.SX1276GetRadioWakeUpTime
                0x08003930       0x14 Drivers/BSP/Components/sx1276.o
                0x08003930                SX1276GetRadioWakeUpTime
 .text.SX1276GetWakeTime
                0x08003944        0x4 Drivers/BSP/MLM32L07X01/mlm32l07x01.o
                0x08003944                SX1276GetWakeTime
 .text.SX1276CheckRfFrequency
                0x08003948        0x4 Drivers/BSP/MLM32L07X01/mlm32l07x01.o
                0x08003948                SX1276CheckRfFrequency
 .text.SX1276SetRfTxPower
                0x0800394c       0x40 Drivers/BSP/MLM32L07X01/mlm32l07x01.o
                0x0800394c                SX1276SetRfTxPower
 .text.SX1276IoInit
                0x0800398c       0x74 Drivers/BSP/MLM32L07X01/mlm32l07x01.o
                0x0800398c                SX1276IoInit
 .text.SX1276IoDeInit
                0x08003a00       0x50 Drivers/BSP/MLM32L07X01/mlm32l07x01.o
                0x08003a00                SX1276IoDeInit
 .text.SX1276SetAntSwLowPower
                0x08003a50       0x70 Drivers/BSP/MLM32L07X01/mlm32l07x01.o
                0x08003a50                SX1276SetAntSwLowPower
 .text.SX1276IoIrqInit
                0x08003ac0       0x44 Drivers/BSP/MLM32L07X01/mlm32l07x01.o
                0x08003ac0                SX1276IoIrqInit
 .text.SX1276SetAntSw
                0x08003b04       0x40 Drivers/BSP/MLM32L07X01/mlm32l07x01.o
                0x08003b04                SX1276SetAntSw
 .text.SX1276SetXO
                0x08003b44       0x2c Drivers/BSP/MLM32L07X01/mlm32l07x01.o
                0x08003b44                SX1276SetXO
 .text.SystemInit
                0x08003b70       0x5c Drivers/CMSIS/system_stm32l0xx.o
                0x08003b70                SystemInit
 .text.HAL_Init
                0x08003bcc       0x20 Drivers/STM32L0xx_HAL_Driver/stm32l0xx_hal.o
                0x08003bcc                HAL_Init
 .text.HAL_IncTick
                0x08003bec       0x10 Drivers/STM32L0xx_HAL_Driver/stm32l0xx_hal.o
                0x08003bec                HAL_IncTick
 .text.HAL_GetTick
                0x08003bfc        0xc Drivers/STM32L0xx_HAL_Driver/stm32l0xx_hal.o
                0x08003bfc                HAL_GetTick
 .text.HAL_DBGMCU_DisableDBGSleepMode
                0x08003c08       0x10 Drivers/STM32L0xx_HAL_Driver/stm32l0xx_hal.o
                0x08003c08                HAL_DBGMCU_DisableDBGSleepMode
 .text.HAL_DBGMCU_DisableDBGStopMode
                0x08003c18       0x10 Drivers/STM32L0xx_HAL_Driver/stm32l0xx_hal.o
                0x08003c18                HAL_DBGMCU_DisableDBGStopMode
 .text.HAL_DBGMCU_DisableDBGStandbyMode
                0x08003c28       0x10 Drivers/STM32L0xx_HAL_Driver/stm32l0xx_hal.o
                0x08003c28                HAL_DBGMCU_DisableDBGStandbyMode
 .text.HAL_ADC_MspInit
                0x08003c38        0x2 Drivers/STM32L0xx_HAL_Driver/stm32l0xx_hal_adc.o
                0x08003c38                HAL_ADC_MspInit
 *fill*         0x08003c3a        0x2 
 .text.HAL_ADC_Init
                0x08003c3c      0x1a8 Drivers/STM32L0xx_HAL_Driver/stm32l0xx_hal_adc.o
                0x08003c3c                HAL_ADC_Init
 .text.HAL_NVIC_SetPriority
                0x08003de4       0x60 Drivers/STM32L0xx_HAL_Driver/stm32l0xx_hal_cortex.o
                0x08003de4                HAL_NVIC_SetPriority
 .text.HAL_NVIC_EnableIRQ
                0x08003e44       0x14 Drivers/STM32L0xx_HAL_Driver/stm32l0xx_hal_cortex.o
                0x08003e44                HAL_NVIC_EnableIRQ
 .text.HAL_NVIC_SetPendingIRQ
                0x08003e58       0x14 Drivers/STM32L0xx_HAL_Driver/stm32l0xx_hal_cortex.o
                0x08003e58                HAL_NVIC_SetPendingIRQ
 .text.HAL_NVIC_GetPendingIRQ
                0x08003e6c       0x18 Drivers/STM32L0xx_HAL_Driver/stm32l0xx_hal_cortex.o
                0x08003e6c                HAL_NVIC_GetPendingIRQ
 .text.HAL_NVIC_ClearPendingIRQ
                0x08003e84       0x18 Drivers/STM32L0xx_HAL_Driver/stm32l0xx_hal_cortex.o
                0x08003e84                HAL_NVIC_ClearPendingIRQ
 .text.HAL_GPIO_Init
                0x08003e9c      0x178 Drivers/STM32L0xx_HAL_Driver/stm32l0xx_hal_gpio.o
                0x08003e9c                HAL_GPIO_Init
 .text.HAL_GPIO_WritePin
                0x08004014        0xc Drivers/STM32L0xx_HAL_Driver/stm32l0xx_hal_gpio.o
                0x08004014                HAL_GPIO_WritePin
 .text.HAL_GPIO_TogglePin
                0x08004020        0x8 Drivers/STM32L0xx_HAL_Driver/stm32l0xx_hal_gpio.o
                0x08004020                HAL_GPIO_TogglePin
 .text.HAL_GPIO_EXTI_IRQHandler
                0x08004028       0x18 Drivers/STM32L0xx_HAL_Driver/stm32l0xx_hal_gpio.o
                0x08004028                HAL_GPIO_EXTI_IRQHandler
 .text.HAL_PWR_DisablePVD
                0x08004040       0x10 Drivers/STM32L0xx_HAL_Driver/stm32l0xx_hal_pwr.o
                0x08004040                HAL_PWR_DisablePVD
 .text.HAL_PWR_EnterSLEEPMode
                0x08004050       0x30 Drivers/STM32L0xx_HAL_Driver/stm32l0xx_hal_pwr.o
                0x08004050                HAL_PWR_EnterSLEEPMode
 .text.HAL_PWR_EnterSTOPMode
                0x08004080       0x38 Drivers/STM32L0xx_HAL_Driver/stm32l0xx_hal_pwr.o
                0x08004080                HAL_PWR_EnterSTOPMode
 .text.HAL_PWREx_EnableFastWakeUp
                0x080040b8       0x14 Drivers/STM32L0xx_HAL_Driver/stm32l0xx_hal_pwr_ex.o
                0x080040b8                HAL_PWREx_EnableFastWakeUp
 .text.HAL_PWREx_EnableUltraLowPower
                0x080040cc       0x14 Drivers/STM32L0xx_HAL_Driver/stm32l0xx_hal_pwr_ex.o
                0x080040cc                HAL_PWREx_EnableUltraLowPower
 .text.RCC_SetFlashLatencyFromMSIRange
                0x080040e0       0x74 Drivers/STM32L0xx_HAL_Driver/stm32l0xx_hal_rcc.o
 .text.HAL_RCC_OscConfig
                0x08004154      0x4e8 Drivers/STM32L0xx_HAL_Driver/stm32l0xx_hal_rcc.o
                0x08004154                HAL_RCC_OscConfig
 .text.HAL_RCC_GetSysClockFreq
                0x0800463c       0x78 Drivers/STM32L0xx_HAL_Driver/stm32l0xx_hal_rcc.o
                0x0800463c                HAL_RCC_GetSysClockFreq
 .text.HAL_RCC_ClockConfig
                0x080046b4      0x170 Drivers/STM32L0xx_HAL_Driver/stm32l0xx_hal_rcc.o
                0x080046b4                HAL_RCC_ClockConfig
 .text.HAL_RCC_GetPCLK1Freq
                0x08004824       0x20 Drivers/STM32L0xx_HAL_Driver/stm32l0xx_hal_rcc.o
                0x08004824                HAL_RCC_GetPCLK1Freq
 .text.HAL_RCC_GetPCLK2Freq
                0x08004844       0x20 Drivers/STM32L0xx_HAL_Driver/stm32l0xx_hal_rcc.o
                0x08004844                HAL_RCC_GetPCLK2Freq
 .text.HAL_RCCEx_PeriphCLKConfig
                0x08004864      0x1b8 Drivers/STM32L0xx_HAL_Driver/stm32l0xx_hal_rcc_ex.o
                0x08004864                HAL_RCCEx_PeriphCLKConfig
 .text.HAL_RCCEx_GetPeriphCLKFreq
                0x08004a1c      0x1ec Drivers/STM32L0xx_HAL_Driver/stm32l0xx_hal_rcc_ex.o
                0x08004a1c                HAL_RCCEx_GetPeriphCLKFreq
 .text.HAL_RTC_DeactivateAlarm
                0x08004c08       0xc0 Drivers/STM32L0xx_HAL_Driver/stm32l0xx_hal_rtc.o
                0x08004c08                HAL_RTC_DeactivateAlarm
 .text.HAL_RTC_WaitForSynchro
                0x08004cc8       0x34 Drivers/STM32L0xx_HAL_Driver/stm32l0xx_hal_rtc.o
                0x08004cc8                HAL_RTC_WaitForSynchro
 .text.RTC_EnterInitMode
                0x08004cfc       0x38 Drivers/STM32L0xx_HAL_Driver/stm32l0xx_hal_rtc.o
                0x08004cfc                RTC_EnterInitMode
 .text.HAL_RTC_Init
                0x08004d34       0x94 Drivers/STM32L0xx_HAL_Driver/stm32l0xx_hal_rtc.o
                0x08004d34                HAL_RTC_Init
 .text.RTC_ByteToBcd2
                0x08004dc8       0x16 Drivers/STM32L0xx_HAL_Driver/stm32l0xx_hal_rtc.o
                0x08004dc8                RTC_ByteToBcd2
 *fill*         0x08004dde        0x2 
 .text.HAL_RTC_SetTime
                0x08004de0       0xfc Drivers/STM32L0xx_HAL_Driver/stm32l0xx_hal_rtc.o
                0x08004de0                HAL_RTC_SetTime
 .text.HAL_RTC_SetDate
                0x08004edc       0xd8 Drivers/STM32L0xx_HAL_Driver/stm32l0xx_hal_rtc.o
                0x08004edc                HAL_RTC_SetDate
 .text.HAL_RTC_SetAlarm_IT
                0x08004fb4      0x194 Drivers/STM32L0xx_HAL_Driver/stm32l0xx_hal_rtc.o
                0x08004fb4                HAL_RTC_SetAlarm_IT
 .text.RTC_Bcd2ToByte
                0x08005148       0x10 Drivers/STM32L0xx_HAL_Driver/stm32l0xx_hal_rtc.o
                0x08005148                RTC_Bcd2ToByte
 .text.HAL_RTC_GetTime
                0x08005158       0x54 Drivers/STM32L0xx_HAL_Driver/stm32l0xx_hal_rtc.o
                0x08005158                HAL_RTC_GetTime
 .text.HAL_RTC_GetDate
                0x080051ac       0x44 Drivers/STM32L0xx_HAL_Driver/stm32l0xx_hal_rtc.o
                0x080051ac                HAL_RTC_GetDate
 .text.HAL_RTC_GetAlarm
                0x080051f0       0xc4 Drivers/STM32L0xx_HAL_Driver/stm32l0xx_hal_rtc.o
                0x080051f0                HAL_RTC_GetAlarm
 .text.HAL_RTCEx_EnableBypassShadow
                0x080052b4       0x32 Drivers/STM32L0xx_HAL_Driver/stm32l0xx_hal_rtc_ex.o
                0x080052b4                HAL_RTCEx_EnableBypassShadow
 *fill*         0x080052e6        0x2 
 .text.SPI_WaitOnFlagUntilTimeout
                0x080052e8       0x94 Drivers/STM32L0xx_HAL_Driver/stm32l0xx_hal_spi.o
 .text.HAL_SPI_MspInit
                0x0800537c        0x2 Drivers/STM32L0xx_HAL_Driver/stm32l0xx_hal_spi.o
                0x0800537c                HAL_SPI_MspInit
 *fill*         0x0800537e        0x2 
 .text.HAL_SPI_Init
                0x08005380       0x80 Drivers/STM32L0xx_HAL_Driver/stm32l0xx_hal_spi.o
                0x08005380                HAL_SPI_Init
 .text.HAL_SPI_MspDeInit
                0x08005400        0x2 Drivers/STM32L0xx_HAL_Driver/stm32l0xx_hal_spi.o
                0x08005400                HAL_SPI_MspDeInit
 .text.HAL_SPI_DeInit
                0x08005402       0x2e Drivers/STM32L0xx_HAL_Driver/stm32l0xx_hal_spi.o
                0x08005402                HAL_SPI_DeInit
 .text.HAL_SPI_TransmitReceive
                0x08005430      0x2f0 Drivers/STM32L0xx_HAL_Driver/stm32l0xx_hal_spi.o
                0x08005430                HAL_SPI_TransmitReceive
 .text.HAL_UART_DeInit
                0x08005720       0x3a Drivers/STM32L0xx_HAL_Driver/stm32l0xx_hal_uart.o
                0x08005720                HAL_UART_DeInit
 *fill*         0x0800575a        0x2 
 .text.UART_SetConfig
                0x0800575c      0x260 Drivers/STM32L0xx_HAL_Driver/stm32l0xx_hal_uart.o
                0x0800575c                UART_SetConfig
 .text.UART_AdvFeatureConfig
                0x080059bc       0xd0 Drivers/STM32L0xx_HAL_Driver/stm32l0xx_hal_uart.o
                0x080059bc                UART_AdvFeatureConfig
 .text.UART_WaitOnFlagUntilTimeout
                0x08005a8c       0x64 Drivers/STM32L0xx_HAL_Driver/stm32l0xx_hal_uart.o
                0x08005a8c                UART_WaitOnFlagUntilTimeout
 .text.HAL_UART_Transmit
                0x08005af0       0xcc Drivers/STM32L0xx_HAL_Driver/stm32l0xx_hal_uart.o
                0x08005af0                HAL_UART_Transmit
 .text.UART_CheckIdleState
                0x08005bbc       0x64 Drivers/STM32L0xx_HAL_Driver/stm32l0xx_hal_uart.o
                0x08005bbc                UART_CheckIdleState
 .text.HAL_UART_Init
                0x08005c20       0x6c Drivers/STM32L0xx_HAL_Driver/stm32l0xx_hal_uart.o
                0x08005c20                HAL_UART_Init
 .text.DelayMs  0x08005c8c        0x8 Middlewares/Lora/Utilities/delay.o
                0x08005c8c                DelayMs
 .text.LowPower_Disable
                0x08005c94       0x18 Middlewares/Lora/Utilities/low_power.o
                0x08005c94                LowPower_Disable
 .text.LowPower_Enable
                0x08005cac       0x18 Middlewares/Lora/Utilities/low_power.o
                0x08005cac                LowPower_Enable
 .text.LowPower_GetState
                0x08005cc4        0xc Middlewares/Lora/Utilities/low_power.o
                0x08005cc4                LowPower_GetState
 .text.LowPower_Handler
                0x08005cd0       0x24 Middlewares/Lora/Utilities/low_power.o
                0x08005cd0                LowPower_Handler
 .text.TimerSetTimeout
                0x08005cf4       0x2a Middlewares/Lora/Utilities/timeServer.o
 *fill*         0x08005d1e        0x2 
 .text.TimerInsertNewHeadTimer
                0x08005d20       0x1c Middlewares/Lora/Utilities/timeServer.o
 .text.TimerInit
                0x08005d3c        0xe Middlewares/Lora/Utilities/timeServer.o
                0x08005d3c                TimerInit
 *fill*         0x08005d4a        0x2 
 .text.TimerStart
                0x08005d4c       0x70 Middlewares/Lora/Utilities/timeServer.o
                0x08005d4c                TimerStart
 .text.TimerIrqHandler
                0x08005dbc       0x74 Middlewares/Lora/Utilities/timeServer.o
                0x08005dbc                TimerIrqHandler
 .text.TimerStop
                0x08005e30       0x58 Middlewares/Lora/Utilities/timeServer.o
                0x08005e30                TimerStop
 .text.TimerSetValue
                0x08005e88       0x22 Middlewares/Lora/Utilities/timeServer.o
                0x08005e88                TimerSetValue
 .text.memcpy1  0x08005eaa       0x12 Middlewares/Lora/Utilities/utilities.o
                0x08005eaa                memcpy1
 .text.DBG_Init
                0x08005ebc       0x48 Projects/PingPong/debug.o
                0x08005ebc                DBG_Init
 .text.Error_Handler
                0x08005f04        0x2 Projects/PingPong/debug.o
                0x08005f04                Error_Handler
 *fill*         0x08005f06        0x2 
 .text.HW_GPIO_GetBitPos
                0x08005f08       0x3c Projects/PingPong/hw_gpio.o
 .text.HW_GPIO_Init
                0x08005f44       0x98 Projects/PingPong/hw_gpio.o
                0x08005f44                HW_GPIO_Init
 .text.HW_GPIO_SetIrq
                0x08005fdc       0x34 Projects/PingPong/hw_gpio.o
                0x08005fdc                HW_GPIO_SetIrq
 .text.HW_GPIO_IrqHandler
                0x08006010       0x18 Projects/PingPong/hw_gpio.o
                0x08006010                HW_GPIO_IrqHandler
 .text.HW_GPIO_Write
                0x08006028        0xa Projects/PingPong/hw_gpio.o
                0x08006028                HW_GPIO_Write
 *fill*         0x08006032        0x2 
 .text.HW_RTC_GetCalendarValue
                0x08006034       0xa0 Projects/PingPong/hw_rtc.o
 .text.HW_RTC_setMcuWakeUpTime
                0x080060d4       0x74 Projects/PingPong/hw_rtc.o
                0x080060d4                HW_RTC_setMcuWakeUpTime
 .text.HW_RTC_GetMinimumTimeout
                0x08006148        0x4 Projects/PingPong/hw_rtc.o
                0x08006148                HW_RTC_GetMinimumTimeout
 .text.HW_RTC_ms2Tick
                0x0800614c       0x10 Projects/PingPong/hw_rtc.o
                0x0800614c                HW_RTC_ms2Tick
 .text.HW_RTC_GetTimerElapsedTime
                0x0800615c       0x18 Projects/PingPong/hw_rtc.o
                0x0800615c                HW_RTC_GetTimerElapsedTime
 .text.HW_RTC_GetTimerValue
                0x08006174        0xe Projects/PingPong/hw_rtc.o
                0x08006174                HW_RTC_GetTimerValue
 *fill*         0x08006182        0x2 
 .text.HW_RTC_StopAlarm
                0x08006184       0x24 Projects/PingPong/hw_rtc.o
                0x08006184                HW_RTC_StopAlarm
 .text.HW_RTC_SetAlarm
                0x080061a8      0x160 Projects/PingPong/hw_rtc.o
                0x080061a8                HW_RTC_SetAlarm
 .text.HW_RTC_IrqHandler
                0x08006308       0x3c Projects/PingPong/hw_rtc.o
                0x08006308                HW_RTC_IrqHandler
 .text.HW_RTC_DelayMs
                0x08006344       0x26 Projects/PingPong/hw_rtc.o
                0x08006344                HW_RTC_DelayMs
 *fill*         0x0800636a        0x2 
 .text.HW_RTC_SetTimerContext
                0x0800636c       0x18 Projects/PingPong/hw_rtc.o
                0x0800636c                HW_RTC_SetTimerContext
 .text.HW_RTC_Init
                0x08006384       0x80 Projects/PingPong/hw_rtc.o
                0x08006384                HW_RTC_Init
 .text.HW_RTC_GetTimerContext
                0x08006404        0xc Projects/PingPong/hw_rtc.o
                0x08006404                HW_RTC_GetTimerContext
 .text.HW_SPI_Init
                0x08006410       0xe0 Projects/PingPong/hw_spi.o
                0x08006410                HW_SPI_Init
 .text.HW_SPI_DeInit
                0x080064f0       0xa8 Projects/PingPong/hw_spi.o
                0x080064f0                HW_SPI_DeInit
 .text.HW_SPI_InOut
                0x08006598       0x28 Projects/PingPong/hw_spi.o
                0x08006598                HW_SPI_InOut
 .text.OnledEvent
                0x080065c0       0x28 Projects/PingPong/main.o
 .text.OnTxDone
                0x080065e8       0x24 Projects/PingPong/main.o
                0x080065e8                OnTxDone
 .text.OnTxTimeout
                0x0800660c       0x24 Projects/PingPong/main.o
                0x0800660c                OnTxTimeout
 .text.OnRxTimeout
                0x08006630       0x24 Projects/PingPong/main.o
                0x08006630                OnRxTimeout
 .text.OnRxError
                0x08006654       0x24 Projects/PingPong/main.o
                0x08006654                OnRxError
 .text.OnRxDone
                0x08006678       0x54 Projects/PingPong/main.o
                0x08006678                OnRxDone
 .text.startup.main
                0x080066cc      0x270 Projects/PingPong/main.o
                0x080066cc                main
 .text.HAL_InitTick
                0x0800693c        0x4 Projects/PingPong/mlm32l0xx_hal_msp.o
                0x0800693c                HAL_InitTick
 .text.HAL_MspInit
                0x08006940       0x20 Projects/PingPong/mlm32l0xx_hal_msp.o
                0x08006940                HAL_MspInit
 .text.HAL_RTC_MspInit
                0x08006960       0x5c Projects/PingPong/mlm32l0xx_hal_msp.o
                0x08006960                HAL_RTC_MspInit
 .text.HAL_RTC_AlarmAEventCallback
                0x080069bc        0x8 Projects/PingPong/mlm32l0xx_hal_msp.o
                0x080069bc                HAL_RTC_AlarmAEventCallback
 .text.HAL_GPIO_EXTI_Callback
                0x080069c4        0x8 Projects/PingPong/mlm32l0xx_hal_msp.o
                0x080069c4                HAL_GPIO_EXTI_Callback
 .text.MSP_GetIRQn
                0x080069cc       0x20 Projects/PingPong/mlm32l0xx_hal_msp.o
                0x080069cc                MSP_GetIRQn
 .text.HW_DeInit
                0x080069ec       0x20 Projects/PingPong/mlm32l0xx_hw.o
                0x080069ec                HW_DeInit
 .text.SystemClock_Config
                0x08006a0c       0x94 Projects/PingPong/mlm32l0xx_hw.o
                0x08006a0c                SystemClock_Config
 .text.HW_AdcInit
                0x08006aa0       0x70 Projects/PingPong/mlm32l0xx_hw.o
                0x08006aa0                HW_AdcInit
 .text.HW_Init  0x08006b10       0x48 Projects/PingPong/mlm32l0xx_hw.o
                0x08006b10                HW_Init
 .text.HW_EnterStopMode
                0x08006b58       0x28 Projects/PingPong/mlm32l0xx_hw.o
                0x08006b58                HW_EnterStopMode
 .text.HW_ExitStopMode
                0x08006b80       0x50 Projects/PingPong/mlm32l0xx_hw.o
                0x08006b80                HW_ExitStopMode
 .text.HW_EnterSleepMode
                0x08006bd0        0xc Projects/PingPong/mlm32l0xx_hw.o
                0x08006bd0                HW_EnterSleepMode
 .text.NMI_Handler
                0x08006bdc        0x2 Projects/PingPong/mlm32l0xx_it.o
                0x08006bdc                NMI_Handler
 .text.HardFault_Handler
                0x08006bde        0x4 Projects/PingPong/mlm32l0xx_it.o
                0x08006bde                HardFault_Handler
 .text.SVC_Handler
                0x08006be2        0x2 Projects/PingPong/mlm32l0xx_it.o
                0x08006be2                SVC_Handler
 .text.PendSV_Handler
                0x08006be4        0x2 Projects/PingPong/mlm32l0xx_it.o
                0x08006be4                PendSV_Handler
 .text.SysTick_Handler
                0x08006be6        0x8 Projects/PingPong/mlm32l0xx_it.o
                0x08006be6                SysTick_Handler
 .text.USART2_IRQHandler
                0x08006bee        0x8 Projects/PingPong/mlm32l0xx_it.o
                0x08006bee                USART2_IRQHandler
 .text.RTC_IRQHandler
                0x08006bf6        0x8 Projects/PingPong/mlm32l0xx_it.o
                0x08006bf6                RTC_IRQHandler
 .text.EXTI0_1_IRQHandler
                0x08006bfe       0x10 Projects/PingPong/mlm32l0xx_it.o
                0x08006bfe                EXTI0_1_IRQHandler
 .text.EXTI2_3_IRQHandler
                0x08006c0e       0x10 Projects/PingPong/mlm32l0xx_it.o
                0x08006c0e                EXTI2_3_IRQHandler
 .text.EXTI4_15_IRQHandler
                0x08006c1e       0x5c Projects/PingPong/mlm32l0xx_it.o
                0x08006c1e                EXTI4_15_IRQHandler
 *fill*         0x08006c7a        0x2 
 .text.vcom_Init
                0x08006c7c       0x44 Projects/PingPong/vcom.o
                0x08006c7c                vcom_Init
 .text.vcom_DeInit
                0x08006cc0       0x10 Projects/PingPong/vcom.o
                0x08006cc0                vcom_DeInit
 .text.vcom_Send
                0x08006cd0       0x8c Projects/PingPong/vcom.o
                0x08006cd0                vcom_Send
 .text.vcom_Print
                0x08006d5c       0x6c Projects/PingPong/vcom.o
                0x08006d5c                vcom_Print
 .text.vcom_IoInit
                0x08006dc8       0x60 Projects/PingPong/vcom.o
                0x08006dc8                vcom_IoInit
 .text.HAL_UART_MspInit
                0x08006e28       0x18 Projects/PingPong/vcom.o
                0x08006e28                HAL_UART_MspInit
 .text.vcom_IoDeInit
                0x08006e40       0x58 Projects/PingPong/vcom.o
                0x08006e40                vcom_IoDeInit
 .text.HAL_UART_MspDeInit
                0x08006e98        0x8 Projects/PingPong/vcom.o
                0x08006e98                HAL_UART_MspDeInit
 .text.Reset_Handler
                0x08006ea0       0x50 Projects/SW4STM32/startup_stm32l072xx.o
                0x08006ea0                Reset_Handler
 .text.Default_Handler
                0x08006ef0        0x2 Projects/SW4STM32/startup_stm32l072xx.o
                0x08006ef0                TSC_IRQHandler
                0x08006ef0                ADC1_COMP_IRQHandler
                0x08006ef0                PVD_IRQHandler
                0x08006ef0                I2C1_IRQHandler
                0x08006ef0                RCC_CRS_IRQHandler
                0x08006ef0                SPI1_IRQHandler
                0x08006ef0                TIM6_DAC_IRQHandler
                0x08006ef0                I2C2_IRQHandler
                0x08006ef0                DMA1_Channel4_5_6_7_IRQHandler
                0x08006ef0                TIM3_IRQHandler
                0x08006ef0                DMA1_Channel1_IRQHandler
                0x08006ef0                USART4_5_IRQHandler
                0x08006ef0                Default_Handler
                0x08006ef0                TIM22_IRQHandler
                0x08006ef0                TIM7_IRQHandler
                0x08006ef0                USB_IRQHandler
                0x08006ef0                I2C3_IRQHandler
                0x08006ef0                SPI2_IRQHandler
                0x08006ef0                TIM21_IRQHandler
                0x08006ef0                WWDG_IRQHandler
                0x08006ef0                TIM2_IRQHandler
                0x08006ef0                DMA1_Channel2_3_IRQHandler
                0x08006ef0                FLASH_IRQHandler
                0x08006ef0                USART1_IRQHandler
                0x08006ef0                RNG_LPUART1_IRQHandler
                0x08006ef0                LPTIM1_IRQHandler
 *fill*         0x08006ef2        0x2 
 .text.ceil     0x08006ef4      0x12c c:/program files (x86)/atollic/truestudio for arm 8.0.0/ide/plugins/fr.ac6.mcu.externaltools.arm-none.win32_1.15.0.201708311556/tools/compiler/bin/../lib/gcc/arm-none-eabi/6.3.1/../../../../arm-none-eabi/lib/thumb/v6-m\libm.a(lib_a-s_ceil.o)
                0x08006ef4                ceil
 .text.floor    0x08007020      0x130 c:/program files (x86)/atollic/truestudio for arm 8.0.0/ide/plugins/fr.ac6.mcu.externaltools.arm-none.win32_1.15.0.201708311556/tools/compiler/bin/../lib/gcc/arm-none-eabi/6.3.1/../../../../arm-none-eabi/lib/thumb/v6-m\libm.a(lib_a-s_floor.o)
                0x08007020                floor
 .text.round    0x08007150       0xac c:/program files (x86)/atollic/truestudio for arm 8.0.0/ide/plugins/fr.ac6.mcu.externaltools.arm-none.win32_1.15.0.201708311556/tools/compiler/bin/../lib/gcc/arm-none-eabi/6.3.1/../../../../arm-none-eabi/lib/thumb/v6-m\libm.a(lib_a-s_round.o)
                0x08007150                round
 .text.__libc_init_array
                0x080071fc       0x48 c:/program files (x86)/atollic/truestudio for arm 8.0.0/ide/plugins/fr.ac6.mcu.externaltools.arm-none.win32_1.15.0.201708311556/tools/compiler/bin/../lib/gcc/arm-none-eabi/6.3.1/../../../../arm-none-eabi/lib/thumb/v6-m\libc_nano.a(lib_a-init.o)
                0x080071fc                __libc_init_array
 .text.memcpy   0x08007244       0x12 c:/program files (x86)/atollic/truestudio for arm 8.0.0/ide/plugins/fr.ac6.mcu.externaltools.arm-none.win32_1.15.0.201708311556/tools/compiler/bin/../lib/gcc/arm-none-eabi/6.3.1/../../../../arm-none-eabi/lib/thumb/v6-m\libc_nano.a(lib_a-memcpy-stub.o)
                0x08007244                memcpy
 .text.memset   0x08007256       0x10 c:/program files (x86)/atollic/truestudio for arm 8.0.0/ide/plugins/fr.ac6.mcu.externaltools.arm-none.win32_1.15.0.201708311556/tools/compiler/bin/../lib/gcc/arm-none-eabi/6.3.1/../../../../arm-none-eabi/lib/thumb/v6-m\libc_nano.a(lib_a-memset.o)
                0x08007256                memset
 .text.strncmp  0x08007266       0x22 c:/program files (x86)/atollic/truestudio for arm 8.0.0/ide/plugins/fr.ac6.mcu.externaltools.arm-none.win32_1.15.0.201708311556/tools/compiler/bin/../lib/gcc/arm-none-eabi/6.3.1/../../../../arm-none-eabi/lib/thumb/v6-m\libc_nano.a(lib_a-strncmp.o)
                0x08007266                strncmp
 .text._vsprintf_r
                0x08007288       0x30 c:/program files (x86)/atollic/truestudio for arm 8.0.0/ide/plugins/fr.ac6.mcu.externaltools.arm-none.win32_1.15.0.201708311556/tools/compiler/bin/../lib/gcc/arm-none-eabi/6.3.1/../../../../arm-none-eabi/lib/thumb/v6-m\libc_nano.a(lib_a-vsprintf.o)
                0x08007288                _vsprintf_r
                0x08007288                _vsiprintf_r
 .text.vsprintf
                0x080072b8       0x18 c:/program files (x86)/atollic/truestudio for arm 8.0.0/ide/plugins/fr.ac6.mcu.externaltools.arm-none.win32_1.15.0.201708311556/tools/compiler/bin/../lib/gcc/arm-none-eabi/6.3.1/../../../../arm-none-eabi/lib/thumb/v6-m\libc_nano.a(lib_a-vsprintf.o)
                0x080072b8                vsiprintf
                0x080072b8                vsprintf
 .text.__ssputs_r
                0x080072d0       0xc4 c:/program files (x86)/atollic/truestudio for arm 8.0.0/ide/plugins/fr.ac6.mcu.externaltools.arm-none.win32_1.15.0.201708311556/tools/compiler/bin/../lib/gcc/arm-none-eabi/6.3.1/../../../../arm-none-eabi/lib/thumb/v6-m\libc_nano.a(lib_a-nano-svfprintf.o)
                0x080072d0                __ssputs_r
 .text._svfprintf_r
                0x08007394      0x208 c:/program files (x86)/atollic/truestudio for arm 8.0.0/ide/plugins/fr.ac6.mcu.externaltools.arm-none.win32_1.15.0.201708311556/tools/compiler/bin/../lib/gcc/arm-none-eabi/6.3.1/../../../../arm-none-eabi/lib/thumb/v6-m\libc_nano.a(lib_a-nano-svfprintf.o)
                0x08007394                _svfiprintf_r
                0x08007394                _svfprintf_r
 .text._printf_common
                0x0800759c       0xda c:/program files (x86)/atollic/truestudio for arm 8.0.0/ide/plugins/fr.ac6.mcu.externaltools.arm-none.win32_1.15.0.201708311556/tools/compiler/bin/../lib/gcc/arm-none-eabi/6.3.1/../../../../arm-none-eabi/lib/thumb/v6-m\libc_nano.a(lib_a-nano-vfprintf_i.o)
                0x0800759c                _printf_common
 *fill*         0x08007676        0x2 
 .text._printf_i
                0x08007678      0x234 c:/program files (x86)/atollic/truestudio for arm 8.0.0/ide/plugins/fr.ac6.mcu.externaltools.arm-none.win32_1.15.0.201708311556/tools/compiler/bin/../lib/gcc/arm-none-eabi/6.3.1/../../../../arm-none-eabi/lib/thumb/v6-m\libc_nano.a(lib_a-nano-vfprintf_i.o)
                0x08007678                _printf_i
 .text.memchr   0x080078ac       0x16 c:/program files (x86)/atollic/truestudio for arm 8.0.0/ide/plugins/fr.ac6.mcu.externaltools.arm-none.win32_1.15.0.201708311556/tools/compiler/bin/../lib/gcc/arm-none-eabi/6.3.1/../../../../arm-none-eabi/lib/thumb/v6-m\libc_nano.a(lib_a-memchr-stub.o)
                0x080078ac                memchr
 .text.memmove  0x080078c2       0x24 c:/program files (x86)/atollic/truestudio for arm 8.0.0/ide/plugins/fr.ac6.mcu.externaltools.arm-none.win32_1.15.0.201708311556/tools/compiler/bin/../lib/gcc/arm-none-eabi/6.3.1/../../../../arm-none-eabi/lib/thumb/v6-m\libc_nano.a(lib_a-memmove.o)
                0x080078c2                memmove
 *fill*         0x080078e6        0x2 
 .text._free_r  0x080078e8       0x94 c:/program files (x86)/atollic/truestudio for arm 8.0.0/ide/plugins/fr.ac6.mcu.externaltools.arm-none.win32_1.15.0.201708311556/tools/compiler/bin/../lib/gcc/arm-none-eabi/6.3.1/../../../../arm-none-eabi/lib/thumb/v6-m\libc_nano.a(lib_a-nano-freer.o)
                0x080078e8                _free_r
 .text._malloc_r
                0x0800797c       0xbc c:/program files (x86)/atollic/truestudio for arm 8.0.0/ide/plugins/fr.ac6.mcu.externaltools.arm-none.win32_1.15.0.201708311556/tools/compiler/bin/../lib/gcc/arm-none-eabi/6.3.1/../../../../arm-none-eabi/lib/thumb/v6-m\libc_nano.a(lib_a-nano-mallocr.o)
                0x0800797c                _malloc_r
 .text._realloc_r
                0x08007a38       0x4c c:/program files (x86)/atollic/truestudio for arm 8.0.0/ide/plugins/fr.ac6.mcu.externaltools.arm-none.win32_1.15.0.201708311556/tools/compiler/bin/../lib/gcc/arm-none-eabi/6.3.1/../../../../arm-none-eabi/lib/thumb/v6-m\libc_nano.a(lib_a-nano-reallocr.o)
                0x08007a38                _realloc_r
 .text._sbrk_r  0x08007a84       0x24 c:/program files (x86)/atollic/truestudio for arm 8.0.0/ide/plugins/fr.ac6.mcu.externaltools.arm-none.win32_1.15.0.201708311556/tools/compiler/bin/../lib/gcc/arm-none-eabi/6.3.1/../../../../arm-none-eabi/lib/thumb/v6-m\libc_nano.a(lib_a-sbrkr.o)
                0x08007a84                _sbrk_r
 .text.__malloc_lock
                0x08007aa8        0x2 c:/program files (x86)/atollic/truestudio for arm 8.0.0/ide/plugins/fr.ac6.mcu.externaltools.arm-none.win32_1.15.0.201708311556/tools/compiler/bin/../lib/gcc/arm-none-eabi/6.3.1/../../../../arm-none-eabi/lib/thumb/v6-m\libc_nano.a(lib_a-mlock.o)
                0x08007aa8                __malloc_lock
 .text.__malloc_unlock
                0x08007aaa        0x2 c:/program files (x86)/atollic/truestudio for arm 8.0.0/ide/plugins/fr.ac6.mcu.externaltools.arm-none.win32_1.15.0.201708311556/tools/compiler/bin/../lib/gcc/arm-none-eabi/6.3.1/../../../../arm-none-eabi/lib/thumb/v6-m\libc_nano.a(lib_a-mlock.o)
                0x08007aaa                __malloc_unlock
 .text._malloc_usable_size_r
                0x08007aac       0x10 c:/program files (x86)/atollic/truestudio for arm 8.0.0/ide/plugins/fr.ac6.mcu.externaltools.arm-none.win32_1.15.0.201708311556/tools/compiler/bin/../lib/gcc/arm-none-eabi/6.3.1/../../../../arm-none-eabi/lib/thumb/v6-m\libc_nano.a(lib_a-nano-msizer.o)
                0x08007aac                _malloc_usable_size_r
 .text._sbrk    0x08007abc       0x1c c:/program files (x86)/atollic/truestudio for arm 8.0.0/ide/plugins/fr.ac6.mcu.externaltools.arm-none.win32_1.15.0.201708311556/tools/compiler/bin/../lib/gcc/arm-none-eabi/6.3.1/../../../../arm-none-eabi/lib/thumb/v6-m\libnosys.a(sbrk.o)
                0x08007abc                _sbrk
 *(.glue_7)
 .glue_7        0x08007ad8        0x0 linker stubs
 *(.glue_7t)
 .glue_7t       0x08007ad8        0x0 linker stubs
 *(.eh_frame)
 .eh_frame      0x08007ad8        0x0 c:/program files (x86)/atollic/truestudio for arm 8.0.0/ide/plugins/fr.ac6.mcu.externaltools.arm-none.win32_1.15.0.201708311556/tools/compiler/bin/../lib/gcc/arm-none-eabi/6.3.1/thumb/v6-m/crtbegin.o
 *(.init)
 .init          0x08007ad8        0x4 c:/program files (x86)/atollic/truestudio for arm 8.0.0/ide/plugins/fr.ac6.mcu.externaltools.arm-none.win32_1.15.0.201708311556/tools/compiler/bin/../lib/gcc/arm-none-eabi/6.3.1/thumb/v6-m/crti.o
                0x08007ad8                _init
 .init          0x08007adc        0x8 c:/program files (x86)/atollic/truestudio for arm 8.0.0/ide/plugins/fr.ac6.mcu.externaltools.arm-none.win32_1.15.0.201708311556/tools/compiler/bin/../lib/gcc/arm-none-eabi/6.3.1/thumb/v6-m/crtn.o
 *(.fini)
 .fini          0x08007ae4        0x4 c:/program files (x86)/atollic/truestudio for arm 8.0.0/ide/plugins/fr.ac6.mcu.externaltools.arm-none.win32_1.15.0.201708311556/tools/compiler/bin/../lib/gcc/arm-none-eabi/6.3.1/thumb/v6-m/crti.o
                0x08007ae4                _fini
 .fini          0x08007ae8        0x8 c:/program files (x86)/atollic/truestudio for arm 8.0.0/ide/plugins/fr.ac6.mcu.externaltools.arm-none.win32_1.15.0.201708311556/tools/compiler/bin/../lib/gcc/arm-none-eabi/6.3.1/thumb/v6-m/crtn.o
                0x08007af0                . = ALIGN (0x4)
                0x08007af0                _etext = .

.vfp11_veneer   0x08007af0        0x0
 .vfp11_veneer  0x08007af0        0x0 linker stubs

.v4_bx          0x08007af0        0x0
 .v4_bx         0x08007af0        0x0 linker stubs

.iplt           0x08007af0        0x0
 .iplt          0x08007af0        0x0 c:/program files (x86)/atollic/truestudio for arm 8.0.0/ide/plugins/fr.ac6.mcu.externaltools.arm-none.win32_1.15.0.201708311556/tools/compiler/bin/../lib/gcc/arm-none-eabi/6.3.1/thumb/v6-m/crtbegin.o

.rodata         0x08007af0      0x308
                0x08007af0                . = ALIGN (0x4)
 *(.rodata)
 .rodata        0x08007af0        0xc Drivers/BSP/B_L072Z_LRWAN1/b-l072z-lrwan1.o
                0x08007af0                LED_PIN
                0x08007af8                BUTTON_IRQn
                0x08007afa                BUTTON_PIN
 *fill*         0x08007afc        0x4 
 .rodata        0x08007b00       0xf8 Drivers/BSP/Components/sx1276.o
                0x08007b00                FskBandwidths
                0x08007bc8                RadioRegsInit
 .rodata        0x08007bf8       0x68 Drivers/BSP/MLM32L07X01/mlm32l07x01.o
                0x08007bf8                Radio
 .rodata        0x08007c60       0x21 Drivers/CMSIS/system_stm32l0xx.o
                0x08007c60                PLLMulTable
                0x08007c69                AHBPrescTable
                0x08007c79                APBPrescTable
 .rodata        0x08007c81       0x11 Drivers/STM32L0xx_HAL_Driver/stm32l0xx_hal_uart.o
 .rodata        0x08007c92       0x18 Projects/PingPong/hw_rtc.o
 .rodata        0x08007caa        0xa Projects/PingPong/main.o
                0x08007caa                PongMsg
                0x08007caf                PingMsg
 .rodata        0x08007cb4       0x40 c:/program files (x86)/atollic/truestudio for arm 8.0.0/ide/plugins/fr.ac6.mcu.externaltools.arm-none.win32_1.15.0.201708311556/tools/compiler/bin/../lib/gcc/arm-none-eabi/6.3.1/thumb/v6-m\libgcc.a(divdf3.o)
 .rodata        0x08007cf4       0x40 c:/program files (x86)/atollic/truestudio for arm 8.0.0/ide/plugins/fr.ac6.mcu.externaltools.arm-none.win32_1.15.0.201708311556/tools/compiler/bin/../lib/gcc/arm-none-eabi/6.3.1/thumb/v6-m\libgcc.a(muldf3.o)
 *(.rodata*)
 .rodata.str1.1
                0x08007d34       0x1e Drivers/BSP/Components/sx1276.o
 .rodata.cst1   0x08007d52        0x1 Drivers/BSP/MLM32L07X01/mlm32l07x01.o
 .rodata.str1.1
                0x08007d53       0x72 Projects/PingPong/main.o
 .rodata._svfprintf_r.str1.1
                0x08007dc5       0x11 c:/program files (x86)/atollic/truestudio for arm 8.0.0/ide/plugins/fr.ac6.mcu.externaltools.arm-none.win32_1.15.0.201708311556/tools/compiler/bin/../lib/gcc/arm-none-eabi/6.3.1/../../../../arm-none-eabi/lib/thumb/v6-m\libc_nano.a(lib_a-nano-svfprintf.o)
 .rodata._printf_i.str1.1
                0x08007dd6       0x22 c:/program files (x86)/atollic/truestudio for arm 8.0.0/ide/plugins/fr.ac6.mcu.externaltools.arm-none.win32_1.15.0.201708311556/tools/compiler/bin/../lib/gcc/arm-none-eabi/6.3.1/../../../../arm-none-eabi/lib/thumb/v6-m\libc_nano.a(lib_a-nano-vfprintf_i.o)
                0x08007df8                . = ALIGN (0x4)

.ARM.extab
 *(.ARM.extab* .gnu.linkonce.armextab.*)

.ARM            0x08007df8        0x8
                0x08007df8                __exidx_start = .
 *(.ARM.exidx*)
 .ARM.exidx     0x08007df8        0x8 c:/program files (x86)/atollic/truestudio for arm 8.0.0/ide/plugins/fr.ac6.mcu.externaltools.arm-none.win32_1.15.0.201708311556/tools/compiler/bin/../lib/gcc/arm-none-eabi/6.3.1/thumb/v6-m\libgcc.a(_udivmoddi4.o)
                0x08007e00                __exidx_end = .

.rel.dyn        0x08007e00        0x0
 .rel.iplt      0x08007e00        0x0 c:/program files (x86)/atollic/truestudio for arm 8.0.0/ide/plugins/fr.ac6.mcu.externaltools.arm-none.win32_1.15.0.201708311556/tools/compiler/bin/../lib/gcc/arm-none-eabi/6.3.1/thumb/v6-m/crtbegin.o

.preinit_array  0x08007e00        0x0
                0x08007e00                PROVIDE (__preinit_array_start, .)
 *(.preinit_array*)
                0x08007e00                PROVIDE (__preinit_array_end, .)

.init_array     0x08007e00        0x4
                0x08007e00                PROVIDE (__init_array_start, .)
 *(SORT(.init_array.*))
 *(.init_array*)
 .init_array    0x08007e00        0x4 c:/program files (x86)/atollic/truestudio for arm 8.0.0/ide/plugins/fr.ac6.mcu.externaltools.arm-none.win32_1.15.0.201708311556/tools/compiler/bin/../lib/gcc/arm-none-eabi/6.3.1/thumb/v6-m/crtbegin.o
                0x08007e04                PROVIDE (__init_array_end, .)

.fini_array     0x08007e04        0x4
                [!provide]                PROVIDE (__fini_array_start, .)
 *(SORT(.fini_array.*))
 *(.fini_array*)
 .fini_array    0x08007e04        0x4 c:/program files (x86)/atollic/truestudio for arm 8.0.0/ide/plugins/fr.ac6.mcu.externaltools.arm-none.win32_1.15.0.201708311556/tools/compiler/bin/../lib/gcc/arm-none-eabi/6.3.1/thumb/v6-m/crtbegin.o
                [!provide]                PROVIDE (__fini_array_end, .)
                0x08007e08                _sidata = LOADADDR (.data)

.data           0x20000000       0xb0 load address 0x08007e08
                0x20000000                . = ALIGN (0x4)
                0x20000000                _sdata = .
 *(.data)
 .data          0x20000000       0x14 Drivers/BSP/B_L072Z_LRWAN1/b-l072z-lrwan1.o
                0x20000000                LED_PORT
                0x20000010                BUTTON_PORT
 .data          0x20000014       0x18 Drivers/BSP/Components/sx1276.o
                0x20000014                DioIrq
 .data          0x2000002c       0x18 Drivers/BSP/MLM32L07X01/mlm32l07x01.o
 .data          0x20000044        0x4 Drivers/CMSIS/system_stm32l0xx.o
                0x20000044                SystemCoreClock
 .data          0x20000048        0x2 Projects/PingPong/main.o
                0x20000048                BufferSize
 *(.data*)
 *fill*         0x2000004a        0x2 
 .data._impure_ptr
                0x2000004c        0x4 c:/program files (x86)/atollic/truestudio for arm 8.0.0/ide/plugins/fr.ac6.mcu.externaltools.arm-none.win32_1.15.0.201708311556/tools/compiler/bin/../lib/gcc/arm-none-eabi/6.3.1/../../../../arm-none-eabi/lib/thumb/v6-m\libc_nano.a(lib_a-impure.o)
                0x2000004c                _impure_ptr
 .data.impure_data
                0x20000050       0x60 c:/program files (x86)/atollic/truestudio for arm 8.0.0/ide/plugins/fr.ac6.mcu.externaltools.arm-none.win32_1.15.0.201708311556/tools/compiler/bin/../lib/gcc/arm-none-eabi/6.3.1/../../../../arm-none-eabi/lib/thumb/v6-m\libc_nano.a(lib_a-impure.o)
                0x200000b0                . = ALIGN (0x4)
                0x200000b0                _edata = .

.jcr            0x200000b0        0x0 load address 0x08007eb8
 .jcr           0x200000b0        0x0 c:/program files (x86)/atollic/truestudio for arm 8.0.0/ide/plugins/fr.ac6.mcu.externaltools.arm-none.win32_1.15.0.201708311556/tools/compiler/bin/../lib/gcc/arm-none-eabi/6.3.1/thumb/v6-m/crtbegin.o

.igot.plt       0x200000b0        0x0 load address 0x08007eb8
 .igot.plt      0x200000b0        0x0 c:/program files (x86)/atollic/truestudio for arm 8.0.0/ide/plugins/fr.ac6.mcu.externaltools.arm-none.win32_1.15.0.201708311556/tools/compiler/bin/../lib/gcc/arm-none-eabi/6.3.1/thumb/v6-m/crtbegin.o
                0x200000b0                . = ALIGN (0x4)

.bss            0x200000b0      0x540 load address 0x08007eb8
                0x200000b0                _sbss = .
                0x200000b0                __bss_start__ = _sbss
 *(.bss)
 .bss           0x200000b0       0x1c c:/program files (x86)/atollic/truestudio for arm 8.0.0/ide/plugins/fr.ac6.mcu.externaltools.arm-none.win32_1.15.0.201708311556/tools/compiler/bin/../lib/gcc/arm-none-eabi/6.3.1/thumb/v6-m/crtbegin.o
 .bss           0x200000cc      0x109 Drivers/BSP/Components/sx1276.o
 *fill*         0x200001d5        0x3 
 .bss           0x200001d8        0x4 Middlewares/Lora/Utilities/low_power.o
 .bss           0x200001dc        0x4 Middlewares/Lora/Utilities/timeServer.o
 .bss           0x200001e0       0x40 Projects/PingPong/hw_gpio.o
 .bss           0x20000220       0x71 Projects/PingPong/hw_rtc.o
 *fill*         0x20000291        0x3 
 .bss           0x20000294       0x58 Projects/PingPong/hw_spi.o
 .bss           0x200002ec       0x34 Projects/PingPong/main.o
                0x20000300                State
                0x20000301                RssiValue
                0x20000302                SnrValue
 .bss           0x20000320       0x64 Projects/PingPong/mlm32l0xx_hw.o
 .bss           0x20000384      0x174 Projects/PingPong/vcom.o
                0x200003f4                iw
 *(.bss*)
 .bss.__malloc_free_list
                0x200004f8        0x4 c:/program files (x86)/atollic/truestudio for arm 8.0.0/ide/plugins/fr.ac6.mcu.externaltools.arm-none.win32_1.15.0.201708311556/tools/compiler/bin/../lib/gcc/arm-none-eabi/6.3.1/../../../../arm-none-eabi/lib/thumb/v6-m\libc_nano.a(lib_a-nano-mallocr.o)
                0x200004f8                __malloc_free_list
 .bss.__malloc_sbrk_start
                0x200004fc        0x4 c:/program files (x86)/atollic/truestudio for arm 8.0.0/ide/plugins/fr.ac6.mcu.externaltools.arm-none.win32_1.15.0.201708311556/tools/compiler/bin/../lib/gcc/arm-none-eabi/6.3.1/../../../../arm-none-eabi/lib/thumb/v6-m\libc_nano.a(lib_a-nano-mallocr.o)
                0x200004fc                __malloc_sbrk_start
 .bss.heap_end.4116
                0x20000500        0x4 c:/program files (x86)/atollic/truestudio for arm 8.0.0/ide/plugins/fr.ac6.mcu.externaltools.arm-none.win32_1.15.0.201708311556/tools/compiler/bin/../lib/gcc/arm-none-eabi/6.3.1/../../../../arm-none-eabi/lib/thumb/v6-m\libnosys.a(sbrk.o)
 *(COMMON)
 COMMON         0x20000504       0xa4 Drivers/BSP/Components/sx1276.o
                0x20000504                TxTimeoutTimer
                0x20000518                RxTimeoutSyncWord
                0x2000052c                SX1276
                0x20000594                RxTimeoutTimer
 COMMON         0x200005a8        0x4 Drivers/STM32L0xx_HAL_Driver/stm32l0xx_hal.o
                0x200005a8                uwTick
 COMMON         0x200005ac       0x40 Projects/PingPong/main.o
                0x200005ac                Buffer
 COMMON         0x200005ec        0x4 c:/program files (x86)/atollic/truestudio for arm 8.0.0/ide/plugins/fr.ac6.mcu.externaltools.arm-none.win32_1.15.0.201708311556/tools/compiler/bin/../lib/gcc/arm-none-eabi/6.3.1/../../../../arm-none-eabi/lib/thumb/v6-m\libc_nano.a(lib_a-reent.o)
                0x200005ec                errno
                0x200005f0                . = ALIGN (0x4)
                0x200005f0                _ebss = .
                0x200005f0                __bss_end__ = _ebss

._user_heap_stack
                0x200005f0      0x600 load address 0x08007eb8
                0x200005f0                . = ALIGN (0x8)
                0x200005f0                PROVIDE (end, .)
                [!provide]                PROVIDE (_end, .)
                0x200007f0                . = (. + _Min_Heap_Size)
 *fill*         0x200005f0      0x200 
                0x20000bf0                . = (. + _Min_Stack_Size)
 *fill*         0x200007f0      0x400 
                0x20000bf0                . = ALIGN (0x8)

/DISCARD/
 libc.a(*)
 libm.a(*)
 libgcc.a(*)

.ARM.attributes
                0x00000000       0x28
 *(.ARM.attributes)
 .ARM.attributes
                0x00000000       0x1e c:/program files (x86)/atollic/truestudio for arm 8.0.0/ide/plugins/fr.ac6.mcu.externaltools.arm-none.win32_1.15.0.201708311556/tools/compiler/bin/../lib/gcc/arm-none-eabi/6.3.1/thumb/v6-m/crti.o
 .ARM.attributes
                0x0000001e       0x2c c:/program files (x86)/atollic/truestudio for arm 8.0.0/ide/plugins/fr.ac6.mcu.externaltools.arm-none.win32_1.15.0.201708311556/tools/compiler/bin/../lib/gcc/arm-none-eabi/6.3.1/thumb/v6-m/crtbegin.o
 .ARM.attributes
                0x0000004a       0x32 Drivers/BSP/B_L072Z_LRWAN1/b-l072z-lrwan1.o
 .ARM.attributes
                0x0000007c       0x32 Drivers/BSP/Components/sx1276.o
 .ARM.attributes
                0x000000ae       0x32 Drivers/BSP/MLM32L07X01/mlm32l07x01.o
 .ARM.attributes
                0x000000e0       0x32 Drivers/CMSIS/system_stm32l0xx.o
 .ARM.attributes
                0x00000112       0x32 Drivers/STM32L0xx_HAL_Driver/stm32l0xx_hal.o
 .ARM.attributes
                0x00000144       0x32 Drivers/STM32L0xx_HAL_Driver/stm32l0xx_hal_adc.o
 .ARM.attributes
                0x00000176       0x32 Drivers/STM32L0xx_HAL_Driver/stm32l0xx_hal_cortex.o
 .ARM.attributes
                0x000001a8       0x32 Drivers/STM32L0xx_HAL_Driver/stm32l0xx_hal_gpio.o
 .ARM.attributes
                0x000001da       0x32 Drivers/STM32L0xx_HAL_Driver/stm32l0xx_hal_pwr.o
 .ARM.attributes
                0x0000020c       0x32 Drivers/STM32L0xx_HAL_Driver/stm32l0xx_hal_pwr_ex.o
 .ARM.attributes
                0x0000023e       0x32 Drivers/STM32L0xx_HAL_Driver/stm32l0xx_hal_rcc.o
 .ARM.attributes
                0x00000270       0x32 Drivers/STM32L0xx_HAL_Driver/stm32l0xx_hal_rcc_ex.o
 .ARM.attributes
                0x000002a2       0x32 Drivers/STM32L0xx_HAL_Driver/stm32l0xx_hal_rtc.o
 .ARM.attributes
                0x000002d4       0x32 Drivers/STM32L0xx_HAL_Driver/stm32l0xx_hal_rtc_ex.o
 .ARM.attributes
                0x00000306       0x32 Drivers/STM32L0xx_HAL_Driver/stm32l0xx_hal_spi.o
 .ARM.attributes
                0x00000338       0x32 Drivers/STM32L0xx_HAL_Driver/stm32l0xx_hal_uart.o
 .ARM.attributes
                0x0000036a       0x32 Middlewares/Lora/Utilities/delay.o
 .ARM.attributes
                0x0000039c       0x32 Middlewares/Lora/Utilities/low_power.o
 .ARM.attributes
                0x000003ce       0x32 Middlewares/Lora/Utilities/timeServer.o
 .ARM.attributes
                0x00000400       0x32 Middlewares/Lora/Utilities/utilities.o
 .ARM.attributes
                0x00000432       0x32 Projects/PingPong/debug.o
 .ARM.attributes
                0x00000464       0x32 Projects/PingPong/hw_gpio.o
 .ARM.attributes
                0x00000496       0x32 Projects/PingPong/hw_rtc.o
 .ARM.attributes
                0x000004c8       0x32 Projects/PingPong/hw_spi.o
 .ARM.attributes
                0x000004fa       0x32 Projects/PingPong/main.o
 .ARM.attributes
                0x0000052c       0x32 Projects/PingPong/mlm32l0xx_hal_msp.o
 .ARM.attributes
                0x0000055e       0x32 Projects/PingPong/mlm32l0xx_hw.o
 .ARM.attributes
                0x00000590       0x32 Projects/PingPong/mlm32l0xx_it.o
 .ARM.attributes
                0x000005c2       0x32 Projects/PingPong/vcom.o
 .ARM.attributes
                0x000005f4       0x22 Projects/SW4STM32/startup_stm32l072xx.o
 .ARM.attributes
                0x00000616       0x2c c:/program files (x86)/atollic/truestudio for arm 8.0.0/ide/plugins/fr.ac6.mcu.externaltools.arm-none.win32_1.15.0.201708311556/tools/compiler/bin/../lib/gcc/arm-none-eabi/6.3.1/../../../../arm-none-eabi/lib/thumb/v6-m\libm.a(lib_a-s_ceil.o)
 .ARM.attributes
                0x00000642       0x2c c:/program files (x86)/atollic/truestudio for arm 8.0.0/ide/plugins/fr.ac6.mcu.externaltools.arm-none.win32_1.15.0.201708311556/tools/compiler/bin/../lib/gcc/arm-none-eabi/6.3.1/../../../../arm-none-eabi/lib/thumb/v6-m\libm.a(lib_a-s_floor.o)
 .ARM.attributes
                0x0000066e       0x2c c:/program files (x86)/atollic/truestudio for arm 8.0.0/ide/plugins/fr.ac6.mcu.externaltools.arm-none.win32_1.15.0.201708311556/tools/compiler/bin/../lib/gcc/arm-none-eabi/6.3.1/../../../../arm-none-eabi/lib/thumb/v6-m\libm.a(lib_a-s_round.o)
 .ARM.attributes
                0x0000069a       0x1e c:/program files (x86)/atollic/truestudio for arm 8.0.0/ide/plugins/fr.ac6.mcu.externaltools.arm-none.win32_1.15.0.201708311556/tools/compiler/bin/../lib/gcc/arm-none-eabi/6.3.1/thumb/v6-m\libgcc.a(_thumb1_case_uqi.o)
 .ARM.attributes
                0x000006b8       0x1e c:/program files (x86)/atollic/truestudio for arm 8.0.0/ide/plugins/fr.ac6.mcu.externaltools.arm-none.win32_1.15.0.201708311556/tools/compiler/bin/../lib/gcc/arm-none-eabi/6.3.1/thumb/v6-m\libgcc.a(_udivsi3.o)
 .ARM.attributes
                0x000006d6       0x1e c:/program files (x86)/atollic/truestudio for arm 8.0.0/ide/plugins/fr.ac6.mcu.externaltools.arm-none.win32_1.15.0.201708311556/tools/compiler/bin/../lib/gcc/arm-none-eabi/6.3.1/thumb/v6-m\libgcc.a(_divsi3.o)
 .ARM.attributes
                0x000006f4       0x1e c:/program files (x86)/atollic/truestudio for arm 8.0.0/ide/plugins/fr.ac6.mcu.externaltools.arm-none.win32_1.15.0.201708311556/tools/compiler/bin/../lib/gcc/arm-none-eabi/6.3.1/thumb/v6-m\libgcc.a(_dvmd_tls.o)
 .ARM.attributes
                0x00000712       0x1e c:/program files (x86)/atollic/truestudio for arm 8.0.0/ide/plugins/fr.ac6.mcu.externaltools.arm-none.win32_1.15.0.201708311556/tools/compiler/bin/../lib/gcc/arm-none-eabi/6.3.1/thumb/v6-m\libgcc.a(_arm_cmpdf2.o)
 .ARM.attributes
                0x00000730       0x1e c:/program files (x86)/atollic/truestudio for arm 8.0.0/ide/plugins/fr.ac6.mcu.externaltools.arm-none.win32_1.15.0.201708311556/tools/compiler/bin/../lib/gcc/arm-none-eabi/6.3.1/thumb/v6-m\libgcc.a(_aeabi_uldivmod.o)
 .ARM.attributes
                0x0000074e       0x2c c:/program files (x86)/atollic/truestudio for arm 8.0.0/ide/plugins/fr.ac6.mcu.externaltools.arm-none.win32_1.15.0.201708311556/tools/compiler/bin/../lib/gcc/arm-none-eabi/6.3.1/thumb/v6-m\libgcc.a(_fixunsdfsi.o)
 .ARM.attributes
                0x0000077a       0x2c c:/program files (x86)/atollic/truestudio for arm 8.0.0/ide/plugins/fr.ac6.mcu.externaltools.arm-none.win32_1.15.0.201708311556/tools/compiler/bin/../lib/gcc/arm-none-eabi/6.3.1/thumb/v6-m\libgcc.a(_udivmoddi4.o)
 .ARM.attributes
                0x000007a6       0x2c c:/program files (x86)/atollic/truestudio for arm 8.0.0/ide/plugins/fr.ac6.mcu.externaltools.arm-none.win32_1.15.0.201708311556/tools/compiler/bin/../lib/gcc/arm-none-eabi/6.3.1/thumb/v6-m\libgcc.a(adddf3.o)
 .ARM.attributes
                0x000007d2       0x2c c:/program files (x86)/atollic/truestudio for arm 8.0.0/ide/plugins/fr.ac6.mcu.externaltools.arm-none.win32_1.15.0.201708311556/tools/compiler/bin/../lib/gcc/arm-none-eabi/6.3.1/thumb/v6-m\libgcc.a(divdf3.o)
 .ARM.attributes
                0x000007fe       0x2c c:/program files (x86)/atollic/truestudio for arm 8.0.0/ide/plugins/fr.ac6.mcu.externaltools.arm-none.win32_1.15.0.201708311556/tools/compiler/bin/../lib/gcc/arm-none-eabi/6.3.1/thumb/v6-m\libgcc.a(eqdf2.o)
 .ARM.attributes
                0x0000082a       0x2c c:/program files (x86)/atollic/truestudio for arm 8.0.0/ide/plugins/fr.ac6.mcu.externaltools.arm-none.win32_1.15.0.201708311556/tools/compiler/bin/../lib/gcc/arm-none-eabi/6.3.1/thumb/v6-m\libgcc.a(gedf2.o)
 .ARM.attributes
                0x00000856       0x2c c:/program files (x86)/atollic/truestudio for arm 8.0.0/ide/plugins/fr.ac6.mcu.externaltools.arm-none.win32_1.15.0.201708311556/tools/compiler/bin/../lib/gcc/arm-none-eabi/6.3.1/thumb/v6-m\libgcc.a(ledf2.o)
 .ARM.attributes
                0x00000882       0x2c c:/program files (x86)/atollic/truestudio for arm 8.0.0/ide/plugins/fr.ac6.mcu.externaltools.arm-none.win32_1.15.0.201708311556/tools/compiler/bin/../lib/gcc/arm-none-eabi/6.3.1/thumb/v6-m\libgcc.a(muldf3.o)
 .ARM.attributes
                0x000008ae       0x2c c:/program files (x86)/atollic/truestudio for arm 8.0.0/ide/plugins/fr.ac6.mcu.externaltools.arm-none.win32_1.15.0.201708311556/tools/compiler/bin/../lib/gcc/arm-none-eabi/6.3.1/thumb/v6-m\libgcc.a(subdf3.o)
 .ARM.attributes
                0x000008da       0x2c c:/program files (x86)/atollic/truestudio for arm 8.0.0/ide/plugins/fr.ac6.mcu.externaltools.arm-none.win32_1.15.0.201708311556/tools/compiler/bin/../lib/gcc/arm-none-eabi/6.3.1/thumb/v6-m\libgcc.a(fixdfsi.o)
 .ARM.attributes
                0x00000906       0x2c c:/program files (x86)/atollic/truestudio for arm 8.0.0/ide/plugins/fr.ac6.mcu.externaltools.arm-none.win32_1.15.0.201708311556/tools/compiler/bin/../lib/gcc/arm-none-eabi/6.3.1/thumb/v6-m\libgcc.a(floatsidf.o)
 .ARM.attributes
                0x00000932       0x2c c:/program files (x86)/atollic/truestudio for arm 8.0.0/ide/plugins/fr.ac6.mcu.externaltools.arm-none.win32_1.15.0.201708311556/tools/compiler/bin/../lib/gcc/arm-none-eabi/6.3.1/thumb/v6-m\libgcc.a(floatunsidf.o)
 .ARM.attributes
                0x0000095e       0x1e c:/program files (x86)/atollic/truestudio for arm 8.0.0/ide/plugins/fr.ac6.mcu.externaltools.arm-none.win32_1.15.0.201708311556/tools/compiler/bin/../lib/gcc/arm-none-eabi/6.3.1/thumb/v6-m\libgcc.a(_clzsi2.o)
 .ARM.attributes
                0x0000097c       0x1e c:/program files (x86)/atollic/truestudio for arm 8.0.0/ide/plugins/fr.ac6.mcu.externaltools.arm-none.win32_1.15.0.201708311556/tools/compiler/bin/../lib/gcc/arm-none-eabi/6.3.1/thumb/v6-m\libgcc.a(_clzdi2.o)
 .ARM.attributes
                0x0000099a       0x2c c:/program files (x86)/atollic/truestudio for arm 8.0.0/ide/plugins/fr.ac6.mcu.externaltools.arm-none.win32_1.15.0.201708311556/tools/compiler/bin/../lib/gcc/arm-none-eabi/6.3.1/../../../../arm-none-eabi/lib/thumb/v6-m\libc_nano.a(lib_a-impure.o)
 .ARM.attributes
                0x000009c6       0x2c c:/program files (x86)/atollic/truestudio for arm 8.0.0/ide/plugins/fr.ac6.mcu.externaltools.arm-none.win32_1.15.0.201708311556/tools/compiler/bin/../lib/gcc/arm-none-eabi/6.3.1/../../../../arm-none-eabi/lib/thumb/v6-m\libc_nano.a(lib_a-init.o)
 .ARM.attributes
                0x000009f2       0x2c c:/program files (x86)/atollic/truestudio for arm 8.0.0/ide/plugins/fr.ac6.mcu.externaltools.arm-none.win32_1.15.0.201708311556/tools/compiler/bin/../lib/gcc/arm-none-eabi/6.3.1/../../../../arm-none-eabi/lib/thumb/v6-m\libc_nano.a(lib_a-memcpy-stub.o)
 .ARM.attributes
                0x00000a1e       0x2c c:/program files (x86)/atollic/truestudio for arm 8.0.0/ide/plugins/fr.ac6.mcu.externaltools.arm-none.win32_1.15.0.201708311556/tools/compiler/bin/../lib/gcc/arm-none-eabi/6.3.1/../../../../arm-none-eabi/lib/thumb/v6-m\libc_nano.a(lib_a-memset.o)
 .ARM.attributes
                0x00000a4a       0x2c c:/program files (x86)/atollic/truestudio for arm 8.0.0/ide/plugins/fr.ac6.mcu.externaltools.arm-none.win32_1.15.0.201708311556/tools/compiler/bin/../lib/gcc/arm-none-eabi/6.3.1/../../../../arm-none-eabi/lib/thumb/v6-m\libc_nano.a(lib_a-strncmp.o)
 .ARM.attributes
                0x00000a76       0x2c c:/program files (x86)/atollic/truestudio for arm 8.0.0/ide/plugins/fr.ac6.mcu.externaltools.arm-none.win32_1.15.0.201708311556/tools/compiler/bin/../lib/gcc/arm-none-eabi/6.3.1/../../../../arm-none-eabi/lib/thumb/v6-m\libc_nano.a(lib_a-vsprintf.o)
 .ARM.attributes
                0x00000aa2       0x2c c:/program files (x86)/atollic/truestudio for arm 8.0.0/ide/plugins/fr.ac6.mcu.externaltools.arm-none.win32_1.15.0.201708311556/tools/compiler/bin/../lib/gcc/arm-none-eabi/6.3.1/../../../../arm-none-eabi/lib/thumb/v6-m\libc_nano.a(lib_a-nano-svfprintf.o)
 .ARM.attributes
                0x00000ace       0x2c c:/program files (x86)/atollic/truestudio for arm 8.0.0/ide/plugins/fr.ac6.mcu.externaltools.arm-none.win32_1.15.0.201708311556/tools/compiler/bin/../lib/gcc/arm-none-eabi/6.3.1/../../../../arm-none-eabi/lib/thumb/v6-m\libc_nano.a(lib_a-nano-vfprintf_i.o)
 .ARM.attributes
                0x00000afa       0x2c c:/program files (x86)/atollic/truestudio for arm 8.0.0/ide/plugins/fr.ac6.mcu.externaltools.arm-none.win32_1.15.0.201708311556/tools/compiler/bin/../lib/gcc/arm-none-eabi/6.3.1/../../../../arm-none-eabi/lib/thumb/v6-m\libc_nano.a(lib_a-memchr-stub.o)
 .ARM.attributes
                0x00000b26       0x2c c:/program files (x86)/atollic/truestudio for arm 8.0.0/ide/plugins/fr.ac6.mcu.externaltools.arm-none.win32_1.15.0.201708311556/tools/compiler/bin/../lib/gcc/arm-none-eabi/6.3.1/../../../../arm-none-eabi/lib/thumb/v6-m\libc_nano.a(lib_a-memmove.o)
 .ARM.attributes
                0x00000b52       0x2c c:/program files (x86)/atollic/truestudio for arm 8.0.0/ide/plugins/fr.ac6.mcu.externaltools.arm-none.win32_1.15.0.201708311556/tools/compiler/bin/../lib/gcc/arm-none-eabi/6.3.1/../../../../arm-none-eabi/lib/thumb/v6-m\libc_nano.a(lib_a-nano-freer.o)
 .ARM.attributes
                0x00000b7e       0x2c c:/program files (x86)/atollic/truestudio for arm 8.0.0/ide/plugins/fr.ac6.mcu.externaltools.arm-none.win32_1.15.0.201708311556/tools/compiler/bin/../lib/gcc/arm-none-eabi/6.3.1/../../../../arm-none-eabi/lib/thumb/v6-m\libc_nano.a(lib_a-nano-mallocr.o)
 .ARM.attributes
                0x00000baa       0x2c c:/program files (x86)/atollic/truestudio for arm 8.0.0/ide/plugins/fr.ac6.mcu.externaltools.arm-none.win32_1.15.0.201708311556/tools/compiler/bin/../lib/gcc/arm-none-eabi/6.3.1/../../../../arm-none-eabi/lib/thumb/v6-m\libc_nano.a(lib_a-nano-reallocr.o)
 .ARM.attributes
                0x00000bd6       0x2c c:/program files (x86)/atollic/truestudio for arm 8.0.0/ide/plugins/fr.ac6.mcu.externaltools.arm-none.win32_1.15.0.201708311556/tools/compiler/bin/../lib/gcc/arm-none-eabi/6.3.1/../../../../arm-none-eabi/lib/thumb/v6-m\libc_nano.a(lib_a-sbrkr.o)
 .ARM.attributes
                0x00000c02       0x2c c:/program files (x86)/atollic/truestudio for arm 8.0.0/ide/plugins/fr.ac6.mcu.externaltools.arm-none.win32_1.15.0.201708311556/tools/compiler/bin/../lib/gcc/arm-none-eabi/6.3.1/../../../../arm-none-eabi/lib/thumb/v6-m\libc_nano.a(lib_a-mlock.o)
 .ARM.attributes
                0x00000c2e       0x2c c:/program files (x86)/atollic/truestudio for arm 8.0.0/ide/plugins/fr.ac6.mcu.externaltools.arm-none.win32_1.15.0.201708311556/tools/compiler/bin/../lib/gcc/arm-none-eabi/6.3.1/../../../../arm-none-eabi/lib/thumb/v6-m\libc_nano.a(lib_a-nano-msizer.o)
 .ARM.attributes
                0x00000c5a       0x2c c:/program files (x86)/atollic/truestudio for arm 8.0.0/ide/plugins/fr.ac6.mcu.externaltools.arm-none.win32_1.15.0.201708311556/tools/compiler/bin/../lib/gcc/arm-none-eabi/6.3.1/../../../../arm-none-eabi/lib/thumb/v6-m\libc_nano.a(lib_a-reent.o)
 .ARM.attributes
                0x00000c86       0x2c c:/program files (x86)/atollic/truestudio for arm 8.0.0/ide/plugins/fr.ac6.mcu.externaltools.arm-none.win32_1.15.0.201708311556/tools/compiler/bin/../lib/gcc/arm-none-eabi/6.3.1/../../../../arm-none-eabi/lib/thumb/v6-m\libnosys.a(sbrk.o)
 .ARM.attributes
                0x00000cb2       0x1e c:/program files (x86)/atollic/truestudio for arm 8.0.0/ide/plugins/fr.ac6.mcu.externaltools.arm-none.win32_1.15.0.201708311556/tools/compiler/bin/../lib/gcc/arm-none-eabi/6.3.1/thumb/v6-m/crtn.o
OUTPUT(mlm32l07x01.elf elf32-littlearm)

.debug_info     0x00000000    0x2453f
 .debug_info    0x00000000     0x1210 Drivers/BSP/B_L072Z_LRWAN1/b-l072z-lrwan1.o
 .debug_info    0x00001210     0x382c Drivers/BSP/Components/sx1276.o
 .debug_info    0x00004a3c     0x1966 Drivers/BSP/MLM32L07X01/mlm32l07x01.o
 .debug_info    0x000063a2      0xbb2 Drivers/CMSIS/system_stm32l0xx.o
 .debug_info    0x00006f54     0x101c Drivers/STM32L0xx_HAL_Driver/stm32l0xx_hal.o
 .debug_info    0x00007f70     0x1706 Drivers/STM32L0xx_HAL_Driver/stm32l0xx_hal_adc.o
 .debug_info    0x00009676     0x1165 Drivers/STM32L0xx_HAL_Driver/stm32l0xx_hal_cortex.o
 .debug_info    0x0000a7db      0xef2 Drivers/STM32L0xx_HAL_Driver/stm32l0xx_hal_gpio.o
 .debug_info    0x0000b6cd      0xe7d Drivers/STM32L0xx_HAL_Driver/stm32l0xx_hal_pwr.o
 .debug_info    0x0000c54a      0xa4c Drivers/STM32L0xx_HAL_Driver/stm32l0xx_hal_pwr_ex.o
 .debug_info    0x0000cf96     0x13e2 Drivers/STM32L0xx_HAL_Driver/stm32l0xx_hal_rcc.o
 .debug_info    0x0000e378     0x10e5 Drivers/STM32L0xx_HAL_Driver/stm32l0xx_hal_rcc_ex.o
 .debug_info    0x0000f45d     0x15cd Drivers/STM32L0xx_HAL_Driver/stm32l0xx_hal_rtc.o
 .debug_info    0x00010a2a     0x1827 Drivers/STM32L0xx_HAL_Driver/stm32l0xx_hal_rtc_ex.o
 .debug_info    0x00012251     0x1d9d Drivers/STM32L0xx_HAL_Driver/stm32l0xx_hal_spi.o
 .debug_info    0x00013fee     0x223c Drivers/STM32L0xx_HAL_Driver/stm32l0xx_hal_uart.o
 .debug_info    0x0001622a      0xa27 Middlewares/Lora/Utilities/delay.o
 .debug_info    0x00016c51      0xb69 Middlewares/Lora/Utilities/low_power.o
 .debug_info    0x000177ba     0x1000 Middlewares/Lora/Utilities/timeServer.o
 .debug_info    0x000187ba      0xb0d Middlewares/Lora/Utilities/utilities.o
 .debug_info    0x000192c7      0xc64 Projects/PingPong/debug.o
 .debug_info    0x00019f2b     0x101c Projects/PingPong/hw_gpio.o
 .debug_info    0x0001af47     0x16e8 Projects/PingPong/hw_rtc.o
 .debug_info    0x0001c62f     0x13ac Projects/PingPong/hw_spi.o
 .debug_info    0x0001d9db     0x15f4 Projects/PingPong/main.o
 .debug_info    0x0001efcf     0x12d4 Projects/PingPong/mlm32l0xx_hal_msp.o
 .debug_info    0x000202a3     0x1cc4 Projects/PingPong/mlm32l0xx_hw.o
 .debug_info    0x00021f67      0xc32 Projects/PingPong/mlm32l0xx_it.o
 .debug_info    0x00022b99     0x1850 Projects/PingPong/vcom.o
 .debug_info    0x000243e9      0x156 Projects/SW4STM32/startup_stm32l072xx.o

.debug_abbrev   0x00000000     0x59d9
 .debug_abbrev  0x00000000      0x2ff Drivers/BSP/B_L072Z_LRWAN1/b-l072z-lrwan1.o
 .debug_abbrev  0x000002ff      0x4e0 Drivers/BSP/Components/sx1276.o
 .debug_abbrev  0x000007df      0x3dd Drivers/BSP/MLM32L07X01/mlm32l07x01.o
 .debug_abbrev  0x00000bbc      0x205 Drivers/CMSIS/system_stm32l0xx.o
 .debug_abbrev  0x00000dc1      0x2fb Drivers/STM32L0xx_HAL_Driver/stm32l0xx_hal.o
 .debug_abbrev  0x000010bc      0x340 Drivers/STM32L0xx_HAL_Driver/stm32l0xx_hal_adc.o
 .debug_abbrev  0x000013fc      0x345 Drivers/STM32L0xx_HAL_Driver/stm32l0xx_hal_cortex.o
 .debug_abbrev  0x00001741      0x28d Drivers/STM32L0xx_HAL_Driver/stm32l0xx_hal_gpio.o
 .debug_abbrev  0x000019ce      0x269 Drivers/STM32L0xx_HAL_Driver/stm32l0xx_hal_pwr.o
 .debug_abbrev  0x00001c37      0x226 Drivers/STM32L0xx_HAL_Driver/stm32l0xx_hal_pwr_ex.o
 .debug_abbrev  0x00001e5d      0x365 Drivers/STM32L0xx_HAL_Driver/stm32l0xx_hal_rcc.o
 .debug_abbrev  0x000021c2      0x2ed Drivers/STM32L0xx_HAL_Driver/stm32l0xx_hal_rcc_ex.o
 .debug_abbrev  0x000024af      0x2e3 Drivers/STM32L0xx_HAL_Driver/stm32l0xx_hal_rtc.o
 .debug_abbrev  0x00002792      0x301 Drivers/STM32L0xx_HAL_Driver/stm32l0xx_hal_rtc_ex.o
 .debug_abbrev  0x00002a93      0x392 Drivers/STM32L0xx_HAL_Driver/stm32l0xx_hal_spi.o
 .debug_abbrev  0x00002e25      0x3e2 Drivers/STM32L0xx_HAL_Driver/stm32l0xx_hal_uart.o
 .debug_abbrev  0x00003207      0x25b Middlewares/Lora/Utilities/delay.o
 .debug_abbrev  0x00003462      0x2d4 Middlewares/Lora/Utilities/low_power.o
 .debug_abbrev  0x00003736      0x44b Middlewares/Lora/Utilities/timeServer.o
 .debug_abbrev  0x00003b81      0x245 Middlewares/Lora/Utilities/utilities.o
 .debug_abbrev  0x00003dc6      0x241 Projects/PingPong/debug.o
 .debug_abbrev  0x00004007      0x2cd Projects/PingPong/hw_gpio.o
 .debug_abbrev  0x000042d4      0x434 Projects/PingPong/hw_rtc.o
 .debug_abbrev  0x00004708      0x2ea Projects/PingPong/hw_spi.o
 .debug_abbrev  0x000049f2      0x32e Projects/PingPong/main.o
 .debug_abbrev  0x00004d20      0x28e Projects/PingPong/mlm32l0xx_hal_msp.o
 .debug_abbrev  0x00004fae      0x40b Projects/PingPong/mlm32l0xx_hw.o
 .debug_abbrev  0x000053b9      0x286 Projects/PingPong/mlm32l0xx_it.o
 .debug_abbrev  0x0000563f      0x388 Projects/PingPong/vcom.o
 .debug_abbrev  0x000059c7       0x12 Projects/SW4STM32/startup_stm32l072xx.o

.debug_loc      0x00000000     0x8f6d
 .debug_loc     0x00000000      0x18c Drivers/BSP/B_L072Z_LRWAN1/b-l072z-lrwan1.o
 .debug_loc     0x0000018c     0x1473 Drivers/BSP/Components/sx1276.o
 .debug_loc     0x000015ff      0x1c6 Drivers/BSP/MLM32L07X01/mlm32l07x01.o
 .debug_loc     0x000017c5      0x17f Drivers/CMSIS/system_stm32l0xx.o
 .debug_loc     0x00001944       0xac Drivers/STM32L0xx_HAL_Driver/stm32l0xx_hal.o
 .debug_loc     0x000019f0      0xa74 Drivers/STM32L0xx_HAL_Driver/stm32l0xx_hal_adc.o
 .debug_loc     0x00002464      0x3cc Drivers/STM32L0xx_HAL_Driver/stm32l0xx_hal_cortex.o
 .debug_loc     0x00002830      0x2f9 Drivers/STM32L0xx_HAL_Driver/stm32l0xx_hal_gpio.o
 .debug_loc     0x00002b29      0x12e Drivers/STM32L0xx_HAL_Driver/stm32l0xx_hal_pwr.o
 .debug_loc     0x00002c57       0x2a Drivers/STM32L0xx_HAL_Driver/stm32l0xx_hal_pwr_ex.o
 .debug_loc     0x00002c81      0x5b7 Drivers/STM32L0xx_HAL_Driver/stm32l0xx_hal_rcc.o
 .debug_loc     0x00003238      0x6fe Drivers/STM32L0xx_HAL_Driver/stm32l0xx_hal_rcc_ex.o
 .debug_loc     0x00003936      0xc45 Drivers/STM32L0xx_HAL_Driver/stm32l0xx_hal_rtc.o
 .debug_loc     0x0000457b      0xf9d Drivers/STM32L0xx_HAL_Driver/stm32l0xx_hal_rtc_ex.o
 .debug_loc     0x00005518      0xfdf Drivers/STM32L0xx_HAL_Driver/stm32l0xx_hal_spi.o
 .debug_loc     0x000064f7     0x150c Drivers/STM32L0xx_HAL_Driver/stm32l0xx_hal_uart.o
 .debug_loc     0x00007a03       0x7e Middlewares/Lora/Utilities/delay.o
 .debug_loc     0x00007a81       0x21 Middlewares/Lora/Utilities/low_power.o
 .debug_loc     0x00007aa2      0x461 Middlewares/Lora/Utilities/timeServer.o
 .debug_loc     0x00007f03      0x241 Middlewares/Lora/Utilities/utilities.o
 .debug_loc     0x00008144      0x262 Projects/PingPong/hw_gpio.o
 .debug_loc     0x000083a6      0x7c1 Projects/PingPong/hw_rtc.o
 .debug_loc     0x00008b67       0x6b Projects/PingPong/hw_spi.o
 .debug_loc     0x00008bd2      0x163 Projects/PingPong/main.o
 .debug_loc     0x00008d35       0xc4 Projects/PingPong/mlm32l0xx_hal_msp.o
 .debug_loc     0x00008df9       0xba Projects/PingPong/mlm32l0xx_hw.o
 .debug_loc     0x00008eb3       0xba Projects/PingPong/vcom.o

.debug_aranges  0x00000000      0xf68
 .debug_aranges
                0x00000000       0x50 Drivers/BSP/B_L072Z_LRWAN1/b-l072z-lrwan1.o
 .debug_aranges
                0x00000050      0x150 Drivers/BSP/Components/sx1276.o
 .debug_aranges
                0x000001a0       0x68 Drivers/BSP/MLM32L07X01/mlm32l07x01.o
 .debug_aranges
                0x00000208       0x28 Drivers/CMSIS/system_stm32l0xx.o
 .debug_aranges
                0x00000230       0xd8 Drivers/STM32L0xx_HAL_Driver/stm32l0xx_hal.o
 .debug_aranges
                0x00000308       0xd8 Drivers/STM32L0xx_HAL_Driver/stm32l0xx_hal_adc.o
 .debug_aranges
                0x000003e0       0x80 Drivers/STM32L0xx_HAL_Driver/stm32l0xx_hal_cortex.o
 .debug_aranges
                0x00000460       0x58 Drivers/STM32L0xx_HAL_Driver/stm32l0xx_hal_gpio.o
 .debug_aranges
                0x000004b8       0xa0 Drivers/STM32L0xx_HAL_Driver/stm32l0xx_hal_pwr.o
 .debug_aranges
                0x00000558       0x50 Drivers/STM32L0xx_HAL_Driver/stm32l0xx_hal_pwr_ex.o
 .debug_aranges
                0x000005a8       0x88 Drivers/STM32L0xx_HAL_Driver/stm32l0xx_hal_rcc.o
 .debug_aranges
                0x00000630       0x98 Drivers/STM32L0xx_HAL_Driver/stm32l0xx_hal_rcc_ex.o
 .debug_aranges
                0x000006c8       0xa8 Drivers/STM32L0xx_HAL_Driver/stm32l0xx_hal_rtc.o
 .debug_aranges
                0x00000770      0x108 Drivers/STM32L0xx_HAL_Driver/stm32l0xx_hal_rtc_ex.o
 .debug_aranges
                0x00000878      0x108 Drivers/STM32L0xx_HAL_Driver/stm32l0xx_hal_spi.o
 .debug_aranges
                0x00000980      0x188 Drivers/STM32L0xx_HAL_Driver/stm32l0xx_hal_uart.o
 .debug_aranges
                0x00000b08       0x28 Middlewares/Lora/Utilities/delay.o
 .debug_aranges
                0x00000b30       0x38 Middlewares/Lora/Utilities/low_power.o
 .debug_aranges
                0x00000b68       0x68 Middlewares/Lora/Utilities/timeServer.o
 .debug_aranges
                0x00000bd0       0x50 Middlewares/Lora/Utilities/utilities.o
 .debug_aranges
                0x00000c20       0x28 Projects/PingPong/debug.o
 .debug_aranges
                0x00000c48       0x48 Projects/PingPong/hw_gpio.o
 .debug_aranges
                0x00000c90       0x90 Projects/PingPong/hw_rtc.o
 .debug_aranges
                0x00000d20       0x30 Projects/PingPong/hw_spi.o
 .debug_aranges
                0x00000d50       0x50 Projects/PingPong/main.o
 .debug_aranges
                0x00000da0       0x58 Projects/PingPong/mlm32l0xx_hal_msp.o
 .debug_aranges
                0x00000df8       0x78 Projects/PingPong/mlm32l0xx_hw.o
 .debug_aranges
                0x00000e70       0x70 Projects/PingPong/mlm32l0xx_it.o
 .debug_aranges
                0x00000ee0       0x60 Projects/PingPong/vcom.o
 .debug_aranges
                0x00000f40       0x28 Projects/SW4STM32/startup_stm32l072xx.o

.debug_ranges   0x00000000     0x1168
 .debug_ranges  0x00000000       0x78 Drivers/BSP/B_L072Z_LRWAN1/b-l072z-lrwan1.o
 .debug_ranges  0x00000078      0x228 Drivers/BSP/Components/sx1276.o
 .debug_ranges  0x000002a0       0x88 Drivers/BSP/MLM32L07X01/mlm32l07x01.o
 .debug_ranges  0x00000328       0x18 Drivers/CMSIS/system_stm32l0xx.o
 .debug_ranges  0x00000340       0xc8 Drivers/STM32L0xx_HAL_Driver/stm32l0xx_hal.o
 .debug_ranges  0x00000408       0xc8 Drivers/STM32L0xx_HAL_Driver/stm32l0xx_hal_adc.o
 .debug_ranges  0x000004d0      0x128 Drivers/STM32L0xx_HAL_Driver/stm32l0xx_hal_cortex.o
 .debug_ranges  0x000005f8       0x48 Drivers/STM32L0xx_HAL_Driver/stm32l0xx_hal_gpio.o
 .debug_ranges  0x00000640       0x90 Drivers/STM32L0xx_HAL_Driver/stm32l0xx_hal_pwr.o
 .debug_ranges  0x000006d0       0x40 Drivers/STM32L0xx_HAL_Driver/stm32l0xx_hal_pwr_ex.o
 .debug_ranges  0x00000710       0xe0 Drivers/STM32L0xx_HAL_Driver/stm32l0xx_hal_rcc.o
 .debug_ranges  0x000007f0       0xa8 Drivers/STM32L0xx_HAL_Driver/stm32l0xx_hal_rcc_ex.o
 .debug_ranges  0x00000898       0x98 Drivers/STM32L0xx_HAL_Driver/stm32l0xx_hal_rtc.o
 .debug_ranges  0x00000930       0xf8 Drivers/STM32L0xx_HAL_Driver/stm32l0xx_hal_rtc_ex.o
 .debug_ranges  0x00000a28      0x158 Drivers/STM32L0xx_HAL_Driver/stm32l0xx_hal_spi.o
 .debug_ranges  0x00000b80      0x178 Drivers/STM32L0xx_HAL_Driver/stm32l0xx_hal_uart.o
 .debug_ranges  0x00000cf8       0x18 Middlewares/Lora/Utilities/delay.o
 .debug_ranges  0x00000d10       0x28 Middlewares/Lora/Utilities/low_power.o
 .debug_ranges  0x00000d38       0x70 Middlewares/Lora/Utilities/timeServer.o
 .debug_ranges  0x00000da8       0x40 Middlewares/Lora/Utilities/utilities.o
 .debug_ranges  0x00000de8       0x18 Projects/PingPong/debug.o
 .debug_ranges  0x00000e00       0x38 Projects/PingPong/hw_gpio.o
 .debug_ranges  0x00000e38       0x98 Projects/PingPong/hw_rtc.o
 .debug_ranges  0x00000ed0       0x38 Projects/PingPong/hw_spi.o
 .debug_ranges  0x00000f08       0x40 Projects/PingPong/main.o
 .debug_ranges  0x00000f48       0x48 Projects/PingPong/mlm32l0xx_hal_msp.o
 .debug_ranges  0x00000f90       0x68 Projects/PingPong/mlm32l0xx_hw.o
 .debug_ranges  0x00000ff8       0x60 Projects/PingPong/mlm32l0xx_it.o
 .debug_ranges  0x00001058       0xf0 Projects/PingPong/vcom.o
 .debug_ranges  0x00001148       0x20 Projects/SW4STM32/startup_stm32l072xx.o

.debug_macro    0x00000000    0x1d193
 .debug_macro   0x00000000      0x3a1 Drivers/BSP/B_L072Z_LRWAN1/b-l072z-lrwan1.o
 .debug_macro   0x000003a1      0x8b6 Drivers/BSP/B_L072Z_LRWAN1/b-l072z-lrwan1.o
 .debug_macro   0x00000c57       0xbc Drivers/BSP/B_L072Z_LRWAN1/b-l072z-lrwan1.o
 .debug_macro   0x00000d13       0x2e Drivers/BSP/B_L072Z_LRWAN1/b-l072z-lrwan1.o
 .debug_macro   0x00000d41       0x28 Drivers/BSP/B_L072Z_LRWAN1/b-l072z-lrwan1.o
 .debug_macro   0x00000d69       0x22 Drivers/BSP/B_L072Z_LRWAN1/b-l072z-lrwan1.o
 .debug_macro   0x00000d8b       0x87 Drivers/BSP/B_L072Z_LRWAN1/b-l072z-lrwan1.o
 .debug_macro   0x00000e12       0x51 Drivers/BSP/B_L072Z_LRWAN1/b-l072z-lrwan1.o
 .debug_macro   0x00000e63       0xef Drivers/BSP/B_L072Z_LRWAN1/b-l072z-lrwan1.o
 .debug_macro   0x00000f52       0x6a Drivers/BSP/B_L072Z_LRWAN1/b-l072z-lrwan1.o
 .debug_macro   0x00000fbc      0x1df Drivers/BSP/B_L072Z_LRWAN1/b-l072z-lrwan1.o
 .debug_macro   0x0000119b       0x34 Drivers/BSP/B_L072Z_LRWAN1/b-l072z-lrwan1.o
 .debug_macro   0x000011cf       0x26 Drivers/BSP/B_L072Z_LRWAN1/b-l072z-lrwan1.o
 .debug_macro   0x000011f5      0x44f Drivers/BSP/B_L072Z_LRWAN1/b-l072z-lrwan1.o
 .debug_macro   0x00001644     0xa0b7 Drivers/BSP/B_L072Z_LRWAN1/b-l072z-lrwan1.o
 .debug_macro   0x0000b6fb       0x3c Drivers/BSP/B_L072Z_LRWAN1/b-l072z-lrwan1.o
 .debug_macro   0x0000b737     0x34a2 Drivers/BSP/B_L072Z_LRWAN1/b-l072z-lrwan1.o