ff.c:558:7:ld_dword	0	static
ff.c:596:6:st_dword	0	static
ff.c:655:5:mem_cmp	12	static
ff.c:962:7:clst2sect	0	static
ff.c:2950:5:get_ldnumber	0	static
ff.c:3265:9:validate	16	static
ff.c:628:6:mem_cpy.part.0	8	static
ff.c:1675:7:ld_clust.isra.1	8	static
ff.c:1693:6:st_clust.isra.2	0	static
ff.c:2477:6:get_fileinfo.part.3	24	static
ff.c:869:9:sync_window	16	static
ff.c:892:9:move_window	16	static
ff.c:3011:6:check_fs	8	static
ff.c:3039:9:find_volume	56	static
ff.c:1058:9:put_fat	40	static
ff.c:980:7:get_fat.isra.8	32	static
ff.c:1347:7:create_chain	32	static
ff.c:1252:9:remove_chain	24	static
ff.c:1522:9:dir_sdi.constprop	16	static
ff.c:1482:9:dir_clear	32	static
ff.c:1571:9:dir_next	32	static
ff.c:2161:9:dir_read.constprop	24	static
ff.c:2860:9:follow_path	40	static
ff.c:2322:9:dir_register	16	static
ff.c:924:9:sync_fs	16	static
ff.c:3309:9:f_mount	24	static
ff.c:3357:9:f_open	88	static
ff.c:3553:9:f_read	56	static
ff.c:3653:9:f_write	56	static
ff.c:3774:9:f_sync	32	static
ff.c:3855:9:f_close	16	static
ff.c:4042:9:f_lseek	40	static
ff.c:4203:9:f_opendir	24	static
ff.c:4271:9:f_closedir	16	static
ff.c:4301:9:f_readdir	24	static
ff.c:4389:9:f_stat	72	static
ff.c:4424:9:f_getfree	48	static
ff.c:4513:9:f_truncate	32	static
ff.c:4563:9:f_unlink	128	static
ff.c:4658:9:f_mkdir	80	static
ff.c:4746:9:f_rename	160	static
