Archive member included to satisfy reference by file (symbol)

c:/program files (x86)/atollic/truestudio for stm32 9.0.0/armtools/bin/../lib/gcc/arm-atollic-eabi/6.3.1/../../../../arm-atollic-eabi/lib/armv6-m\libc_nano.a(lib_a-init.o)
                              Projects\SW4STM32\startup_stm32l072xx.o (__libc_init_array)
c:/program files (x86)/atollic/truestudio for stm32 9.0.0/armtools/bin/../lib/gcc/arm-atollic-eabi/6.3.1/../../../../arm-atollic-eabi/lib/armv6-m\libc_nano.a(lib_a-memcpy-stub.o)
                              Projects\PingPong\main.o (memcpy)
c:/program files (x86)/atollic/truestudio for stm32 9.0.0/armtools/bin/../lib/gcc/arm-atollic-eabi/6.3.1/../../../../arm-atollic-eabi/lib/armv6-m\libc_nano.a(lib_a-memset.o)
                              Drivers\BSP\Components\sx1276.o (memset)
c:/program files (x86)/atollic/truestudio for stm32 9.0.0/armtools/bin/../lib/gcc/arm-atollic-eabi/6.3.1/../../../../arm-atollic-eabi/lib/armv6-m\libc_nano.a(lib_a-vsprintf.o)
                              Projects\PingPong\vcom.o (vsprintf)
c:/program files (x86)/atollic/truestudio for stm32 9.0.0/armtools/bin/../lib/gcc/arm-atollic-eabi/6.3.1/../../../../arm-atollic-eabi/lib/armv6-m\libc_nano.a(lib_a-impure.o)
                              c:/program files (x86)/atollic/truestudio for stm32 9.0.0/armtools/bin/../lib/gcc/arm-atollic-eabi/6.3.1/../../../../arm-atollic-eabi/lib/armv6-m\libc_nano.a(lib_a-vsprintf.o) (_impure_ptr)
c:/program files (x86)/atollic/truestudio for stm32 9.0.0/armtools/bin/../lib/gcc/arm-atollic-eabi/6.3.1/../../../../arm-atollic-eabi/lib/armv6-m\libc_nano.a(lib_a-nano-svfprintf.o)
                              c:/program files (x86)/atollic/truestudio for stm32 9.0.0/armtools/bin/../lib/gcc/arm-atollic-eabi/6.3.1/../../../../arm-atollic-eabi/lib/armv6-m\libc_nano.a(lib_a-vsprintf.o) (_svfprintf_r)
c:/program files (x86)/atollic/truestudio for stm32 9.0.0/armtools/bin/../lib/gcc/arm-atollic-eabi/6.3.1/../../../../arm-atollic-eabi/lib/armv6-m\libc_nano.a(lib_a-nano-vfprintf_i.o)
                              c:/program files (x86)/atollic/truestudio for stm32 9.0.0/armtools/bin/../lib/gcc/arm-atollic-eabi/6.3.1/../../../../arm-atollic-eabi/lib/armv6-m\libc_nano.a(lib_a-nano-svfprintf.o) (_printf_i)
c:/program files (x86)/atollic/truestudio for stm32 9.0.0/armtools/bin/../lib/gcc/arm-atollic-eabi/6.3.1/../../../../arm-atollic-eabi/lib/armv6-m\libc_nano.a(lib_a-memchr-stub.o)
                              c:/program files (x86)/atollic/truestudio for stm32 9.0.0/armtools/bin/../lib/gcc/arm-atollic-eabi/6.3.1/../../../../arm-atollic-eabi/lib/armv6-m\libc_nano.a(lib_a-nano-svfprintf.o) (memchr)
c:/program files (x86)/atollic/truestudio for stm32 9.0.0/armtools/bin/../lib/gcc/arm-atollic-eabi/6.3.1/../../../../arm-atollic-eabi/lib/armv6-m\libc_nano.a(lib_a-memmove.o)
                              c:/program files (x86)/atollic/truestudio for stm32 9.0.0/armtools/bin/../lib/gcc/arm-atollic-eabi/6.3.1/../../../../arm-atollic-eabi/lib/armv6-m\libc_nano.a(lib_a-nano-svfprintf.o) (memmove)
c:/program files (x86)/atollic/truestudio for stm32 9.0.0/armtools/bin/../lib/gcc/arm-atollic-eabi/6.3.1/../../../../arm-atollic-eabi/lib/armv6-m\libc_nano.a(lib_a-nano-freer.o)
                              c:/program files (x86)/atollic/truestudio for stm32 9.0.0/armtools/bin/../lib/gcc/arm-atollic-eabi/6.3.1/../../../../arm-atollic-eabi/lib/armv6-m\libc_nano.a(lib_a-nano-svfprintf.o) (_free_r)
c:/program files (x86)/atollic/truestudio for stm32 9.0.0/armtools/bin/../lib/gcc/arm-atollic-eabi/6.3.1/../../../../arm-atollic-eabi/lib/armv6-m\libc_nano.a(lib_a-nano-mallocr.o)
                              c:/program files (x86)/atollic/truestudio for stm32 9.0.0/armtools/bin/../lib/gcc/arm-atollic-eabi/6.3.1/../../../../arm-atollic-eabi/lib/armv6-m\libc_nano.a(lib_a-nano-svfprintf.o) (_malloc_r)
c:/program files (x86)/atollic/truestudio for stm32 9.0.0/armtools/bin/../lib/gcc/arm-atollic-eabi/6.3.1/../../../../arm-atollic-eabi/lib/armv6-m\libc_nano.a(lib_a-nano-reallocr.o)
                              c:/program files (x86)/atollic/truestudio for stm32 9.0.0/armtools/bin/../lib/gcc/arm-atollic-eabi/6.3.1/../../../../arm-atollic-eabi/lib/armv6-m\libc_nano.a(lib_a-nano-svfprintf.o) (_realloc_r)
c:/program files (x86)/atollic/truestudio for stm32 9.0.0/armtools/bin/../lib/gcc/arm-atollic-eabi/6.3.1/../../../../arm-atollic-eabi/lib/armv6-m\libc_nano.a(lib_a-sbrkr.o)
                              c:/program files (x86)/atollic/truestudio for stm32 9.0.0/armtools/bin/../lib/gcc/arm-atollic-eabi/6.3.1/../../../../arm-atollic-eabi/lib/armv6-m\libc_nano.a(lib_a-nano-mallocr.o) (_sbrk_r)
c:/program files (x86)/atollic/truestudio for stm32 9.0.0/armtools/bin/../lib/gcc/arm-atollic-eabi/6.3.1/../../../../arm-atollic-eabi/lib/armv6-m\libc_nano.a(lib_a-mlock.o)
[...]
Memory Configuration

Name             Origin             Length             Attributes
RAM              0x20000000         0x00005000         xrw
FLASH            0x08000000         0x00030000         xr
*default*        0x00000000         0xffffffff

Linker script and memory map

LOAD c:/program files (x86)/atollic/truestudio for stm32 9.0.0/armtools/bin/../lib/gcc/arm-atollic-eabi/6.3.1/armv6-m/crti.o
LOAD c:/program files (x86)/atollic/truestudio for stm32 9.0.0/armtools/bin/../lib/gcc/arm-atollic-eabi/6.3.1/armv6-m/crtbegin.o
LOAD Drivers\BSP\B_L072Z_LRWAN1\b-l072z-lrwan1.o
LOAD Drivers\BSP\Components\sx1276.o
LOAD Drivers\BSP\MLM32L07X01\mlm32l07x01.o
LOAD Drivers\CMSIS\system_stm32l0xx.o
LOAD Drivers\STM32L0xx_HAL_Driver\stm32l0xx_hal.o
LOAD Drivers\STM32L0xx_HAL_Driver\stm32l0xx_hal_adc.o
LOAD Drivers\STM32L0xx_HAL_Driver\stm32l0xx_hal_adc_ex.o
LOAD Drivers\STM32L0xx_HAL_Driver\stm32l0xx_hal_cortex.o
LOAD Drivers\STM32L0xx_HAL_Driver\stm32l0xx_hal_dma.o
LOAD Drivers\STM32L0xx_HAL_Driver\stm32l0xx_hal_gpio.o
LOAD Drivers\STM32L0xx_HAL_Driver\stm32l0xx_hal_i2c.o
LOAD Drivers\STM32L0xx_HAL_Driver\stm32l0xx_hal_pwr.o
LOAD Drivers\STM32L0xx_HAL_Driver\stm32l0xx_hal_pwr_ex.o
LOAD Drivers\STM32L0xx_HAL_Driver\stm32l0xx_hal_rcc.o
LOAD Drivers\STM32L0xx_HAL_Driver\stm32l0xx_hal_rcc_ex.o
LOAD Drivers\STM32L0xx_HAL_Driver\stm32l0xx_hal_rtc.o
LOAD Drivers\STM32L0xx_HAL_Driver\stm32l0xx_hal_rtc_ex.o
LOAD Drivers\STM32L0xx_HAL_Driver\stm32l0xx_hal_spi.o
LOAD Drivers\STM32L0xx_HAL_Driver\stm32l0xx_hal_tim.o
LOAD Drivers\STM32L0xx_HAL_Driver\stm32l0xx_hal_tim_ex.o
LOAD Drivers\STM32L0xx_HAL_Driver\stm32l0xx_hal_uart.o
LOAD Drivers\STM32L0xx_HAL_Driver\stm32l0xx_hal_uart_ex.o
LOAD Middlewares\Fatfs\SD.o
LOAD Middlewares\Fatfs\diskio.o
LOAD Middlewares\Fatfs\ff.o
LOAD Middlewares\Fatfs\ffsystem.o
LOAD Middlewares\Fatfs\ffunicode.o
LOAD Middlewares\Lora\Utilities\delay.o
LOAD Middlewares\Lora\Utilities\low_power.o
LOAD Middlewares\Lora\Utilities\timeServer.o
LOAD Middlewares\Lora\Utilities\utilities.o
LOAD Projects\PingPong\debug.o
LOAD Projects\PingPong\hw_gpio.o
LOAD Projects\PingPong\hw_rtc.o
LOAD Projects\PingPong\hw_spi.o
LOAD Projects\PingPong\main.o
LOAD Projects\PingPong\mlm32l0xx_hal_msp.o
LOAD Projects\PingPong\mlm32l0xx_hw.o
LOAD Projects\PingPong\mlm32l0xx_it.o
LOAD Projects\PingPong\vcom.o
LOAD Projects\SW4STM32\startup_stm32l072xx.o
                0x00000080                malloc_getpagesize_P = 0x80
START GROUP
LOAD c:/program files (x86)/atollic/truestudio for stm32 9.0.0/armtools/bin/../lib/gcc/arm-atollic-eabi/6.3.1/../../../../arm-atollic-eabi/lib/armv6-m\libc_nano.a
LOAD c:/program files (x86)/atollic/truestudio for stm32 9.0.0/armtools/bin/../lib/gcc/arm-atollic-eabi/6.3.1/../../../../arm-atollic-eabi/lib/armv6-m\libm.a
END GROUP
START GROUP
LOAD c:/program files (x86)/atollic/truestudio for stm32 9.0.0/armtools/bin/../lib/gcc/arm-atollic-eabi/6.3.1/armv6-m\libgcc.a
LOAD c:/program files (x86)/atollic/truestudio for stm32 9.0.0/armtools/bin/../lib/gcc/arm-atollic-eabi/6.3.1/../../../../arm-atollic-eabi/lib/armv6-m\libc_nano.a
END GROUP
START GROUP
LOAD c:/program files (x86)/atollic/truestudio for stm32 9.0.0/armtools/bin/../lib/gcc/arm-atollic-eabi/6.3.1/armv6-m\libgcc.a
LOAD c:/program files (x86)/atollic/truestudio for stm32 9.0.0/armtools/bin/../lib/gcc/arm-atollic-eabi/6.3.1/../../../../arm-atollic-eabi/lib/armv6-m\libc_nano.a
LOAD c:/program files (x86)/atollic/truestudio for stm32 9.0.0/armtools/bin/../lib/gcc/arm-atollic-eabi/6.3.1/../../../../arm-atollic-eabi/lib/armv6-m\libnosys.a
END GROUP
START GROUP
LOAD c:/program files (x86)/atollic/truestudio for stm32 9.0.0/armtools/bin/../lib/gcc/arm-atollic-eabi/6.3.1/armv6-m\libgcc.a
LOAD c:/program files (x86)/atollic/truestudio for stm32 9.0.0/armtools/bin/../lib/gcc/arm-atollic-eabi/6.3.1/../../../../arm-atollic-eabi/lib/armv6-m\libc_nano.a
LOAD c:/program files (x86)/atollic/truestudio for stm32 9.0.0/armtools/bin/../lib/gcc/arm-atollic-eabi/6.3.1/../../../../arm-atollic-eabi/lib/armv6-m\libnosys.a
END GROUP
LOAD c:/program files (x86)/atollic/truestudio for stm32 9.0.0/armtools/bin/../lib/gcc/arm-atollic-eabi/6.3.1/armv6-m/crtend.o
LOAD c:/program files (x86)/atollic/truestudio for stm32 9.0.0/armtools/bin/../lib/gcc/arm-atollic-eabi/6.3.1/armv6-m/crtn.o
                0x20005000                _estack = 0x20005000
                0x00000200                _Min_Heap_Size = 0x200
                0x00000400                _Min_Stack_Size = 0x400

.isr_vector     0x08000000       0xc0
                0x08000000                . = ALIGN (0x4)
 *(.isr_vector)
 .isr_vector    0x08000000       0xc0 Projects\SW4STM32\startup_stm32l072xx.o
                0x08000000                g_pfnVectors
                0x080000c0                . = ALIGN (0x4)

.text           0x080000c0     0x7b04
                0x080000c0                . = ALIGN (0x4)
 *(.text)
 .text          0x080000c0       0x48 c:/program files (x86)/atollic/truestudio for stm32 9.0.0/armtools/bin/../lib/gcc/arm-atollic-eabi/6.3.1/armv6-m/crtbegin.o
 .text          0x08000108       0x14 c:/program files (x86)/atollic/truestudio for stm32 9.0.0/armtools/bin/../lib/gcc/arm-atollic-eabi/6.3.1/armv6-m\libgcc.a(_thumb1_case_uqi.o)
                0x08000108                __gnu_thumb1_case_uqi
 .text          0x0800011c      0x114 c:/program files (x86)/atollic/truestudio for stm32 9.0.0/armtools/bin/../lib/gcc/arm-atollic-eabi/6.3.1/armv6-m\libgcc.a(_udivsi3.o)
                0x0800011c                __aeabi_uidiv
                0x0800011c                __udivsi3
                0x08000228                __aeabi_uidivmod
 .text          0x08000230      0x1d4 c:/program files (x86)/atollic/truestudio for stm32 9.0.0/armtools/bin/../lib/gcc/arm-atollic-eabi/6.3.1/armv6-m\libgcc.a(_divsi3.o)
                0x08000230                __divsi3
                0x08000230                __aeabi_idiv
                0x080003fc                __aeabi_idivmod
 .text          0x08000404        0x4 c:/program files (x86)/atollic/truestudio for stm32 9.0.0/armtools/bin/../lib/gcc/arm-atollic-eabi/6.3.1/armv6-m\libgcc.a(_dvmd_tls.o)
                0x08000404                __aeabi_idiv0
                0x08000404                __aeabi_ldiv0
 .text          0x08000408       0x7c c:/program files (x86)/atollic/truestudio for stm32 9.0.0/armtools/bin/../lib/gcc/arm-atollic-eabi/6.3.1/armv6-m\libgcc.a(_arm_cmpdf2.o)
                0x08000408                __aeabi_cdrcmple
                0x08000418                __aeabi_cdcmple
                0x08000418                __aeabi_cdcmpeq
                0x08000428                __aeabi_dcmpeq
                0x08000434                __aeabi_dcmplt
                0x08000448                __aeabi_dcmple
                0x0800045c                __aeabi_dcmpgt
                0x08000470                __aeabi_dcmpge
 .text          0x08000484       0x40 c:/program files (x86)/atollic/truestudio for stm32 9.0.0/armtools/bin/../lib/gcc/arm-atollic-eabi/6.3.1/armv6-m\libgcc.a(_aeabi_uldivmod.o)
                0x08000484                __aeabi_uldivmod
 .text          0x080004c4       0x54 c:/program files (x86)/atollic/truestudio for stm32 9.0.0/armtools/bin/../lib/gcc/arm-atollic-eabi/6.3.1/armv6-m\libgcc.a(_muldi3.o)
                0x080004c4                __muldi3
                0x080004c4                __aeabi_lmul
 .text          0x08000518       0x3c c:/program files (x86)/atollic/truestudio for stm32 9.0.0/armtools/bin/../lib/gcc/arm-atollic-eabi/6.3.1/armv6-m\libgcc.a(_fixunsdfsi.o)
                0x08000518                __aeabi_d2uiz
                0x08000518                __fixunsdfsi
 .text          0x08000554      0x180 c:/program files (x86)/atollic/truestudio for stm32 9.0.0/armtools/bin/../lib/gcc/arm-atollic-eabi/6.3.1/armv6-m\libgcc.a(_udivmoddi4.o)
                0x08000554                __udivmoddi4
 .text          0x080006d4      0x620 c:/program files (x86)/atollic/truestudio for stm32 9.0.0/armtools/bin/../lib/gcc/arm-atollic-eabi/6.3.1/armv6-m\libgcc.a(adddf3.o)
                0x080006d4                __aeabi_dadd
 .text          0x08000cf4      0x668 c:/program files (x86)/atollic/truestudio for stm32 9.0.0/armtools/bin/../lib/gcc/arm-atollic-eabi/6.3.1/armv6-m\libgcc.a(divdf3.o)
                0x08000cf4                __aeabi_ddiv
 .text          0x0800135c       0x74 c:/program files (x86)/atollic/truestudio for stm32 9.0.0/armtools/bin/../lib/gcc/arm-atollic-eabi/6.3.1/armv6-m\libgcc.a(eqdf2.o)
                0x0800135c                __nedf2
                0x0800135c                __eqdf2
 .text          0x080013d0       0xc8 c:/program files (x86)/atollic/truestudio for stm32 9.0.0/armtools/bin/../lib/gcc/arm-atollic-eabi/6.3.1/armv6-m\libgcc.a(gedf2.o)
                0x080013d0                __gedf2
                0x080013d0                __gtdf2
 .text          0x08001498       0xc4 c:/program files (x86)/atollic/truestudio for stm32 9.0.0/armtools/bin/../lib/gcc/arm-atollic-eabi/6.3.1/armv6-m\libgcc.a(ledf2.o)
                0x08001498                __ledf2
                0x08001498                __ltdf2
 .text          0x0800155c      0x500 c:/program files (x86)/atollic/truestudio for stm32 9.0.0/armtools/bin/../lib/gcc/arm-atollic-eabi/6.3.1/armv6-m\libgcc.a(muldf3.o)
                0x0800155c                __aeabi_dmul
 .text          0x08001a5c      0x62c c:/program files (x86)/atollic/truestudio for stm32 9.0.0/armtools/bin/../lib/gcc/arm-atollic-eabi/6.3.1/armv6-m\libgcc.a(subdf3.o)
                0x08001a5c                __aeabi_dsub
 .text          0x08002088       0x68 c:/program files (x86)/atollic/truestudio for stm32 9.0.0/armtools/bin/../lib/gcc/arm-atollic-eabi/6.3.1/armv6-m\libgcc.a(fixdfsi.o)
                0x08002088                __aeabi_d2iz
 .text          0x080020f0       0x84 c:/program files (x86)/atollic/truestudio for stm32 9.0.0/armtools/bin/../lib/gcc/arm-atollic-eabi/6.3.1/armv6-m\libgcc.a(floatsidf.o)
                0x080020f0                __aeabi_i2d
 .text          0x08002174       0x70 c:/program files (x86)/atollic/truestudio for stm32 9.0.0/armtools/bin/../lib/gcc/arm-atollic-eabi/6.3.1/armv6-m\libgcc.a(floatunsidf.o)
                0x08002174                __aeabi_ui2d
 .text          0x080021e4       0x3c c:/program files (x86)/atollic/truestudio for stm32 9.0.0/armtools/bin/../lib/gcc/arm-atollic-eabi/6.3.1/armv6-m\libgcc.a(_clzsi2.o)
                0x080021e4                __clzsi2
 .text          0x08002220       0x18 c:/program files (x86)/atollic/truestudio for stm32 9.0.0/armtools/bin/../lib/gcc/arm-atollic-eabi/6.3.1/armv6-m\libgcc.a(_clzdi2.o)
                0x08002220                __clzdi2
 *(.text*)
 .text.BSP_LED_Init
                0x08002238       0x84 Drivers\BSP\B_L072Z_LRWAN1\b-l072z-lrwan1.o
                0x08002238                BSP_LED_Init
 .text.BSP_LED_Off
                0x080022bc       0x20 Drivers\BSP\B_L072Z_LRWAN1\b-l072z-lrwan1.o
                0x080022bc                BSP_LED_Off
 .text.BSP_LED_Toggle
                0x080022dc       0x1c Drivers\BSP\B_L072Z_LRWAN1\b-l072z-lrwan1.o
                0x080022dc                BSP_LED_Toggle
 .text.GetFskBandwidthRegValue
                0x080022f8       0x28 Drivers\BSP\Components\sx1276.o
 .text.SX1276OnDio4Irq
                0x08002320       0x1c Drivers\BSP\Components\sx1276.o
                0x08002320                SX1276OnDio4Irq
 .text.SX1276BoardInit
                0x0800233c        0xc Drivers\BSP\Components\sx1276.o
                0x0800233c                SX1276BoardInit
 .text.SX1276GetStatus
                0x08002348        0xc Drivers\BSP\Components\sx1276.o
                0x08002348                SX1276GetStatus
 .text.SX1276Reset
                0x08002354       0x50 Drivers\BSP\Components\sx1276.o
                0x08002354                SX1276Reset
 .text.SX1276WriteBuffer
                0x080023a4       0x3e Drivers\BSP\Components\sx1276.o
                0x080023a4                SX1276WriteBuffer
 .text.SX1276Write
                0x080023e2       0x12 Drivers\BSP\Components\sx1276.o
                0x080023e2                SX1276Write
 .text.SX1276SetChannel
                0x080023f4       0x54 Drivers\BSP\Components\sx1276.o
                0x080023f4                SX1276SetChannel
 .text.SX1276ReadBuffer
                0x08002448       0x40 Drivers\BSP\Components\sx1276.o
                0x08002448                SX1276ReadBuffer
 .text.SX1276Read
                0x08002488       0x12 Drivers\BSP\Components\sx1276.o
                0x08002488                SX1276Read
 *fill*         0x0800249a        0x2 
 .text.RxChainCalibration
                0x0800249c       0x98 Drivers\BSP\Components\sx1276.o
 .text.SX1276GetTimeOnAir
                0x08002534      0x1fc Drivers\BSP\Components\sx1276.o
                0x08002534                SX1276GetTimeOnAir
 .text.SX1276ReadRssi
                0x08002730       0x44 Drivers\BSP\Components\sx1276.o
                0x08002730                SX1276ReadRssi
 .text.SX1276SetOpMode.part.2
                0x08002774       0x34 Drivers\BSP\Components\sx1276.o
 .text.SX1276SetSleep
                0x080027a8       0x28 Drivers\BSP\Components\sx1276.o
                0x080027a8                SX1276SetSleep
 .text.SX1276SetOpMode
                0x080027d0       0x44 Drivers\BSP\Components\sx1276.o
                0x080027d0                SX1276SetOpMode
 .text.SX1276SetStby
                0x08002814       0x28 Drivers\BSP\Components\sx1276.o
                0x08002814                SX1276SetStby
 .text.SX1276SetRx
                0x0800283c      0x214 Drivers\BSP\Components\sx1276.o
                0x0800283c                SX1276SetRx
 .text.SX1276SetTx
                0x08002a50       0xa0 Drivers\BSP\Components\sx1276.o
                0x08002a50                SX1276SetTx
 .text.SX1276StartCad
                0x08002af0       0x34 Drivers\BSP\Components\sx1276.o
                0x08002af0                SX1276StartCad
 .text.SX1276SetModem
                0x08002b24       0x64 Drivers\BSP\Components\sx1276.o
                0x08002b24                SX1276SetModem
 .text.SX1276Init
                0x08002b88       0x98 Drivers\BSP\Components\sx1276.o
                0x08002b88                SX1276Init
 .text.SX1276IsChannelFree
                0x08002c20       0x36 Drivers\BSP\Components\sx1276.o
                0x08002c20                SX1276IsChannelFree
 *fill*         0x08002c56        0x2 
 .text.SX1276SetSyncWord
                0x08002c58       0x1c Drivers\BSP\Components\sx1276.o
                0x08002c58                SX1276SetSyncWord
 .text.SX1276Random
                0x08002c74       0x3c Drivers\BSP\Components\sx1276.o
                0x08002c74                SX1276Random
 .text.SX1276SetRxConfig
                0x08002cb0      0x340 Drivers\BSP\Components\sx1276.o
                0x08002cb0                SX1276SetRxConfig
 .text.SX1276SetTxConfig
                0x08002ff0      0x274 Drivers\BSP\Components\sx1276.o
                0x08002ff0                SX1276SetTxConfig
 .text.SX1276SetTxContinuousWave
                0x08003264       0x94 Drivers\BSP\Components\sx1276.o
                0x08003264                SX1276SetTxContinuousWave
 .text.SX1276OnTimeoutIrq
                0x080032f8       0xcc Drivers\BSP\Components\sx1276.o
                0x080032f8                SX1276OnTimeoutIrq
 .text.SX1276OnDio2Irq
                0x080033c4       0xc0 Drivers\BSP\Components\sx1276.o
                0x080033c4                SX1276OnDio2Irq
 .text.SX1276OnDio3Irq
                0x08003484       0x54 Drivers\BSP\Components\sx1276.o
                0x08003484                SX1276OnDio3Irq
 .text.SX1276WriteFifo
                0x080034d8        0xe Drivers\BSP\Components\sx1276.o
                0x080034d8                SX1276WriteFifo
 *fill*         0x080034e6        0x2 
 .text.SX1276Send
                0x080034e8       0xfc Drivers\BSP\Components\sx1276.o
                0x080034e8                SX1276Send
 .text.SX1276ReadFifo
                0x080035e4        0xe Drivers\BSP\Components\sx1276.o
                0x080035e4                SX1276ReadFifo
 *fill*         0x080035f2        0x2 
 .text.SX1276OnDio0Irq
                0x080035f4      0x264 Drivers\BSP\Components\sx1276.o
                0x080035f4                SX1276OnDio0Irq
 .text.SX1276OnDio1Irq
                0x08003858       0xe0 Drivers\BSP\Components\sx1276.o
                0x08003858                SX1276OnDio1Irq
 .text.SX1276SetMaxPayloadLength
                0x08003938       0x34 Drivers\BSP\Components\sx1276.o
                0x08003938                SX1276SetMaxPayloadLength
 .text.SX1276GetRadioWakeUpTime
                0x0800396c       0x14 Drivers\BSP\Components\sx1276.o
                0x0800396c                SX1276GetRadioWakeUpTime
 .text.SX1276GetWakeTime
                0x08003980        0x4 Drivers\BSP\MLM32L07X01\mlm32l07x01.o
                0x08003980                SX1276GetWakeTime
 .text.SX1276CheckRfFrequency
                0x08003984        0x4 Drivers\BSP\MLM32L07X01\mlm32l07x01.o
                0x08003984                SX1276CheckRfFrequency
 .text.SX1276SetRfTxPower
                0x08003988       0x40 Drivers\BSP\MLM32L07X01\mlm32l07x01.o
                0x08003988                SX1276SetRfTxPower
 .text.SX1276IoInit
                0x080039c8       0x74 Drivers\BSP\MLM32L07X01\mlm32l07x01.o
                0x080039c8                SX1276IoInit
 .text.SX1276IoDeInit
                0x08003a3c       0x50 Drivers\BSP\MLM32L07X01\mlm32l07x01.o
                0x08003a3c                SX1276IoDeInit
 .text.SX1276SetAntSwLowPower
                0x08003a8c       0x70 Drivers\BSP\MLM32L07X01\mlm32l07x01.o
                0x08003a8c                SX1276SetAntSwLowPower
 .text.SX1276IoIrqInit
                0x08003afc       0x44 Drivers\BSP\MLM32L07X01\mlm32l07x01.o
                0x08003afc                SX1276IoIrqInit
 .text.SX1276SetAntSw
                0x08003b40       0x40 Drivers\BSP\MLM32L07X01\mlm32l07x01.o
                0x08003b40                SX1276SetAntSw
 .text.SX1276SetXO
                0x08003b80       0x2c Drivers\BSP\MLM32L07X01\mlm32l07x01.o
                0x08003b80                SX1276SetXO
 .text.SystemInit
                0x08003bac       0x5c Drivers\CMSIS\system_stm32l0xx.o
                0x08003bac                SystemInit
 .text.HAL_Init
                0x08003c08       0x20 Drivers\STM32L0xx_HAL_Driver\stm32l0xx_hal.o
                0x08003c08                HAL_Init
 .text.HAL_IncTick
                0x08003c28       0x10 Drivers\STM32L0xx_HAL_Driver\stm32l0xx_hal.o
                0x08003c28                HAL_IncTick
 .text.HAL_GetTick
                0x08003c38        0xc Drivers\STM32L0xx_HAL_Driver\stm32l0xx_hal.o
                0x08003c38                HAL_GetTick
 .text.HAL_DBGMCU_DisableDBGSleepMode
                0x08003c44       0x10 Drivers\STM32L0xx_HAL_Driver\stm32l0xx_hal.o
                0x08003c44                HAL_DBGMCU_DisableDBGSleepMode
 .text.HAL_DBGMCU_DisableDBGStopMode
                0x08003c54       0x10 Drivers\STM32L0xx_HAL_Driver\stm32l0xx_hal.o
                0x08003c54                HAL_DBGMCU_DisableDBGStopMode
 .text.HAL_DBGMCU_DisableDBGStandbyMode
                0x08003c64       0x10 Drivers\STM32L0xx_HAL_Driver\stm32l0xx_hal.o
                0x08003c64                HAL_DBGMCU_DisableDBGStandbyMode
 .text.HAL_ADC_MspInit
                0x08003c74        0x2 Drivers\STM32L0xx_HAL_Driver\stm32l0xx_hal_adc.o
                0x08003c74                HAL_ADC_MspInit
 *fill*         0x08003c76        0x2 
 .text.HAL_ADC_Init
                0x08003c78      0x1a8 Drivers\STM32L0xx_HAL_Driver\stm32l0xx_hal_adc.o
                0x08003c78                HAL_ADC_Init
 .text.HAL_NVIC_SetPriority
                0x08003e20       0x60 Drivers\STM32L0xx_HAL_Driver\stm32l0xx_hal_cortex.o
                0x08003e20                HAL_NVIC_SetPriority
 .text.HAL_NVIC_EnableIRQ
                0x08003e80       0x14 Drivers\STM32L0xx_HAL_Driver\stm32l0xx_hal_cortex.o
                0x08003e80                HAL_NVIC_EnableIRQ
 .text.HAL_NVIC_SetPendingIRQ
                0x08003e94       0x14 Drivers\STM32L0xx_HAL_Driver\stm32l0xx_hal_cortex.o
                0x08003e94                HAL_NVIC_SetPendingIRQ
 .text.HAL_NVIC_GetPendingIRQ
                0x08003ea8       0x18 Drivers\STM32L0xx_HAL_Driver\stm32l0xx_hal_cortex.o
                0x08003ea8                HAL_NVIC_GetPendingIRQ
 .text.HAL_NVIC_ClearPendingIRQ
                0x08003ec0       0x18 Drivers\STM32L0xx_HAL_Driver\stm32l0xx_hal_cortex.o
                0x08003ec0                HAL_NVIC_ClearPendingIRQ
 .text.HAL_GPIO_Init
                0x08003ed8      0x178 Drivers\STM32L0xx_HAL_Driver\stm32l0xx_hal_gpio.o
                0x08003ed8                HAL_GPIO_Init
 .text.HAL_GPIO_ReadPin
                0x08004050        0xc Drivers\STM32L0xx_HAL_Driver\stm32l0xx_hal_gpio.o
                0x08004050                HAL_GPIO_ReadPin
 .text.HAL_GPIO_WritePin
                0x0800405c        0xc Drivers\STM32L0xx_HAL_Driver\stm32l0xx_hal_gpio.o
                0x0800405c                HAL_GPIO_WritePin
 .text.HAL_GPIO_TogglePin
                0x08004068        0x8 Drivers\STM32L0xx_HAL_Driver\stm32l0xx_hal_gpio.o
                0x08004068                HAL_GPIO_TogglePin
 .text.HAL_GPIO_EXTI_IRQHandler
                0x08004070       0x18 Drivers\STM32L0xx_HAL_Driver\stm32l0xx_hal_gpio.o
                0x08004070                HAL_GPIO_EXTI_IRQHandler
 .text.HAL_PWR_DisablePVD
                0x08004088       0x10 Drivers\STM32L0xx_HAL_Driver\stm32l0xx_hal_pwr.o
                0x08004088                HAL_PWR_DisablePVD
 .text.HAL_PWR_EnterSLEEPMode
                0x08004098       0x30 Drivers\STM32L0xx_HAL_Driver\stm32l0xx_hal_pwr.o
                0x08004098                HAL_PWR_EnterSLEEPMode
 .text.HAL_PWR_EnterSTOPMode
                0x080040c8       0x38 Drivers\STM32L0xx_HAL_Driver\stm32l0xx_hal_pwr.o
                0x080040c8                HAL_PWR_EnterSTOPMode
 .text.HAL_PWREx_EnableFastWakeUp
                0x08004100       0x14 Drivers\STM32L0xx_HAL_Driver\stm32l0xx_hal_pwr_ex.o
                0x08004100                HAL_PWREx_EnableFastWakeUp
 .text.HAL_PWREx_EnableUltraLowPower
                0x08004114       0x14 Drivers\STM32L0xx_HAL_Driver\stm32l0xx_hal_pwr_ex.o
                0x08004114                HAL_PWREx_EnableUltraLowPower
 .text.RCC_SetFlashLatencyFromMSIRange
                0x08004128       0x74 Drivers\STM32L0xx_HAL_Driver\stm32l0xx_hal_rcc.o
 .text.HAL_RCC_OscConfig
                0x0800419c      0x4e8 Drivers\STM32L0xx_HAL_Driver\stm32l0xx_hal_rcc.o
                0x0800419c                HAL_RCC_OscConfig
 .text.HAL_RCC_GetSysClockFreq
                0x08004684       0x78 Drivers\STM32L0xx_HAL_Driver\stm32l0xx_hal_rcc.o
                0x08004684                HAL_RCC_GetSysClockFreq
 .text.HAL_RCC_ClockConfig
                0x080046fc      0x170 Drivers\STM32L0xx_HAL_Driver\stm32l0xx_hal_rcc.o
                0x080046fc                HAL_RCC_ClockConfig
 .text.HAL_RCC_GetPCLK1Freq
                0x0800486c       0x20 Drivers\STM32L0xx_HAL_Driver\stm32l0xx_hal_rcc.o
                0x0800486c                HAL_RCC_GetPCLK1Freq
 .text.HAL_RCC_GetPCLK2Freq
                0x0800488c       0x20 Drivers\STM32L0xx_HAL_Driver\stm32l0xx_hal_rcc.o
                0x0800488c                HAL_RCC_GetPCLK2Freq
 .text.HAL_RCCEx_PeriphCLKConfig
                0x080048ac      0x1b8 Drivers\STM32L0xx_HAL_Driver\stm32l0xx_hal_rcc_ex.o
                0x080048ac                HAL_RCCEx_PeriphCLKConfig
 .text.HAL_RCCEx_GetPeriphCLKFreq
                0x08004a64      0x1ec Drivers\STM32L0xx_HAL_Driver\stm32l0xx_hal_rcc_ex.o
                0x08004a64                HAL_RCCEx_GetPeriphCLKFreq
 .text.HAL_RTC_DeactivateAlarm
                0x08004c50       0xc0 Drivers\STM32L0xx_HAL_Driver\stm32l0xx_hal_rtc.o
                0x08004c50                HAL_RTC_DeactivateAlarm
 .text.HAL_RTC_WaitForSynchro
                0x08004d10       0x34 Drivers\STM32L0xx_HAL_Driver\stm32l0xx_hal_rtc.o
                0x08004d10                HAL_RTC_WaitForSynchro
 .text.RTC_EnterInitMode
                0x08004d44       0x38 Drivers\STM32L0xx_HAL_Driver\stm32l0xx_hal_rtc.o
                0x08004d44                RTC_EnterInitMode
 .text.HAL_RTC_Init
                0x08004d7c       0x94 Drivers\STM32L0xx_HAL_Driver\stm32l0xx_hal_rtc.o
                0x08004d7c                HAL_RTC_Init
 .text.RTC_ByteToBcd2
                0x08004e10       0x16 Drivers\STM32L0xx_HAL_Driver\stm32l0xx_hal_rtc.o
                0x08004e10                RTC_ByteToBcd2
 *fill*         0x08004e26        0x2 
 .text.HAL_RTC_SetTime
                0x08004e28       0xfc Drivers\STM32L0xx_HAL_Driver\stm32l0xx_hal_rtc.o
                0x08004e28                HAL_RTC_SetTime
 .text.HAL_RTC_SetDate
                0x08004f24       0xd8 Drivers\STM32L0xx_HAL_Driver\stm32l0xx_hal_rtc.o
                0x08004f24                HAL_RTC_SetDate
 .text.HAL_RTC_SetAlarm_IT
                0x08004ffc      0x194 Drivers\STM32L0xx_HAL_Driver\stm32l0xx_hal_rtc.o
                0x08004ffc                HAL_RTC_SetAlarm_IT
 .text.RTC_Bcd2ToByte
                0x08005190       0x10 Drivers\STM32L0xx_HAL_Driver\stm32l0xx_hal_rtc.o
                0x08005190                RTC_Bcd2ToByte
 .text.HAL_RTC_GetTime
                0x080051a0       0x54 Drivers\STM32L0xx_HAL_Driver\stm32l0xx_hal_rtc.o
                0x080051a0                HAL_RTC_GetTime
 .text.HAL_RTC_GetDate
                0x080051f4       0x44 Drivers\STM32L0xx_HAL_Driver\stm32l0xx_hal_rtc.o
                0x080051f4                HAL_RTC_GetDate
 .text.HAL_RTC_GetAlarm
                0x08005238       0xc4 Drivers\STM32L0xx_HAL_Driver\stm32l0xx_hal_rtc.o
                0x08005238                HAL_RTC_GetAlarm
 .text.HAL_RTCEx_EnableBypassShadow
                0x080052fc       0x32 Drivers\STM32L0xx_HAL_Driver\stm32l0xx_hal_rtc_ex.o
                0x080052fc                HAL_RTCEx_EnableBypassShadow
 *fill*         0x0800532e        0x2 
 .text.SPI_WaitOnFlagUntilTimeout
                0x08005330       0x94 Drivers\STM32L0xx_HAL_Driver\stm32l0xx_hal_spi.o
 .text.HAL_SPI_MspInit
                0x080053c4        0x2 Drivers\STM32L0xx_HAL_Driver\stm32l0xx_hal_spi.o
                0x080053c4                HAL_SPI_MspInit
 *fill*         0x080053c6        0x2 
 .text.HAL_SPI_Init
                0x080053c8       0x80 Drivers\STM32L0xx_HAL_Driver\stm32l0xx_hal_spi.o
                0x080053c8                HAL_SPI_Init
 .text.HAL_SPI_MspDeInit
                0x08005448        0x2 Drivers\STM32L0xx_HAL_Driver\stm32l0xx_hal_spi.o
                0x08005448                HAL_SPI_MspDeInit
 .text.HAL_SPI_DeInit
                0x0800544a       0x2e Drivers\STM32L0xx_HAL_Driver\stm32l0xx_hal_spi.o
                0x0800544a                HAL_SPI_DeInit
 .text.HAL_SPI_TransmitReceive
                0x08005478      0x2f0 Drivers\STM32L0xx_HAL_Driver\stm32l0xx_hal_spi.o
                0x08005478                HAL_SPI_TransmitReceive
 .text.HAL_UART_DeInit
                0x08005768       0x3a Drivers\STM32L0xx_HAL_Driver\stm32l0xx_hal_uart.o
                0x08005768                HAL_UART_DeInit
 *fill*         0x080057a2        0x2 
 .text.UART_SetConfig
                0x080057a4      0x260 Drivers\STM32L0xx_HAL_Driver\stm32l0xx_hal_uart.o
                0x080057a4                UART_SetConfig
 .text.UART_AdvFeatureConfig
                0x08005a04       0xd0 Drivers\STM32L0xx_HAL_Driver\stm32l0xx_hal_uart.o
                0x08005a04                UART_AdvFeatureConfig
 .text.UART_WaitOnFlagUntilTimeout
                0x08005ad4       0x64 Drivers\STM32L0xx_HAL_Driver\stm32l0xx_hal_uart.o
                0x08005ad4                UART_WaitOnFlagUntilTimeout
 .text.HAL_UART_Transmit
                0x08005b38       0xcc Drivers\STM32L0xx_HAL_Driver\stm32l0xx_hal_uart.o
                0x08005b38                HAL_UART_Transmit
 .text.UART_CheckIdleState
                0x08005c04       0x64 Drivers\STM32L0xx_HAL_Driver\stm32l0xx_hal_uart.o
                0x08005c04                UART_CheckIdleState
 .text.HAL_UART_Init
                0x08005c68       0x6c Drivers\STM32L0xx_HAL_Driver\stm32l0xx_hal_uart.o
                0x08005c68                HAL_UART_Init
 .text.DelayMs  0x08005cd4        0x8 Middlewares\Lora\Utilities\delay.o
                0x08005cd4                DelayMs
 .text.LowPower_Disable
                0x08005cdc       0x18 Middlewares\Lora\Utilities\low_power.o
                0x08005cdc                LowPower_Disable
 .text.LowPower_Enable
                0x08005cf4       0x18 Middlewares\Lora\Utilities\low_power.o
                0x08005cf4                LowPower_Enable
 .text.LowPower_GetState
                0x08005d0c        0xc Middlewares\Lora\Utilities\low_power.o
                0x08005d0c                LowPower_GetState
 .text.LowPower_Handler
                0x08005d18       0x24 Middlewares\Lora\Utilities\low_power.o
                0x08005d18                LowPower_Handler
 .text.TimerSetTimeout
                0x08005d3c       0x2a Middlewares\Lora\Utilities\timeServer.o
 *fill*         0x08005d66        0x2 
 .text.TimerInsertNewHeadTimer
                0x08005d68       0x1c Middlewares\Lora\Utilities\timeServer.o
 .text.TimerInit
                0x08005d84        0xe Middlewares\Lora\Utilities\timeServer.o
                0x08005d84                TimerInit
 *fill*         0x08005d92        0x2 
 .text.TimerStart
                0x08005d94       0x70 Middlewares\Lora\Utilities\timeServer.o
                0x08005d94                TimerStart
 .text.TimerIrqHandler
                0x08005e04       0x74 Middlewares\Lora\Utilities\timeServer.o
                0x08005e04                TimerIrqHandler
 .text.TimerStop
                0x08005e78       0x58 Middlewares\Lora\Utilities\timeServer.o
                0x08005e78                TimerStop
 .text.TimerSetValue
                0x08005ed0       0x22 Middlewares\Lora\Utilities\timeServer.o
                0x08005ed0                TimerSetValue
 .text.TimerGetCurrentTime
                0x08005ef2        0xc Middlewares\Lora\Utilities\timeServer.o
                0x08005ef2                TimerGetCurrentTime
 .text.TimerGetElapsedTime
                0x08005efe       0x18 Middlewares\Lora\Utilities\timeServer.o
                0x08005efe                TimerGetElapsedTime
 .text.memcpy1  0x08005f16       0x12 Middlewares\Lora\Utilities\utilities.o
                0x08005f16                memcpy1
 .text.DBG_Init
                0x08005f28       0x48 Projects\PingPong\debug.o
                0x08005f28                DBG_Init
 .text.Error_Handler
                0x08005f70        0x2 Projects\PingPong\debug.o
                0x08005f70                Error_Handler
 *fill*         0x08005f72        0x2 
 .text.HW_GPIO_GetBitPos
                0x08005f74       0x3c Projects\PingPong\hw_gpio.o
 .text.HW_GPIO_Init
                0x08005fb0       0x98 Projects\PingPong\hw_gpio.o
                0x08005fb0                HW_GPIO_Init
 .text.HW_GPIO_SetIrq
                0x08006048       0x34 Projects\PingPong\hw_gpio.o
                0x08006048                HW_GPIO_SetIrq
 .text.HW_GPIO_IrqHandler
                0x0800607c       0x18 Projects\PingPong\hw_gpio.o
                0x0800607c                HW_GPIO_IrqHandler
 .text.HW_GPIO_Write
                0x08006094        0xa Projects\PingPong\hw_gpio.o
                0x08006094                HW_GPIO_Write
 *fill*         0x0800609e        0x2 
 .text.HW_RTC_GetCalendarValue
                0x080060a0       0xa0 Projects\PingPong\hw_rtc.o
 .text.HW_RTC_setMcuWakeUpTime
                0x08006140       0x74 Projects\PingPong\hw_rtc.o
                0x08006140                HW_RTC_setMcuWakeUpTime
 .text.HW_RTC_GetMinimumTimeout
                0x080061b4        0x4 Projects\PingPong\hw_rtc.o
                0x080061b4                HW_RTC_GetMinimumTimeout
 .text.HW_RTC_ms2Tick
                0x080061b8       0x10 Projects\PingPong\hw_rtc.o
                0x080061b8                HW_RTC_ms2Tick
 .text.HW_RTC_Tick2ms
                0x080061c8       0x14 Projects\PingPong\hw_rtc.o
                0x080061c8                HW_RTC_Tick2ms
 .text.HW_RTC_GetTimerElapsedTime
                0x080061dc       0x18 Projects\PingPong\hw_rtc.o
                0x080061dc                HW_RTC_GetTimerElapsedTime
 .text.HW_RTC_GetTimerValue
                0x080061f4        0xe Projects\PingPong\hw_rtc.o
                0x080061f4                HW_RTC_GetTimerValue
 *fill*         0x08006202        0x2 
 .text.HW_RTC_StopAlarm
                0x08006204       0x24 Projects\PingPong\hw_rtc.o
                0x08006204                HW_RTC_StopAlarm
 .text.HW_RTC_SetAlarm
                0x08006228      0x160 Projects\PingPong\hw_rtc.o
                0x08006228                HW_RTC_SetAlarm
 .text.HW_RTC_IrqHandler
                0x08006388       0x3c Projects\PingPong\hw_rtc.o
                0x08006388                HW_RTC_IrqHandler
 .text.HW_RTC_DelayMs
                0x080063c4       0x26 Projects\PingPong\hw_rtc.o
                0x080063c4                HW_RTC_DelayMs
 *fill*         0x080063ea        0x2 
 .text.HW_RTC_SetTimerContext
                0x080063ec       0x18 Projects\PingPong\hw_rtc.o
                0x080063ec                HW_RTC_SetTimerContext
 .text.HW_RTC_Init
                0x08006404       0x80 Projects\PingPong\hw_rtc.o
                0x08006404                HW_RTC_Init
 .text.HW_RTC_GetTimerContext
                0x08006484        0xc Projects\PingPong\hw_rtc.o
                0x08006484                HW_RTC_GetTimerContext
 .text.HW_SPI_Init
                0x08006490       0xe0 Projects\PingPong\hw_spi.o
                0x08006490                HW_SPI_Init
 .text.HW_SPI_DeInit
                0x08006570       0xa8 Projects\PingPong\hw_spi.o
                0x08006570                HW_SPI_DeInit
 .text.HW_SPI_InOut
                0x08006618       0x28 Projects\PingPong\hw_spi.o
                0x08006618                HW_SPI_InOut
 .text.OnTxTimeout
                0x08006640       0x24 Projects\PingPong\main.o
                0x08006640                OnTxTimeout
 .text.OnRxTimeout
                0x08006664       0x24 Projects\PingPong\main.o
                0x08006664                OnRxTimeout
 .text.OnRxError
                0x08006688       0x24 Projects\PingPong\main.o
                0x08006688                OnRxError
 .text.OnTxDone
                0x080066ac       0x28 Projects\PingPong\main.o
                0x080066ac                OnTxDone
 .text.OnRadioTransmission
                0x080066d4       0x88 Projects\PingPong\main.o
 .text.OnledEvent
                0x0800675c       0x28 Projects\PingPong\main.o
 .text.OnRxDone
                0x08006784       0x90 Projects\PingPong\main.o
                0x08006784                OnRxDone
 .text.My_Strcat
                0x08006814       0x1e Projects\PingPong\main.o
                0x08006814                My_Strcat
 *fill*         0x08006832        0x2 
 .text.Push_Button_Init
                0x08006834       0xa4 Projects\PingPong\main.o
                0x08006834                Push_Button_Init
 .text.startup.main
                0x080068d8      0x164 Projects\PingPong\main.o
                0x080068d8                main
 .text.EXTI2_3_IRQHandler
                0x08006a3c       0x74 Projects\PingPong\main.o
                0x08006a3c                EXTI2_3_IRQHandler
 .text.HAL_InitTick
                0x08006ab0        0x4 Projects\PingPong\mlm32l0xx_hal_msp.o
                0x08006ab0                HAL_InitTick
 .text.HAL_MspInit
                0x08006ab4       0x20 Projects\PingPong\mlm32l0xx_hal_msp.o
                0x08006ab4                HAL_MspInit
 .text.HAL_RTC_MspInit
                0x08006ad4       0x5c Projects\PingPong\mlm32l0xx_hal_msp.o
                0x08006ad4                HAL_RTC_MspInit
 .text.HAL_RTC_AlarmAEventCallback
                0x08006b30        0x8 Projects\PingPong\mlm32l0xx_hal_msp.o
                0x08006b30                HAL_RTC_AlarmAEventCallback
 .text.HAL_GPIO_EXTI_Callback
                0x08006b38        0x8 Projects\PingPong\mlm32l0xx_hal_msp.o
                0x08006b38                HAL_GPIO_EXTI_Callback
 .text.MSP_GetIRQn
                0x08006b40       0x20 Projects\PingPong\mlm32l0xx_hal_msp.o
                0x08006b40                MSP_GetIRQn
 .text.HW_DeInit
                0x08006b60       0x20 Projects\PingPong\mlm32l0xx_hw.o
                0x08006b60                HW_DeInit
 .text.SystemClock_Config
                0x08006b80       0x94 Projects\PingPong\mlm32l0xx_hw.o
                0x08006b80                SystemClock_Config
 .text.HW_AdcInit
                0x08006c14       0x70 Projects\PingPong\mlm32l0xx_hw.o
                0x08006c14                HW_AdcInit
 .text.HW_Init  0x08006c84       0x48 Projects\PingPong\mlm32l0xx_hw.o
                0x08006c84                HW_Init
 .text.HW_EnterStopMode
                0x08006ccc       0x28 Projects\PingPong\mlm32l0xx_hw.o
                0x08006ccc                HW_EnterStopMode
 .text.HW_ExitStopMode
                0x08006cf4       0x50 Projects\PingPong\mlm32l0xx_hw.o
                0x08006cf4                HW_ExitStopMode
 .text.HW_EnterSleepMode
                0x08006d44        0xc Projects\PingPong\mlm32l0xx_hw.o
                0x08006d44                HW_EnterSleepMode
 .text.NMI_Handler
                0x08006d50        0x2 Projects\PingPong\mlm32l0xx_it.o
                0x08006d50                NMI_Handler
 .text.HardFault_Handler
                0x08006d52        0x4 Projects\PingPong\mlm32l0xx_it.o
                0x08006d52                HardFault_Handler
 .text.SVC_Handler
                0x08006d56        0x2 Projects\PingPong\mlm32l0xx_it.o
                0x08006d56                SVC_Handler
 .text.PendSV_Handler
                0x08006d58        0x2 Projects\PingPong\mlm32l0xx_it.o
                0x08006d58                PendSV_Handler
 .text.SysTick_Handler
                0x08006d5a        0x8 Projects\PingPong\mlm32l0xx_it.o
                0x08006d5a                SysTick_Handler
 .text.USART2_IRQHandler
                0x08006d62        0x8 Projects\PingPong\mlm32l0xx_it.o
                0x08006d62                USART2_IRQHandler
 .text.RTC_IRQHandler
                0x08006d6a        0x8 Projects\PingPong\mlm32l0xx_it.o
                0x08006d6a                RTC_IRQHandler
 .text.EXTI0_1_IRQHandler
                0x08006d72       0x10 Projects\PingPong\mlm32l0xx_it.o
                0x08006d72                EXTI0_1_IRQHandler
 .text.EXTI4_15_IRQHandler
                0x08006d82       0x5c Projects\PingPong\mlm32l0xx_it.o
                0x08006d82                EXTI4_15_IRQHandler
 *fill*         0x08006dde        0x2 
 .text.vcom_Init
                0x08006de0       0x44 Projects\PingPong\vcom.o
                0x08006de0                vcom_Init
 .text.vcom_DeInit
                0x08006e24       0x10 Projects\PingPong\vcom.o
                0x08006e24                vcom_DeInit
 .text.vcom_Send
                0x08006e34       0x8c Projects\PingPong\vcom.o
                0x08006e34                vcom_Send
 .text.vcom_Print
                0x08006ec0       0x6c Projects\PingPong\vcom.o
                0x08006ec0                vcom_Print
 .text.vcom_IoInit
                0x08006f2c       0x60 Projects\PingPong\vcom.o
                0x08006f2c                vcom_IoInit
 .text.HAL_UART_MspInit
                0x08006f8c       0x18 Projects\PingPong\vcom.o
                0x08006f8c                HAL_UART_MspInit
 .text.vcom_IoDeInit
                0x08006fa4       0x58 Projects\PingPong\vcom.o
                0x08006fa4                vcom_IoDeInit
 .text.HAL_UART_MspDeInit
                0x08006ffc        0x8 Projects\PingPong\vcom.o
                0x08006ffc                HAL_UART_MspDeInit
 .text.Reset_Handler
                0x08007004       0x50 Projects\SW4STM32\startup_stm32l072xx.o
                0x08007004                Reset_Handler
 .text.Default_Handler
                0x08007054        0x2 Projects\SW4STM32\startup_stm32l072xx.o
                0x08007054                TSC_IRQHandler
                0x08007054                ADC1_COMP_IRQHandler
                0x08007054                PVD_IRQHandler
                0x08007054                I2C1_IRQHandler
                0x08007054                RCC_CRS_IRQHandler
                0x08007054                SPI1_IRQHandler
                0x08007054                TIM6_DAC_IRQHandler
                0x08007054                I2C2_IRQHandler
                0x08007054                DMA1_Channel4_5_6_7_IRQHandler
                0x08007054                TIM3_IRQHandler
                0x08007054                DMA1_Channel1_IRQHandler
                0x08007054                USART4_5_IRQHandler
                0x08007054                Default_Handler
                0x08007054                TIM22_IRQHandler
                0x08007054                TIM7_IRQHandler
                0x08007054                USB_IRQHandler
                0x08007054                I2C3_IRQHandler
                0x08007054                SPI2_IRQHandler
                0x08007054                TIM21_IRQHandler
                0x08007054                WWDG_IRQHandler
                0x08007054                TIM2_IRQHandler
                0x08007054                DMA1_Channel2_3_IRQHandler
                0x08007054                FLASH_IRQHandler
                0x08007054                USART1_IRQHandler
                0x08007054                RNG_LPUART1_IRQHandler
                0x08007054                LPTIM1_IRQHandler
 *fill*         0x08007056        0x2 
 .text.__libc_init_array
                0x08007058       0x48 c:/program files (x86)/atollic/truestudio for stm32 9.0.0/armtools/bin/../lib/gcc/arm-atollic-eabi/6.3.1/../../../../arm-atollic-eabi/lib/armv6-m\libc_nano.a(lib_a-init.o)
                0x08007058                __libc_init_array
 .text.memcpy   0x080070a0       0x12 c:/program files (x86)/atollic/truestudio for stm32 9.0.0/armtools/bin/../lib/gcc/arm-atollic-eabi/6.3.1/../../../../arm-atollic-eabi/lib/armv6-m\libc_nano.a(lib_a-memcpy-stub.o)
                0x080070a0                memcpy
 .text.memset   0x080070b2       0x10 c:/program files (x86)/atollic/truestudio for stm32 9.0.0/armtools/bin/../lib/gcc/arm-atollic-eabi/6.3.1/../../../../arm-atollic-eabi/lib/armv6-m\libc_nano.a(lib_a-memset.o)
                0x080070b2                memset
 *fill*         0x080070c2        0x2 
 .text._vsprintf_r
                0x080070c4       0x30 c:/program files (x86)/atollic/truestudio for stm32 9.0.0/armtools/bin/../lib/gcc/arm-atollic-eabi/6.3.1/../../../../arm-atollic-eabi/lib/armv6-m\libc_nano.a(lib_a-vsprintf.o)
                0x080070c4                _vsprintf_r
                0x080070c4                _vsiprintf_r
 .text.vsprintf
                0x080070f4       0x18 c:/program files (x86)/atollic/truestudio for stm32 9.0.0/armtools/bin/../lib/gcc/arm-atollic-eabi/6.3.1/../../../../arm-atollic-eabi/lib/armv6-m\libc_nano.a(lib_a-vsprintf.o)
                0x080070f4                vsiprintf
                0x080070f4                vsprintf
 .text.__ssputs_r
                0x0800710c       0xc4 c:/program files (x86)/atollic/truestudio for stm32 9.0.0/armtools/bin/../lib/gcc/arm-atollic-eabi/6.3.1/../../../../arm-atollic-eabi/lib/armv6-m\libc_nano.a(lib_a-nano-svfprintf.o)
                0x0800710c                __ssputs_r
 .text._svfprintf_r
                0x080071d0      0x208 c:/program files (x86)/atollic/truestudio for stm32 9.0.0/armtools/bin/../lib/gcc/arm-atollic-eabi/6.3.1/../../../../arm-atollic-eabi/lib/armv6-m\libc_nano.a(lib_a-nano-svfprintf.o)
                0x080071d0                _svfiprintf_r
                0x080071d0                _svfprintf_r
 .text._printf_common
                0x080073d8       0xda c:/program files (x86)/atollic/truestudio for stm32 9.0.0/armtools/bin/../lib/gcc/arm-atollic-eabi/6.3.1/../../../../arm-atollic-eabi/lib/armv6-m\libc_nano.a(lib_a-nano-vfprintf_i.o)
                0x080073d8                _printf_common
 *fill*         0x080074b2        0x2 
 .text._printf_i
                0x080074b4      0x234 c:/program files (x86)/atollic/truestudio for stm32 9.0.0/armtools/bin/../lib/gcc/arm-atollic-eabi/6.3.1/../../../../arm-atollic-eabi/lib/armv6-m\libc_nano.a(lib_a-nano-vfprintf_i.o)
                0x080074b4                _printf_i
 .text.memchr   0x080076e8       0x16 c:/program files (x86)/atollic/truestudio for stm32 9.0.0/armtools/bin/../lib/gcc/arm-atollic-eabi/6.3.1/../../../../arm-atollic-eabi/lib/armv6-m\libc_nano.a(lib_a-memchr-stub.o)
                0x080076e8                memchr
 .text.memmove  0x080076fe       0x24 c:/program files (x86)/atollic/truestudio for stm32 9.0.0/armtools/bin/../lib/gcc/arm-atollic-eabi/6.3.1/../../../../arm-atollic-eabi/lib/armv6-m\libc_nano.a(lib_a-memmove.o)
                0x080076fe                memmove
 *fill*         0x08007722        0x2 
 .text._free_r  0x08007724       0x94 c:/program files (x86)/atollic/truestudio for stm32 9.0.0/armtools/bin/../lib/gcc/arm-atollic-eabi/6.3.1/../../../../arm-atollic-eabi/lib/armv6-m\libc_nano.a(lib_a-nano-freer.o)
                0x08007724                _free_r
 .text._malloc_r
                0x080077b8       0xbc c:/program files (x86)/atollic/truestudio for stm32 9.0.0/armtools/bin/../lib/gcc/arm-atollic-eabi/6.3.1/../../../../arm-atollic-eabi/lib/armv6-m\libc_nano.a(lib_a-nano-mallocr.o)
                0x080077b8                _malloc_r
 .text._realloc_r
                0x08007874       0x4c c:/program files (x86)/atollic/truestudio for stm32 9.0.0/armtools/bin/../lib/gcc/arm-atollic-eabi/6.3.1/../../../../arm-atollic-eabi/lib/armv6-m\libc_nano.a(lib_a-nano-reallocr.o)
                0x08007874                _realloc_r
 .text._sbrk_r  0x080078c0       0x24 c:/program files (x86)/atollic/truestudio for stm32 9.0.0/armtools/bin/../lib/gcc/arm-atollic-eabi/6.3.1/../../../../arm-atollic-eabi/lib/armv6-m\libc_nano.a(lib_a-sbrkr.o)
                0x080078c0                _sbrk_r
 .text.__malloc_lock
                0x080078e4        0x2 c:/program files (x86)/atollic/truestudio for stm32 9.0.0/armtools/bin/../lib/gcc/arm-atollic-eabi/6.3.1/../../../../arm-atollic-eabi/lib/armv6-m\libc_nano.a(lib_a-mlock.o)
                0x080078e4                __malloc_lock
 .text.__malloc_unlock
                0x080078e6        0x2 c:/program files (x86)/atollic/truestudio for stm32 9.0.0/armtools/bin/../lib/gcc/arm-atollic-eabi/6.3.1/../../../../arm-atollic-eabi/lib/armv6-m\libc_nano.a(lib_a-mlock.o)
                0x080078e6                __malloc_unlock
 .text._malloc_usable_size_r
                0x080078e8       0x10 c:/program files (x86)/atollic/truestudio for stm32 9.0.0/armtools/bin/../lib/gcc/arm-atollic-eabi/6.3.1/../../../../arm-atollic-eabi/lib/armv6-m\libc_nano.a(lib_a-nano-msizer.o)
                0x080078e8                _malloc_usable_size_r
 .text.ceil     0x080078f8      0x104 c:/program files (x86)/atollic/truestudio for stm32 9.0.0/armtools/bin/../lib/gcc/arm-atollic-eabi/6.3.1/../../../../arm-atollic-eabi/lib/armv6-m\libm.a(lib_a-s_ceil.o)
                0x080078f8                ceil
 .text.floor    0x080079fc      0x104 c:/program files (x86)/atollic/truestudio for stm32 9.0.0/armtools/bin/../lib/gcc/arm-atollic-eabi/6.3.1/../../../../arm-atollic-eabi/lib/armv6-m\libm.a(lib_a-s_floor.o)
                0x080079fc                floor
 .text.round    0x08007b00       0x8c c:/program files (x86)/atollic/truestudio for stm32 9.0.0/armtools/bin/../lib/gcc/arm-atollic-eabi/6.3.1/../../../../arm-atollic-eabi/lib/armv6-m\libm.a(lib_a-s_round.o)
                0x08007b00                round
 .text._sbrk    0x08007b8c       0x20 c:/program files (x86)/atollic/truestudio for stm32 9.0.0/armtools/bin/../lib/gcc/arm-atollic-eabi/6.3.1/../../../../arm-atollic-eabi/lib/armv6-m\libnosys.a(sbrk.o)
                0x08007b8c                _sbrk
 *(.glue_7)
 .glue_7        0x08007bac        0x0 linker stubs
 *(.glue_7t)
 .glue_7t       0x08007bac        0x0 linker stubs
 *(.eh_frame)
 .eh_frame      0x08007bac        0x0 c:/program files (x86)/atollic/truestudio for stm32 9.0.0/armtools/bin/../lib/gcc/arm-atollic-eabi/6.3.1/armv6-m/crtbegin.o
 *(.init)
 .init          0x08007bac        0x4 c:/program files (x86)/atollic/truestudio for stm32 9.0.0/armtools/bin/../lib/gcc/arm-atollic-eabi/6.3.1/armv6-m/crti.o
                0x08007bac                _init
 .init          0x08007bb0        0x8 c:/program files (x86)/atollic/truestudio for stm32 9.0.0/armtools/bin/../lib/gcc/arm-atollic-eabi/6.3.1/armv6-m/crtn.o
 *(.fini)
 .fini          0x08007bb8        0x4 c:/program files (x86)/atollic/truestudio for stm32 9.0.0/armtools/bin/../lib/gcc/arm-atollic-eabi/6.3.1/armv6-m/crti.o
                0x08007bb8                _fini
 .fini          0x08007bbc        0x8 c:/program files (x86)/atollic/truestudio for stm32 9.0.0/armtools/bin/../lib/gcc/arm-atollic-eabi/6.3.1/armv6-m/crtn.o
                0x08007bc4                . = ALIGN (0x4)
                0x08007bc4                _etext = .

.vfp11_veneer   0x08007bc4        0x0
 .vfp11_veneer  0x08007bc4        0x0 linker stubs

.v4_bx          0x08007bc4        0x0
 .v4_bx         0x08007bc4        0x0 linker stubs

.iplt           0x08007bc4        0x0
 .iplt          0x08007bc4        0x0 c:/program files (x86)/atollic/truestudio for stm32 9.0.0/armtools/bin/../lib/gcc/arm-atollic-eabi/6.3.1/armv6-m/crtbegin.o

.rodata         0x08007bc8      0x3ec
                0x08007bc8                . = ALIGN (0x4)
 *(.rodata)
 .rodata        0x08007bc8        0xc Drivers\BSP\B_L072Z_LRWAN1\b-l072z-lrwan1.o
                0x08007bc8                LED_PIN
                0x08007bd0                BUTTON_IRQn
                0x08007bd2                BUTTON_PIN
 *fill*         0x08007bd4        0x4 
 .rodata        0x08007bd8       0xf8 Drivers\BSP\Components\sx1276.o
                0x08007bd8                FskBandwidths
                0x08007ca0                RadioRegsInit
 .rodata        0x08007cd0       0x68 Drivers\BSP\MLM32L07X01\mlm32l07x01.o
                0x08007cd0                Radio
 .rodata        0x08007d38       0x21 Drivers\CMSIS\system_stm32l0xx.o
                0x08007d38                PLLMulTable
                0x08007d41                AHBPrescTable
                0x08007d51                APBPrescTable
 .rodata        0x08007d59       0x11 Drivers\STM32L0xx_HAL_Driver\stm32l0xx_hal_uart.o
 .rodata        0x08007d6a       0x18 Projects\PingPong\hw_rtc.o
 *fill*         0x08007d82        0x2 
 .rodata        0x08007d84       0x40 c:/program files (x86)/atollic/truestudio for stm32 9.0.0/armtools/bin/../lib/gcc/arm-atollic-eabi/6.3.1/armv6-m\libgcc.a(divdf3.o)
 .rodata        0x08007dc4       0x40 c:/program files (x86)/atollic/truestudio for stm32 9.0.0/armtools/bin/../lib/gcc/arm-atollic-eabi/6.3.1/armv6-m\libgcc.a(muldf3.o)
 *(.rodata*)
 .rodata.str1.1
                0x08007e04       0x1e Drivers\BSP\Components\sx1276.o
 .rodata.cst1   0x08007e22        0x1 Drivers\BSP\MLM32L07X01\mlm32l07x01.o
 .rodata.str1.1
                0x08007e23      0x15d Projects\PingPong\main.o
                                0x160 (size before relaxing)
 .rodata._svfprintf_r.str1.1
                0x08007f80       0x11 c:/program files (x86)/atollic/truestudio for stm32 9.0.0/armtools/bin/../lib/gcc/arm-atollic-eabi/6.3.1/../../../../arm-atollic-eabi/lib/armv6-m\libc_nano.a(lib_a-nano-svfprintf.o)
 .rodata._printf_i.str1.1
                0x08007f91       0x22 c:/program files (x86)/atollic/truestudio for stm32 9.0.0/armtools/bin/../lib/gcc/arm-atollic-eabi/6.3.1/../../../../arm-atollic-eabi/lib/armv6-m\libc_nano.a(lib_a-nano-vfprintf_i.o)
                0x08007fb4                . = ALIGN (0x4)
 *fill*         0x08007fb3        0x1 

.ARM.extab
 *(.ARM.extab* .gnu.linkonce.armextab.*)

.ARM            0x08007fb4        0x8
                0x08007fb4                __exidx_start = .
 *(.ARM.exidx*)
 .ARM.exidx     0x08007fb4        0x8 c:/program files (x86)/atollic/truestudio for stm32 9.0.0/armtools/bin/../lib/gcc/arm-atollic-eabi/6.3.1/armv6-m\libgcc.a(_udivmoddi4.o)
                0x08007fbc                __exidx_end = .

.rel.dyn        0x08007fbc        0x0
 .rel.iplt      0x08007fbc        0x0 c:/program files (x86)/atollic/truestudio for stm32 9.0.0/armtools/bin/../lib/gcc/arm-atollic-eabi/6.3.1/armv6-m/crtbegin.o

.preinit_array  0x08007fbc        0x0
                0x08007fbc                PROVIDE (__preinit_array_start, .)
 *(.preinit_array*)
                0x08007fbc                PROVIDE (__preinit_array_end, .)

.init_array     0x08007fbc        0x4
                0x08007fbc                PROVIDE (__init_array_start, .)
 *(SORT(.init_array.*))
 *(.init_array*)
 .init_array    0x08007fbc        0x4 c:/program files (x86)/atollic/truestudio for stm32 9.0.0/armtools/bin/../lib/gcc/arm-atollic-eabi/6.3.1/armv6-m/crtbegin.o
                0x08007fc0                PROVIDE (__init_array_end, .)

.fini_array     0x08007fc0        0x4
                [!provide]                PROVIDE (__fini_array_start, .)
 *(SORT(.fini_array.*))
 *(.fini_array*)
 .fini_array    0x08007fc0        0x4 c:/program files (x86)/atollic/truestudio for stm32 9.0.0/armtools/bin/../lib/gcc/arm-atollic-eabi/6.3.1/armv6-m/crtbegin.o
                [!provide]                PROVIDE (__fini_array_end, .)
                0x08007fc4                _sidata = LOADADDR (.data)

.data           0x20000000       0xf4 load address 0x08007fc4
                0x20000000                . = ALIGN (0x4)
                0x20000000                _sdata = .
 *(.data)
 .data          0x20000000       0x14 Drivers\BSP\B_L072Z_LRWAN1\b-l072z-lrwan1.o
                0x20000000                LED_PORT
                0x20000010                BUTTON_PORT
 .data          0x20000014       0x18 Drivers\BSP\Components\sx1276.o
                0x20000014                DioIrq
 .data          0x2000002c       0x18 Drivers\BSP\MLM32L07X01\mlm32l07x01.o
 .data          0x20000044        0x4 Drivers\CMSIS\system_stm32l0xx.o
                0x20000044                SystemCoreClock
 .data          0x20000048       0x47 Projects\PingPong\main.o
                0x20000048                BufferSize
                0x2000004c                qt1
                0x20000050                pt1
                0x20000054                Data
                0x2000007c                qt3
                0x20000080                pt2
                0x20000084                EndKeyWord
                0x20000088                StartKeyWord
 *(.data*)
 *fill*         0x2000008f        0x1 
 .data._impure_ptr
                0x20000090        0x4 c:/program files (x86)/atollic/truestudio for stm32 9.0.0/armtools/bin/../lib/gcc/arm-atollic-eabi/6.3.1/../../../../arm-atollic-eabi/lib/armv6-m\libc_nano.a(lib_a-impure.o)
                0x20000090                _impure_ptr
 .data.impure_data
                0x20000094       0x60 c:/program files (x86)/atollic/truestudio for stm32 9.0.0/armtools/bin/../lib/gcc/arm-atollic-eabi/6.3.1/../../../../arm-atollic-eabi/lib/armv6-m\libc_nano.a(lib_a-impure.o)
                0x200000f4                . = ALIGN (0x4)
                0x200000f4                _edata = .

.igot.plt       0x200000f4        0x0 load address 0x080080b8
 .igot.plt      0x200000f4        0x0 c:/program files (x86)/atollic/truestudio for stm32 9.0.0/armtools/bin/../lib/gcc/arm-atollic-eabi/6.3.1/armv6-m/crtbegin.o
                0x200000f4                . = ALIGN (0x4)

.bss            0x200000f4      0x5a8 load address 0x080080b8
                0x200000f4                _sbss = .
                0x200000f4                __bss_start__ = _sbss
 *(.bss)
 .bss           0x200000f4       0x1c c:/program files (x86)/atollic/truestudio for stm32 9.0.0/armtools/bin/../lib/gcc/arm-atollic-eabi/6.3.1/armv6-m/crtbegin.o
 .bss           0x20000110      0x109 Drivers\BSP\Components\sx1276.o
 *fill*         0x20000219        0x3 
 .bss           0x2000021c        0x4 Middlewares\Lora\Utilities\low_power.o
 .bss           0x20000220        0x4 Middlewares\Lora\Utilities\timeServer.o
 .bss           0x20000224       0x40 Projects\PingPong\hw_gpio.o
 .bss           0x20000264       0x71 Projects\PingPong\hw_rtc.o
 *fill*         0x200002d5        0x3 
 .bss           0x200002d8       0x58 Projects\PingPong\hw_spi.o
 .bss           0x20000330       0x58 Projects\PingPong\main.o
                0x20000330                State
                0x2000034c                TxState
                0x20000368                RssiValue
                0x20000369                SnrValue
 .bss           0x20000388       0x64 Projects\PingPong\mlm32l0xx_hw.o
 .bss           0x200003ec      0x174 Projects\PingPong\vcom.o
                0x2000045c                iw
 *(.bss*)
 .bss.__malloc_free_list
                0x20000560        0x4 c:/program files (x86)/atollic/truestudio for stm32 9.0.0/armtools/bin/../lib/gcc/arm-atollic-eabi/6.3.1/../../../../arm-atollic-eabi/lib/armv6-m\libc_nano.a(lib_a-nano-mallocr.o)
                0x20000560                __malloc_free_list
 .bss.__malloc_sbrk_start
                0x20000564        0x4 c:/program files (x86)/atollic/truestudio for stm32 9.0.0/armtools/bin/../lib/gcc/arm-atollic-eabi/6.3.1/../../../../arm-atollic-eabi/lib/armv6-m\libc_nano.a(lib_a-nano-mallocr.o)
                0x20000564                __malloc_sbrk_start
 .bss.heap_end.4116
                0x20000568        0x4 c:/program files (x86)/atollic/truestudio for stm32 9.0.0/armtools/bin/../lib/gcc/arm-atollic-eabi/6.3.1/../../../../arm-atollic-eabi/lib/armv6-m\libnosys.a(sbrk.o)
 *(COMMON)
 COMMON         0x2000056c       0xa4 Drivers\BSP\Components\sx1276.o
                0x2000056c                TxTimeoutTimer
                0x20000580                RxTimeoutSyncWord
                0x20000594                SX1276
                0x200005fc                RxTimeoutTimer
 COMMON         0x20000610        0x4 Drivers\STM32L0xx_HAL_Driver\stm32l0xx_hal.o
                0x20000610                uwTick
 COMMON         0x20000614       0x82 Projects\PingPong\main.o
                0x20000614                Txcount
                0x20000616                RxBuffer
                0x20000656                TxBuffer
 *fill*         0x20000696        0x2 
 COMMON         0x20000698        0x4 c:/program files (x86)/atollic/truestudio for stm32 9.0.0/armtools/bin/../lib/gcc/arm-atollic-eabi/6.3.1/../../../../arm-atollic-eabi/lib/armv6-m\libc_nano.a(lib_a-reent.o)
                0x20000698                errno
                0x2000069c                . = ALIGN (0x4)
                0x2000069c                _ebss = .
                0x2000069c                __bss_end__ = _ebss

._user_heap_stack
                0x2000069c      0x604 load address 0x080080b8
                0x200006a0                . = ALIGN (0x8)
 *fill*         0x2000069c        0x4 
                0x200006a0                PROVIDE (end, .)
                [!provide]                PROVIDE (_end, .)
                0x200008a0                . = (. + _Min_Heap_Size)
 *fill*         0x200006a0      0x200 
                0x20000ca0                . = (. + _Min_Stack_Size)
 *fill*         0x200008a0      0x400 
                0x20000ca0                . = ALIGN (0x8)

/DISCARD/
 libc.a(*)
 libm.a(*)
 libgcc.a(*)

.ARM.attributes
                0x00000000       0x28
 *(.ARM.attributes)
 .ARM.attributes
                0x00000000       0x1e c:/program files (x86)/atollic/truestudio for stm32 9.0.0/armtools/bin/../lib/gcc/arm-atollic-eabi/6.3.1/armv6-m/crti.o
 .ARM.attributes
                0x0000001e       0x2c c:/program files (x86)/atollic/truestudio for stm32 9.0.0/armtools/bin/../lib/gcc/arm-atollic-eabi/6.3.1/armv6-m/crtbegin.o
 .ARM.attributes
                0x0000004a       0x32 Drivers\BSP\B_L072Z_LRWAN1\b-l072z-lrwan1.o
 .ARM.attributes
                0x0000007c       0x32 Drivers\BSP\Components\sx1276.o
 .ARM.attributes
                0x000000ae       0x32 Drivers\BSP\MLM32L07X01\mlm32l07x01.o
 .ARM.attributes
                0x000000e0       0x32 Drivers\CMSIS\system_stm32l0xx.o
 .ARM.attributes
                0x00000112       0x32 Drivers\STM32L0xx_HAL_Driver\stm32l0xx_hal.o
 .ARM.attributes
                0x00000144       0x32 Drivers\STM32L0xx_HAL_Driver\stm32l0xx_hal_adc.o
 .ARM.attributes
                0x00000176       0x32 Drivers\STM32L0xx_HAL_Driver\stm32l0xx_hal_cortex.o
 .ARM.attributes
                0x000001a8       0x32 Drivers\STM32L0xx_HAL_Driver\stm32l0xx_hal_gpio.o
 .ARM.attributes
                0x000001da       0x32 Drivers\STM32L0xx_HAL_Driver\stm32l0xx_hal_pwr.o
 .ARM.attributes
                0x0000020c       0x32 Drivers\STM32L0xx_HAL_Driver\stm32l0xx_hal_pwr_ex.o
 .ARM.attributes
                0x0000023e       0x32 Drivers\STM32L0xx_HAL_Driver\stm32l0xx_hal_rcc.o
 .ARM.attributes
                0x00000270       0x32 Drivers\STM32L0xx_HAL_Driver\stm32l0xx_hal_rcc_ex.o
 .ARM.attributes
                0x000002a2       0x32 Drivers\STM32L0xx_HAL_Driver\stm32l0xx_hal_rtc.o
 .ARM.attributes
                0x000002d4       0x32 Drivers\STM32L0xx_HAL_Driver\stm32l0xx_hal_rtc_ex.o
 .ARM.attributes
                0x00000306       0x32 Drivers\STM32L0xx_HAL_Driver\stm32l0xx_hal_spi.o
 .ARM.attributes
                0x00000338       0x32 Drivers\STM32L0xx_HAL_Driver\stm32l0xx_hal_uart.o
 .ARM.attributes
                0x0000036a       0x32 Middlewares\Lora\Utilities\delay.o
 .ARM.attributes
                0x0000039c       0x32 Middlewares\Lora\Utilities\low_power.o
 .ARM.attributes
                0x000003ce       0x32 Middlewares\Lora\Utilities\timeServer.o
 .ARM.attributes
                0x00000400       0x32 Middlewares\Lora\Utilities\utilities.o
 .ARM.attributes
                0x00000432       0x32 Projects\PingPong\debug.o
 .ARM.attributes
                0x00000464       0x32 Projects\PingPong\hw_gpio.o
 .ARM.attributes
                0x00000496       0x32 Projects\PingPong\hw_rtc.o
 .ARM.attributes
                0x000004c8       0x32 Projects\PingPong\hw_spi.o
 .ARM.attributes
                0x000004fa       0x32 Projects\PingPong\main.o
 .ARM.attributes
                0x0000052c       0x32 Projects\PingPong\mlm32l0xx_hal_msp.o
 .ARM.attributes
                0x0000055e       0x32 Projects\PingPong\mlm32l0xx_hw.o
 .ARM.attributes
                0x00000590       0x32 Projects\PingPong\mlm32l0xx_it.o
 .ARM.attributes
                0x000005c2       0x32 Projects\PingPong\vcom.o
 .ARM.attributes
                0x000005f4       0x22 Projects\SW4STM32\startup_stm32l072xx.o
 .ARM.attributes
                0x00000616       0x2c c:/program files (x86)/atollic/truestudio for stm32 9.0.0/armtools/bin/../lib/gcc/arm-atollic-eabi/6.3.1/../../../../arm-atollic-eabi/lib/armv6-m\libc_nano.a(lib_a-init.o)
 .ARM.attributes
                0x00000642       0x2c c:/program files (x86)/atollic/truestudio for stm32 9.0.0/armtools/bin/../lib/gcc/arm-atollic-eabi/6.3.1/../../../../arm-atollic-eabi/lib/armv6-m\libc_nano.a(lib_a-memcpy-stub.o)
 .ARM.attributes
                0x0000066e       0x2c c:/program files (x86)/atollic/truestudio for stm32 9.0.0/armtools/bin/../lib/gcc/arm-atollic-eabi/6.3.1/../../../../arm-atollic-eabi/lib/armv6-m\libc_nano.a(lib_a-memset.o)
 .ARM.attributes
                0x0000069a       0x2c c:/program files (x86)/atollic/truestudio for stm32 9.0.0/armtools/bin/../lib/gcc/arm-atollic-eabi/6.3.1/../../../../arm-atollic-eabi/lib/armv6-m\libc_nano.a(lib_a-vsprintf.o)
 .ARM.attributes
                0x000006c6       0x2c c:/program files (x86)/atollic/truestudio for stm32 9.0.0/armtools/bin/../lib/gcc/arm-atollic-eabi/6.3.1/../../../../arm-atollic-eabi/lib/armv6-m\libc_nano.a(lib_a-impure.o)
 .ARM.attributes
                0x000006f2       0x2c c:/program files (x86)/atollic/truestudio for stm32 9.0.0/armtools/bin/../lib/gcc/arm-atollic-eabi/6.3.1/../../../../arm-atollic-eabi/lib/armv6-m\libc_nano.a(lib_a-nano-svfprintf.o)
 .ARM.attributes
                0x0000071e       0x2c c:/program files (x86)/atollic/truestudio for stm32 9.0.0/armtools/bin/../lib/gcc/arm-atollic-eabi/6.3.1/../../../../arm-atollic-eabi/lib/armv6-m\libc_nano.a(lib_a-nano-vfprintf_i.o)
 .ARM.attributes
                0x0000074a       0x2c c:/program files (x86)/atollic/truestudio for stm32 9.0.0/armtools/bin/../lib/gcc/arm-atollic-eabi/6.3.1/../../../../arm-atollic-eabi/lib/armv6-m\libc_nano.a(lib_a-memchr-stub.o)
 .ARM.attributes
                0x00000776       0x2c c:/program files (x86)/atollic/truestudio for stm32 9.0.0/armtools/bin/../lib/gcc/arm-atollic-eabi/6.3.1/../../../../arm-atollic-eabi/lib/armv6-m\libc_nano.a(lib_a-memmove.o)
 .ARM.attributes
                0x000007a2       0x2c c:/program files (x86)/atollic/truestudio for stm32 9.0.0/armtools/bin/../lib/gcc/arm-atollic-eabi/6.3.1/../../../../arm-atollic-eabi/lib/armv6-m\libc_nano.a(lib_a-nano-freer.o)
 .ARM.attributes
                0x000007ce       0x2c c:/program files (x86)/atollic/truestudio for stm32 9.0.0/armtools/bin/../lib/gcc/arm-atollic-eabi/6.3.1/../../../../arm-atollic-eabi/lib/armv6-m\libc_nano.a(lib_a-nano-mallocr.o)
 .ARM.attributes
                0x000007fa       0x2c c:/program files (x86)/atollic/truestudio for stm32 9.0.0/armtools/bin/../lib/gcc/arm-atollic-eabi/6.3.1/../../../../arm-atollic-eabi/lib/armv6-m\libc_nano.a(lib_a-nano-reallocr.o)
 .ARM.attributes
                0x00000826       0x2c c:/program files (x86)/atollic/truestudio for stm32 9.0.0/armtools/bin/../lib/gcc/arm-atollic-eabi/6.3.1/../../../../arm-atollic-eabi/lib/armv6-m\libc_nano.a(lib_a-sbrkr.o)
 .ARM.attributes
                0x00000852       0x2c c:/program files (x86)/atollic/truestudio for stm32 9.0.0/armtools/bin/../lib/gcc/arm-atollic-eabi/6.3.1/../../../../arm-atollic-eabi/lib/armv6-m\libc_nano.a(lib_a-mlock.o)
 .ARM.attributes
                0x0000087e       0x2c c:/program files (x86)/atollic/truestudio for stm32 9.0.0/armtools/bin/../lib/gcc/arm-atollic-eabi/6.3.1/../../../../arm-atollic-eabi/lib/armv6-m\libc_nano.a(lib_a-nano-msizer.o)
 .ARM.attributes
                0x000008aa       0x2c c:/program files (x86)/atollic/truestudio for stm32 9.0.0/armtools/bin/../lib/gcc/arm-atollic-eabi/6.3.1/../../../../arm-atollic-eabi/lib/armv6-m\libc_nano.a(lib_a-reent.o)
 .ARM.attributes
                0x000008d6       0x2c c:/program files (x86)/atollic/truestudio for stm32 9.0.0/armtools/bin/../lib/gcc/arm-atollic-eabi/6.3.1/../../../../arm-atollic-eabi/lib/armv6-m\libm.a(lib_a-s_ceil.o)
 .ARM.attributes
                0x00000902       0x2c c:/program files (x86)/atollic/truestudio for stm32 9.0.0/armtools/bin/../lib/gcc/arm-atollic-eabi/6.3.1/../../../../arm-atollic-eabi/lib/armv6-m\libm.a(lib_a-s_floor.o)
 .ARM.attributes
                0x0000092e       0x2c c:/program files (x86)/atollic/truestudio for stm32 9.0.0/armtools/bin/../lib/gcc/arm-atollic-eabi/6.3.1/../../../../arm-atollic-eabi/lib/armv6-m\libm.a(lib_a-s_round.o)
 .ARM.attributes
                0x0000095a       0x1e c:/program files (x86)/atollic/truestudio for stm32 9.0.0/armtools/bin/../lib/gcc/arm-atollic-eabi/6.3.1/armv6-m\libgcc.a(_thumb1_case_uqi.o)
 .ARM.attributes
                0x00000978       0x1e c:/program files (x86)/atollic/truestudio for stm32 9.0.0/armtools/bin/../lib/gcc/arm-atollic-eabi/6.3.1/armv6-m\libgcc.a(_udivsi3.o)
 .ARM.attributes
                0x00000996       0x1e c:/program files (x86)/atollic/truestudio for stm32 9.0.0/armtools/bin/../lib/gcc/arm-atollic-eabi/6.3.1/armv6-m\libgcc.a(_divsi3.o)
 .ARM.attributes
                0x000009b4       0x1e c:/program files (x86)/atollic/truestudio for stm32 9.0.0/armtools/bin/../lib/gcc/arm-atollic-eabi/6.3.1/armv6-m\libgcc.a(_dvmd_tls.o)
 .ARM.attributes
                0x000009d2       0x1e c:/program files (x86)/atollic/truestudio for stm32 9.0.0/armtools/bin/../lib/gcc/arm-atollic-eabi/6.3.1/armv6-m\libgcc.a(_arm_cmpdf2.o)
 .ARM.attributes
                0x000009f0       0x1e c:/program files (x86)/atollic/truestudio for stm32 9.0.0/armtools/bin/../lib/gcc/arm-atollic-eabi/6.3.1/armv6-m\libgcc.a(_aeabi_uldivmod.o)
 .ARM.attributes
                0x00000a0e       0x2c c:/program files (x86)/atollic/truestudio for stm32 9.0.0/armtools/bin/../lib/gcc/arm-atollic-eabi/6.3.1/armv6-m\libgcc.a(_muldi3.o)
 .ARM.attributes
                0x00000a3a       0x2c c:/program files (x86)/atollic/truestudio for stm32 9.0.0/armtools/bin/../lib/gcc/arm-atollic-eabi/6.3.1/armv6-m\libgcc.a(_fixunsdfsi.o)
 .ARM.attributes
                0x00000a66       0x2c c:/program files (x86)/atollic/truestudio for stm32 9.0.0/armtools/bin/../lib/gcc/arm-atollic-eabi/6.3.1/armv6-m\libgcc.a(_udivmoddi4.o)
 .ARM.attributes
                0x00000a92       0x2c c:/program files (x86)/atollic/truestudio for stm32 9.0.0/armtools/bin/../lib/gcc/arm-atollic-eabi/6.3.1/armv6-m\libgcc.a(adddf3.o)
 .ARM.attributes
                0x00000abe       0x2c c:/program files (x86)/atollic/truestudio for stm32 9.0.0/armtools/bin/../lib/gcc/arm-atollic-eabi/6.3.1/armv6-m\libgcc.a(divdf3.o)
 .ARM.attributes
                0x00000aea       0x2c c:/program files (x86)/atollic/truestudio for stm32 9.0.0/armtools/bin/../lib/gcc/arm-atollic-eabi/6.3.1/armv6-m\libgcc.a(eqdf2.o)
 .ARM.attributes
                0x00000b16       0x2c c:/program files (x86)/atollic/truestudio for stm32 9.0.0/armtools/bin/../lib/gcc/arm-atollic-eabi/6.3.1/armv6-m\libgcc.a(gedf2.o)
 .ARM.attributes
                0x00000b42       0x2c c:/program files (x86)/atollic/truestudio for stm32 9.0.0/armtools/bin/../lib/gcc/arm-atollic-eabi/6.3.1/armv6-m\libgcc.a(ledf2.o)
 .ARM.attributes
                0x00000b6e       0x2c c:/program files (x86)/atollic/truestudio for stm32 9.0.0/armtools/bin/../lib/gcc/arm-atollic-eabi/6.3.1/armv6-m\libgcc.a(muldf3.o)
 .ARM.attributes
                0x00000b9a       0x2c c:/program files (x86)/atollic/truestudio for stm32 9.0.0/armtools/bin/../lib/gcc/arm-atollic-eabi/6.3.1/armv6-m\libgcc.a(subdf3.o)
 .ARM.attributes
                0x00000bc6       0x2c c:/program files (x86)/atollic/truestudio for stm32 9.0.0/armtools/bin/../lib/gcc/arm-atollic-eabi/6.3.1/armv6-m\libgcc.a(fixdfsi.o)
 .ARM.attributes
                0x00000bf2       0x2c c:/program files (x86)/atollic/truestudio for stm32 9.0.0/armtools/bin/../lib/gcc/arm-atollic-eabi/6.3.1/armv6-m\libgcc.a(floatsidf.o)
 .ARM.attributes
                0x00000c1e       0x2c c:/program files (x86)/atollic/truestudio for stm32 9.0.0/armtools/bin/../lib/gcc/arm-atollic-eabi/6.3.1/armv6-m\libgcc.a(floatunsidf.o)
 .ARM.attributes
                0x00000c4a       0x1e c:/program files (x86)/atollic/truestudio for stm32 9.0.0/armtools/bin/../lib/gcc/arm-atollic-eabi/6.3.1/armv6-m\libgcc.a(_clzsi2.o)
 .ARM.attributes
                0x00000c68       0x1e c:/program files (x86)/atollic/truestudio for stm32 9.0.0/armtools/bin/../lib/gcc/arm-atollic-eabi/6.3.1/armv6-m\libgcc.a(_clzdi2.o)
 .ARM.attributes
                0x00000c86       0x2c c:/program files (x86)/atollic/truestudio for stm32 9.0.0/armtools/bin/../lib/gcc/arm-atollic-eabi/6.3.1/../../../../arm-atollic-eabi/lib/armv6-m\libnosys.a(sbrk.o)
 .ARM.attributes
                0x00000cb2       0x1e c:/program files (x86)/atollic/truestudio for stm32 9.0.0/armtools/bin/../lib/gcc/arm-atollic-eabi/6.3.1/armv6-m/crtn.o
OUTPUT(mlm32l07x01.elf elf32-littlearm)

.debug_info     0x00000000    0x24bad
 .debug_info    0x00000000     0x1200 Drivers\BSP\B_L072Z_LRWAN1\b-l072z-lrwan1.o
 .debug_info    0x00001200     0x381c Drivers\BSP\Components\sx1276.o
 .debug_info    0x00004a1c     0x1956 Drivers\BSP\MLM32L07X01\mlm32l07x01.o
 .debug_info    0x00006372      0xba2 Drivers\CMSIS\system_stm32l0xx.o
 .debug_info    0x00006f14     0x100c Drivers\STM32L0xx_HAL_Driver\stm32l0xx_hal.o
 .debug_info    0x00007f20     0x16f6 Drivers\STM32L0xx_HAL_Driver\stm32l0xx_hal_adc.o
 .debug_info    0x00009616     0x1155 Drivers\STM32L0xx_HAL_Driver\stm32l0xx_hal_cortex.o
 .debug_info    0x0000a76b      0xee2 Drivers\STM32L0xx_HAL_Driver\stm32l0xx_hal_gpio.o
 .debug_info    0x0000b64d      0xe6d Drivers\STM32L0xx_HAL_Driver\stm32l0xx_hal_pwr.o
 .debug_info    0x0000c4ba      0xa3c Drivers\STM32L0xx_HAL_Driver\stm32l0xx_hal_pwr_ex.o
 .debug_info    0x0000cef6     0x13d2 Drivers\STM32L0xx_HAL_Driver\stm32l0xx_hal_rcc.o
 .debug_info    0x0000e2c8     0x10d5 Drivers\STM32L0xx_HAL_Driver\stm32l0xx_hal_rcc_ex.o
 .debug_info    0x0000f39d     0x15bd Drivers\STM32L0xx_HAL_Driver\stm32l0xx_hal_rtc.o
 .debug_info    0x0001095a     0x1817 Drivers\STM32L0xx_HAL_Driver\stm32l0xx_hal_rtc_ex.o
 .debug_info    0x00012171     0x1d8d Drivers\STM32L0xx_HAL_Driver\stm32l0xx_hal_spi.o
 .debug_info    0x00013efe     0x222c Drivers\STM32L0xx_HAL_Driver\stm32l0xx_hal_uart.o
 .debug_info    0x0001612a      0xa17 Middlewares\Lora\Utilities\delay.o
 .debug_info    0x00016b41      0xb59 Middlewares\Lora\Utilities\low_power.o
 .debug_info    0x0001769a      0xff0 Middlewares\Lora\Utilities\timeServer.o
 .debug_info    0x0001868a      0xafd Middlewares\Lora\Utilities\utilities.o
 .debug_info    0x00019187      0xc54 Projects\PingPong\debug.o
 .debug_info    0x00019ddb     0x100c Projects\PingPong\hw_gpio.o
 .debug_info    0x0001ade7     0x16d8 Projects\PingPong\hw_rtc.o
 .debug_info    0x0001c4bf     0x139c Projects\PingPong\hw_spi.o
 .debug_info    0x0001d85b     0x1ed8 Projects\PingPong\main.o
 .debug_info    0x0001f733     0x12c4 Projects\PingPong\mlm32l0xx_hal_msp.o
 .debug_info    0x000209f7     0x1cb4 Projects\PingPong\mlm32l0xx_hw.o
 .debug_info    0x000226ab      0xbea Projects\PingPong\mlm32l0xx_it.o
 .debug_info    0x00023295     0x1840 Projects\PingPong\vcom.o
 .debug_info    0x00024ad5       0xd8 Projects\SW4STM32\startup_stm32l072xx.o

.debug_abbrev   0x00000000     0x546e
 .debug_abbrev  0x00000000      0x2d6 Drivers\BSP\B_L072Z_LRWAN1\b-l072z-lrwan1.o
 .debug_abbrev  0x000002d6      0x4a8 Drivers\BSP\Components\sx1276.o
 .debug_abbrev  0x0000077e      0x3a5 Drivers\BSP\MLM32L07X01\mlm32l07x01.o
 .debug_abbrev  0x00000b23      0x1cd Drivers\CMSIS\system_stm32l0xx.o
 .debug_abbrev  0x00000cf0      0x2c3 Drivers\STM32L0xx_HAL_Driver\stm32l0xx_hal.o
 .debug_abbrev  0x00000fb3      0x317 Drivers\STM32L0xx_HAL_Driver\stm32l0xx_hal_adc.o
 .debug_abbrev  0x000012ca      0x31c Drivers\STM32L0xx_HAL_Driver\stm32l0xx_hal_cortex.o
 .debug_abbrev  0x000015e6      0x255 Drivers\STM32L0xx_HAL_Driver\stm32l0xx_hal_gpio.o
 .debug_abbrev  0x0000183b      0x231 Drivers\STM32L0xx_HAL_Driver\stm32l0xx_hal_pwr.o
 .debug_abbrev  0x00001a6c      0x1ee Drivers\STM32L0xx_HAL_Driver\stm32l0xx_hal_pwr_ex.o
 .debug_abbrev  0x00001c5a      0x32d Drivers\STM32L0xx_HAL_Driver\stm32l0xx_hal_rcc.o
 .debug_abbrev  0x00001f87      0x2b5 Drivers\STM32L0xx_HAL_Driver\stm32l0xx_hal_rcc_ex.o
 .debug_abbrev  0x0000223c      0x2ab Drivers\STM32L0xx_HAL_Driver\stm32l0xx_hal_rtc.o
 .debug_abbrev  0x000024e7      0x2c9 Drivers\STM32L0xx_HAL_Driver\stm32l0xx_hal_rtc_ex.o
 .debug_abbrev  0x000027b0      0x35a Drivers\STM32L0xx_HAL_Driver\stm32l0xx_hal_spi.o
 .debug_abbrev  0x00002b0a      0x3aa Drivers\STM32L0xx_HAL_Driver\stm32l0xx_hal_uart.o
 .debug_abbrev  0x00002eb4      0x225 Middlewares\Lora\Utilities\delay.o
 .debug_abbrev  0x000030d9      0x29e Middlewares\Lora\Utilities\low_power.o
 .debug_abbrev  0x00003377      0x415 Middlewares\Lora\Utilities\timeServer.o
 .debug_abbrev  0x0000378c      0x20f Middlewares\Lora\Utilities\utilities.o
 .debug_abbrev  0x0000399b      0x209 Projects\PingPong\debug.o
 .debug_abbrev  0x00003ba4      0x295 Projects\PingPong\hw_gpio.o
 .debug_abbrev  0x00003e39      0x3fc Projects\PingPong\hw_rtc.o
 .debug_abbrev  0x00004235      0x2b2 Projects\PingPong\hw_spi.o
 .debug_abbrev  0x000044e7      0x3ac Projects\PingPong\main.o
 .debug_abbrev  0x00004893      0x256 Projects\PingPong\mlm32l0xx_hal_msp.o
 .debug_abbrev  0x00004ae9      0x3d3 Projects\PingPong\mlm32l0xx_hw.o
 .debug_abbrev  0x00004ebc      0x250 Projects\PingPong\mlm32l0xx_it.o
 .debug_abbrev  0x0000510c      0x350 Projects\PingPong\vcom.o
 .debug_abbrev  0x0000545c       0x12 Projects\SW4STM32\startup_stm32l072xx.o

.debug_loc      0x00000000     0x8f67
 .debug_loc     0x00000000      0x18c Drivers\BSP\B_L072Z_LRWAN1\b-l072z-lrwan1.o
 .debug_loc     0x0000018c     0x1473 Drivers\BSP\Components\sx1276.o
 .debug_loc     0x000015ff      0x1c6 Drivers\BSP\MLM32L07X01\mlm32l07x01.o
 .debug_loc     0x000017c5      0x17f Drivers\CMSIS\system_stm32l0xx.o
 .debug_loc     0x00001944       0xac Drivers\STM32L0xx_HAL_Driver\stm32l0xx_hal.o
 .debug_loc     0x000019f0      0xa74 Drivers\STM32L0xx_HAL_Driver\stm32l0xx_hal_adc.o
 .debug_loc     0x00002464      0x3cc Drivers\STM32L0xx_HAL_Driver\stm32l0xx_hal_cortex.o
 .debug_loc     0x00002830      0x2f9 Drivers\STM32L0xx_HAL_Driver\stm32l0xx_hal_gpio.o
 .debug_loc     0x00002b29      0x12e Drivers\STM32L0xx_HAL_Driver\stm32l0xx_hal_pwr.o
 .debug_loc     0x00002c57       0x2a Drivers\STM32L0xx_HAL_Driver\stm32l0xx_hal_pwr_ex.o
 .debug_loc     0x00002c81      0x5b7 Drivers\STM32L0xx_HAL_Driver\stm32l0xx_hal_rcc.o
 .debug_loc     0x00003238      0x6fe Drivers\STM32L0xx_HAL_Driver\stm32l0xx_hal_rcc_ex.o
 .debug_loc     0x00003936      0xc45 Drivers\STM32L0xx_HAL_Driver\stm32l0xx_hal_rtc.o
 .debug_loc     0x0000457b      0xf9d Drivers\STM32L0xx_HAL_Driver\stm32l0xx_hal_rtc_ex.o
 .debug_loc     0x00005518      0xfdf Drivers\STM32L0xx_HAL_Driver\stm32l0xx_hal_spi.o
 .debug_loc     0x000064f7     0x150c Drivers\STM32L0xx_HAL_Driver\stm32l0xx_hal_uart.o
 .debug_loc     0x00007a03       0x7e Middlewares\Lora\Utilities\delay.o
 .debug_loc     0x00007a81       0x21 Middlewares\Lora\Utilities\low_power.o
 .debug_loc     0x00007aa2      0x461 Middlewares\Lora\Utilities\timeServer.o
 .debug_loc     0x00007f03      0x241 Middlewares\Lora\Utilities\utilities.o
 .debug_loc     0x00008144      0x262 Projects\PingPong\hw_gpio.o
 .debug_loc     0x000083a6      0x7c1 Projects\PingPong\hw_rtc.o
 .debug_loc     0x00008b67       0x6b Projects\PingPong\hw_spi.o
 .debug_loc     0x00008bd2      0x15d Projects\PingPong\main.o
 .debug_loc     0x00008d2f       0xc4 Projects\PingPong\mlm32l0xx_hal_msp.o
 .debug_loc     0x00008df3       0xba Projects\PingPong\mlm32l0xx_hw.o
 .debug_loc     0x00008ead       0xba Projects\PingPong\vcom.o

.debug_aranges  0x00000000      0xf80
 .debug_aranges
                0x00000000       0x50 Drivers\BSP\B_L072Z_LRWAN1\b-l072z-lrwan1.o
 .debug_aranges
                0x00000050      0x150 Drivers\BSP\Components\sx1276.o
 .debug_aranges
                0x000001a0       0x68 Drivers\BSP\MLM32L07X01\mlm32l07x01.o
 .debug_aranges
                0x00000208       0x28 Drivers\CMSIS\system_stm32l0xx.o
 .debug_aranges
                0x00000230       0xd8 Drivers\STM32L0xx_HAL_Driver\stm32l0xx_hal.o
 .debug_aranges
                0x00000308       0xd8 Drivers\STM32L0xx_HAL_Driver\stm32l0xx_hal_adc.o
 .debug_aranges
                0x000003e0       0x80 Drivers\STM32L0xx_HAL_Driver\stm32l0xx_hal_cortex.o
 .debug_aranges
                0x00000460       0x58 Drivers\STM32L0xx_HAL_Driver\stm32l0xx_hal_gpio.o
 .debug_aranges
                0x000004b8       0xa0 Drivers\STM32L0xx_HAL_Driver\stm32l0xx_hal_pwr.o
 .debug_aranges
                0x00000558       0x50 Drivers\STM32L0xx_HAL_Driver\stm32l0xx_hal_pwr_ex.o
 .debug_aranges
                0x000005a8       0x88 Drivers\STM32L0xx_HAL_Driver\stm32l0xx_hal_rcc.o
 .debug_aranges
                0x00000630       0x98 Drivers\STM32L0xx_HAL_Driver\stm32l0xx_hal_rcc_ex.o
 .debug_aranges
                0x000006c8       0xa8 Drivers\STM32L0xx_HAL_Driver\stm32l0xx_hal_rtc.o
 .debug_aranges
                0x00000770      0x108 Drivers\STM32L0xx_HAL_Driver\stm32l0xx_hal_rtc_ex.o
 .debug_aranges
                0x00000878      0x108 Drivers\STM32L0xx_HAL_Driver\stm32l0xx_hal_spi.o
 .debug_aranges
                0x00000980      0x188 Drivers\STM32L0xx_HAL_Driver\stm32l0xx_hal_uart.o
 .debug_aranges
                0x00000b08       0x28 Middlewares\Lora\Utilities\delay.o
 .debug_aranges
                0x00000b30       0x38 Middlewares\Lora\Utilities\low_power.o
 .debug_aranges
                0x00000b68       0x68 Middlewares\Lora\Utilities\timeServer.o
 .debug_aranges
                0x00000bd0       0x50 Middlewares\Lora\Utilities\utilities.o
 .debug_aranges
                0x00000c20       0x28 Projects\PingPong\debug.o
 .debug_aranges
                0x00000c48       0x48 Projects\PingPong\hw_gpio.o
 .debug_aranges
                0x00000c90       0x90 Projects\PingPong\hw_rtc.o
 .debug_aranges
                0x00000d20       0x30 Projects\PingPong\hw_spi.o
 .debug_aranges
                0x00000d50       0x70 Projects\PingPong\main.o
 .debug_aranges
                0x00000dc0       0x58 Projects\PingPong\mlm32l0xx_hal_msp.o
 .debug_aranges
                0x00000e18       0x78 Projects\PingPong\mlm32l0xx_hw.o
 .debug_aranges
                0x00000e90       0x68 Projects\PingPong\mlm32l0xx_it.o
 .debug_aranges
                0x00000ef8       0x60 Projects\PingPong\vcom.o
 .debug_aranges
                0x00000f58       0x28 Projects\SW4STM32\startup_stm32l072xx.o

.debug_ranges   0x00000000     0x11c8
 .debug_ranges  0x00000000       0x78 Drivers\BSP\B_L072Z_LRWAN1\b-l072z-lrwan1.o
 .debug_ranges  0x00000078      0x228 Drivers\BSP\Components\sx1276.o
 .debug_ranges  0x000002a0       0x88 Drivers\BSP\MLM32L07X01\mlm32l07x01.o
 .debug_ranges  0x00000328       0x18 Drivers\CMSIS\system_stm32l0xx.o
 .debug_ranges  0x00000340       0xc8 Drivers\STM32L0xx_HAL_Driver\stm32l0xx_hal.o
 .debug_ranges  0x00000408       0xc8 Drivers\STM32L0xx_HAL_Driver\stm32l0xx_hal_adc.o
 .debug_ranges  0x000004d0      0x128 Drivers\STM32L0xx_HAL_Driver\stm32l0xx_hal_cortex.o
 .debug_ranges  0x000005f8       0x48 Drivers\STM32L0xx_HAL_Driver\stm32l0xx_hal_gpio.o
 .debug_ranges  0x00000640       0x90 Drivers\STM32L0xx_HAL_Driver\stm32l0xx_hal_pwr.o
 .debug_ranges  0x000006d0       0x40 Drivers\STM32L0xx_HAL_Driver\stm32l0xx_hal_pwr_ex.o
 .debug_ranges  0x00000710       0xe0 Drivers\STM32L0xx_HAL_Driver\stm32l0xx_hal_rcc.o
 .debug_ranges  0x000007f0       0xa8 Drivers\STM32L0xx_HAL_Driver\stm32l0xx_hal_rcc_ex.o
 .debug_ranges  0x00000898       0x98 Drivers\STM32L0xx_HAL_Driver\stm32l0xx_hal_rtc.o
 .debug_ranges  0x00000930       0xf8 Drivers\STM32L0xx_HAL_Driver\stm32l0xx_hal_rtc_ex.o
 .debug_ranges  0x00000a28      0x158 Drivers\STM32L0xx_HAL_Driver\stm32l0xx_hal_spi.o
 .debug_ranges  0x00000b80      0x178 Drivers\STM32L0xx_HAL_Driver\stm32l0xx_hal_uart.o
 .debug_ranges  0x00000cf8       0x18 Middlewares\Lora\Utilities\delay.o
 .debug_ranges  0x00000d10       0x28 Middlewares\Lora\Utilities\low_power.o
 .debug_ranges  0x00000d38       0x70 Middlewares\Lora\Utilities\timeServer.o
 .debug_ranges  0x00000da8       0x40 Middlewares\Lora\Utilities\utilities.o
 .debug_ranges  0x00000de8       0x18 Projects\PingPong\debug.o
 .debug_ranges  0x00000e00       0x38 Projects\PingPong\hw_gpio.o
 .debug_ranges  0x00000e38       0x98 Projects\PingPong\hw_rtc.o
 .debug_ranges  0x00000ed0       0x38 Projects\PingPong\hw_spi.o
 .debug_ranges  0x00000f08       0xa8 Projects\PingPong\main.o
 .debug_ranges  0x00000fb0       0x48 Projects\PingPong\mlm32l0xx_hal_msp.o
 .debug_ranges  0x00000ff8       0x68 Projects\PingPong\mlm32l0xx_hw.o
 .debug_ranges  0x00001060       0x58 Projects\PingPong\mlm32l0xx_it.o
 .debug_ranges  0x000010b8       0xf0 Projects\PingPong\vcom.o
 .debug_ranges  0x000011a8       0x20 Projects\SW4STM32\startup_stm32l072xx.o

.debug_macro    0x00000000    0x1d1a9
 .debug_macro   0x00000000      0x3a1 Drivers\BSP\B_L072Z_LRWAN1\b-l072z-lrwan1.o
 .debug_macro   0x000003a1      0x8b0 Drivers\BSP\B_L072Z_LRWAN1\b-l072z-lrwan1.o
 .debug_macro   0x00000c51       0xbc Drivers\BSP\B_L072Z_LRWAN1\b-l072z-lrwan1.o
 .debug_macro   0x00000d0d       0x2e Drivers\BSP\B_L072Z_LRWAN1\b-l072z-lrwan1.o
 .debug_macro   0x00000d3b       0x28 Drivers\BSP\B_L072Z_LRWAN1\b-l072z-lrwan1.o
 .debug_macro   0x00000d63       0x22 Drivers\BSP\B_L072Z_LRWAN1\b-l072z-lrwan1.o
 .debug_macro   0x00000d85       0x87 Drivers\BSP\B_L072Z_LRWAN1\b-l072z-lrwan1.o
 .debug_macro   0x00000e0c       0x51 Drivers\BSP\B_L072Z_LRWAN1\b-l072z-lrwan1.o
 .debug_macro   0x00000e5d       0xef Drivers\BSP\B_L072Z_LRWAN1\b-l072z-lrwan1.o
 .debug_macro   0x00000f4c       0x6a Drivers\BSP\B_L072Z_LRWAN1\b-l072z-lrwan1.o
 .debug_macro   0x00000fb6      0x1df Drivers\BSP\B_L072Z_LRWAN1\b-l072z-lrwan1.o
 .debug_macro   0x00001195       0x34 Drivers\BSP\B_L072Z_LRWAN1\b-l072z-lrwan1.o
 .debug_macro   0x000011c9       0x26 Drivers\BSP\B_L072Z_LRWAN1\b-l072z-lrwan1.o
 .debug_macro   0x000011ef      0x44f Drivers\BSP\B_L072Z_LRWAN1\b-l072z-lrwan1.o
 .debug_macro   0x0000163e     0xa0b7 Drivers\BSP\B_L072Z_LRWAN1\b-l072z-lrwan1.o
 .debug_macro   0x0000b6f5       0x3c Drivers\BSP\B_L072Z_LRWAN1\b-l072z-lrwan1.o
 .debug_macro   0x0000b731     0x34a2 Drivers\BSP\B_L072Z_LRWAN1\b-l072z-lrwan1.o
 .debug_macro   0x0000ebd3       0x46 Drivers\BSP\B_L072Z_LRWAN1\b-l072z-lrwan1.o
 .debug_macro   0x0000ec19       0x3c Drivers\BSP\B_L072Z_LRWAN1\b-l072z-lrwan1.o
 .debug_macro   0x0000ec55       0x9c Drivers\BSP\B_L072Z_LRWAN1\b-l072z-lrwan1.o
 .debug_macro   0x0000ecf1       0x16 Drivers\BSP\B_L072Z_LRWAN1\b-l072z-lrwan1.o
 .debug_macro   0x0000ed07       0x97 Drivers\BSP\B_L072Z_LRWAN1\b-l072z-lrwan1.o
 .debug_macro   0x0000ed9e      0x30d Drivers\BSP\B_L072Z_LRWAN1\b-l072z-lrwan1.o
 .debug_macro   0x0000f0ab       0xfd Drivers\BSP\B_L072Z_LRWAN1\b-l072z-lrwan1.o
 .debug_macro   0x0000f1a8       0x10 Drivers\BSP\B_L072Z_LRWAN1\b-l072z-lrwan1.o
 .debug_macro   0x0000f1b8       0x52 Drivers\BSP\B_L072Z_LRWAN1\b-l072z-lrwan1.o
 .debug_macro   0x0000f20a       0x1f Drivers\BSP\B_L072Z_LRWAN1\b-l072z-lrwan1.o
 .debug_macro   0x0000f229       0x43 Drivers\BSP\B_L072Z_LRWAN1\b-l072z-lrwan1.o
 .debug_macro   0x0000f26c       0x20 Drivers\BSP\B_L072Z_LRWAN1\b-l072z-lrwan1.o
 .debug_macro   0x0000f28c      0x1a3 Drivers\BSP\B_L072Z_LRWAN1\b-l072z-lrwan1.o
 .debug_macro   0x0000f42f       0x10 Drivers\BSP\B_L072Z_LRWAN1\b-l072z-lrwan1.o
 .debug_macro   0x0000f43f       0x1c Drivers\BSP\B_L072Z_LRWAN1\b-l072z-lrwan1.o
 .debug_macro   0x0000f45b       0x52 Drivers\BSP\B_L072Z_LRWAN1\b-l072z-lrwan1.o
 .debug_macro   0x0000f4ad       0x40 Drivers\BSP\B_L072Z_LRWAN1\b-l072z-lrwan1.o
 .debug_macro   0x0000f4ed       0x10 Drivers\BSP\B_L072Z_LRWAN1\b-l072z-lrwan1.o
 .debug_macro   0x0000f4fd       0x40 Drivers\BSP\B_L072Z_LRWAN1\b-l072z-lrwan1.o
 .debug_macro   0x0000f53d       0xd7 Drivers\BSP\B_L072Z_LRWAN1\b-l072z-lrwan1.o
 .debug_macro   0x0000f614       0x16 Drivers\BSP\B_L072Z_LRWAN1\b-l072z-lrwan1.o
 .debug_macro   0x0000f62a      0x161 Drivers\BSP\B_L072Z_LRWAN1\b-l072z-lrwan1.o
 .debug_macro   0x0000f78b       0x57 Drivers\BSP\B_L072Z_LRWAN1\b-l072z-lrwan1.o
 .debug_macro   0x0000f7e2      0x8ee Drivers\BSP\B_L072Z_LRWAN1\b-l072z-lrwan1.o
 .debug_macro   0x000100d0      0xb55 Drivers\BSP\B_L072Z_LRWAN1\b-l072z-lrwan1.o
 .debug_macro   0x00010c25      0x14d Drivers\BSP\B_L072Z_LRWAN1\b-l072z-lrwan1.o
 .debug_macro   0x00010d72      0x1d1 Drivers\BSP\B_L072Z_LRWAN1\b-l072z-lrwan1.o
 .debug_macro   0x00010f43      0x29c Drivers\BSP\B_L072Z_LRWAN1\b-l072z-lrwan1.o
 .debug_macro   0x000111df      0x1ef Drivers\BSP\B_L072Z_LRWAN1\b-l072z-lrwan1.o
 .debug_macro   0x000113ce      0x4e8 Drivers\BSP\B_L072Z_LRWAN1\b-l072z-lrwan1.o
 .debug_macro   0x000118b6       0x6c Drivers\BSP\B_L072Z_LRWAN1\b-l072z-lrwan1.o
 .debug_macro   0x00011922      0x12a Drivers\BSP\B_L072Z_LRWAN1\b-l072z-lrwan1.o
 .debug_macro   0x00011a4c      0x4bb Drivers\BSP\B_L072Z_LRWAN1\b-l072z-lrwan1.o
 .debug_macro   0x00011f07      0x202 Drivers\BSP\B_L072Z_LRWAN1\b-l072z-lrwan1.o
 .debug_macro   0x00012109       0x5b Drivers\BSP\B_L072Z_LRWAN1\b-l072z-lrwan1.o
 .debug_macro   0x00012164       0x90 Drivers\BSP\B_L072Z_LRWAN1\b-l072z-lrwan1.o
 .debug_macro   0x000121f4       0x87 Drivers\BSP\B_L072Z_LRWAN1\b-l072z-lrwan1.o
 .debug_macro   0x0001227b      0x18f Drivers\BSP\B_L072Z_LRWAN1\b-l072z-lrwan1.o
 .debug_macro   0x0001240a       0x16 Drivers\BSP\B_L072Z_LRWAN1\b-l072z-lrwan1.o
 .debug_macro   0x00012420      0x30c Drivers\BSP\B_L072Z_LRWAN1\b-l072z-lrwan1.o
 .debug_macro   0x0001272c      0x41b Drivers\BSP\B_L072Z_LRWAN1\b-l072z-lrwan1.o
 .debug_macro   0x00012b47       0xdd Drivers\BSP\B_L072Z_LRWAN1\b-l072z-lrwan1.o
 .debug_macro   0x00012c24      0x202 Drivers\BSP\B_L072Z_LRWAN1\b-l072z-lrwan1.o
 .debug_macro   0x00012e26      0x703 Drivers\BSP\B_L072Z_LRWAN1\b-l072z-lrwan1.o
 .debug_macro   0x00013529      0x159 Drivers\BSP\B_L072Z_LRWAN1\b-l072z-lrwan1.o
 .debug_macro   0x00013682      0x54a Drivers\BSP\B_L072Z_LRWAN1\b-l072z-lrwan1.o
 .debug_macro   0x00013bcc       0x44 Drivers\BSP\B_L072Z_LRWAN1\b-l072z-lrwan1.o
 .debug_macro   0x00013c10      0x169 Drivers\BSP\B_L072Z_LRWAN1\b-l072z-lrwan1.o
 .debug_macro   0x00013d79       0x16 Drivers\BSP\B_L072Z_LRWAN1\b-l072z-lrwan1.o
 .debug_macro   0x00013d8f       0x35 Drivers\BSP\B_L072Z_LRWAN1\b-l072z-lrwan1.o
 .debug_macro   0x00013dc4       0x16 Drivers\BSP\B_L072Z_LRWAN1\b-l072z-lrwan1.o
 .debug_macro   0x00013dda       0x29 Drivers\BSP\B_L072Z_LRWAN1\b-l072z-lrwan1.o
 .debug_macro   0x00013e03       0xe0 Drivers\BSP\B_L072Z_LRWAN1\b-l072z-lrwan1.o
 .debug_macro   0x00013ee3      0x477 Drivers\BSP\Components\sx1276.o
 .debug_macro   0x0001435a       0x40 Drivers\BSP\Components\sx1276.o
 .debug_macro   0x0001439a       0x8d Drivers\BSP\Components\sx1276.o
 .debug_macro   0x00014427      0x174 Drivers\BSP\Components\sx1276.o
 .debug_macro   0x0001459b       0x57 Drivers\BSP\Components\sx1276.o
 .debug_macro   0x000145f2      0x1e1 Drivers\BSP\Components\sx1276.o
 .debug_macro   0x000147d3       0x22 Drivers\BSP\Components\sx1276.o
 .debug_macro   0x000147f5       0x3a Drivers\BSP\Components\sx1276.o
 .debug_macro   0x0001482f       0x1c Drivers\BSP\Components\sx1276.o
 .debug_macro   0x0001484b      0x15c Drivers\BSP\Components\sx1276.o
 .debug_macro   0x000149a7       0x34 Drivers\BSP\Components\sx1276.o
 .debug_macro   0x000149db       0x2e Drivers\BSP\Components\sx1276.o
 .debug_macro   0x00014a09       0x16 Drivers\BSP\Components\sx1276.o
 .debug_macro   0x00014a1f       0x20 Drivers\BSP\Components\sx1276.o
 .debug_macro   0x00014a3f       0x11 Drivers\BSP\Components\sx1276.o
 .debug_macro   0x00014a50       0x2e Drivers\BSP\Components\sx1276.o
 .debug_macro   0x00014a7e     0x14ba Drivers\BSP\Components\sx1276.o
 .debug_macro   0x00015f38      0x795 Drivers\BSP\Components\sx1276.o
 .debug_macro   0x000166cd       0x41 Drivers\BSP\Components\sx1276.o
 .debug_macro   0x0001670e      0x48a Drivers\BSP\MLM32L07X01\mlm32l07x01.o
 .debug_macro   0x00016b98       0x16 Drivers\BSP\MLM32L07X01\mlm32l07x01.o
 .debug_macro   0x00016bae      0x346 Drivers\CMSIS\system_stm32l0xx.o
 .debug_macro   0x00016ef4      0x364 Drivers\STM32L0xx_HAL_Driver\stm32l0xx_hal.o
 .debug_macro   0x00017258      0x34f Drivers\STM32L0xx_HAL_Driver\stm32l0xx_hal_adc.o
 .debug_macro   0x000175a7      0x340 Drivers\STM32L0xx_HAL_Driver\stm32l0xx_hal_cortex.o
 .debug_macro   0x000178e7      0x379 Drivers\STM32L0xx_HAL_Driver\stm32l0xx_hal_gpio.o
 .debug_macro   0x00017c60      0x358 Drivers\STM32L0xx_HAL_Driver\stm32l0xx_hal_pwr.o
 .debug_macro   0x00017fb8      0x346 Drivers\STM32L0xx_HAL_Driver\stm32l0xx_hal_pwr_ex.o
 .debug_macro   0x000182fe      0x3a2 Drivers\STM32L0xx_HAL_Driver\stm32l0xx_hal_rcc.o
 .debug_macro   0x000186a0      0x352 Drivers\STM32L0xx_HAL_Driver\stm32l0xx_hal_rcc_ex.o
 .debug_macro   0x000189f2      0x340 Drivers\STM32L0xx_HAL_Driver\stm32l0xx_hal_rtc.o
 .debug_macro   0x00018d32      0x340 Drivers\STM32L0xx_HAL_Driver\stm32l0xx_hal_rtc_ex.o
 .debug_macro   0x00019072      0x348 Drivers\STM32L0xx_HAL_Driver\stm32l0xx_hal_spi.o
 .debug_macro   0x000193ba      0x352 Drivers\STM32L0xx_HAL_Driver\stm32l0xx_hal_uart.o
 .debug_macro   0x0001970c      0x434 Middlewares\Lora\Utilities\delay.o
 .debug_macro   0x00019b40      0x430 Middlewares\Lora\Utilities\low_power.o
 .debug_macro   0x00019f70      0x45e Middlewares\Lora\Utilities\timeServer.o
 .debug_macro   0x0001a3ce       0x10 Middlewares\Lora\Utilities\timeServer.o
 .debug_macro   0x0001a3de       0x10 Middlewares\Lora\Utilities\timeServer.o
 .debug_macro   0x0001a3ee       0x10 Middlewares\Lora\Utilities\timeServer.o
 .debug_macro   0x0001a3fe       0x35 Middlewares\Lora\Utilities\timeServer.o