sx1276.c:424:16:GetFskBandwidthRegValue	8	static
sx1276.c:1843:6:SX1276OnDio4Irq	0	static
sx1276.c:259:6:SX1276BoardInit	0	static
sx1276.c:298:14:SX1276GetStatus	0	static
sx1276.c:1221:6:SX1276Reset	40	static
sx1276.c:1316:6:SX1276WriteBuffer	16	static
sx1276.c:1303:6:SX1276Write	16	static
sx1276.c:303:6:SX1276SetChannel	16	static
sx1276.c:1333:6:SX1276ReadBuffer	16	static
sx1276.c:1309:9:SX1276Read	16	static
sx1276.c:380:13:RxChainCalibration	16	static
sx1276.c:742:10:SX1276GetTimeOnAir	40	static
sx1276.c:1195:9:SX1276ReadRssi	8	static
sx1276.c:1245:6:SX1276SetOpMode.part.2	8	static
sx1276.c:895:6:SX1276SetSleep	8	static
sx1276.c:1245:6:SX1276SetOpMode	16	static
sx1276.c:904:6:SX1276SetStby	8	static
sx1276.c:913:6:SX1276SetRx	24	static
sx1276.c:1079:6:SX1276SetTx	16	static
sx1276.c:1142:6:SX1276StartCad	16	static
sx1276.c:1267:6:SX1276SetModem	8	static
sx1276.c:264:10:SX1276Init	16	static
sx1276.c:316:6:SX1276IsChannelFree	16	static
sx1276.c:1295:6:SX1276SetSyncWord	8	static
sx1276.c:339:10:SX1276Random	16	static
sx1276.c:439:6:SX1276SetRxConfig	72	static
sx1276.c:609:6:SX1276SetTxConfig	56	static
sx1276.c:1175:6:SX1276SetTxContinuousWave	56	static
sx1276.c:1384:6:SX1276OnTimeoutIrq	16	static
sx1276.c:1739:6:SX1276OnDio2Irq	16	static
sx1276.c:1812:6:SX1276OnDio3Irq	16	static
sx1276.c:1351:6:SX1276WriteFifo	8	static
sx1276.c:821:6:SX1276Send	32	static
sx1276.c:1356:6:SX1276ReadFifo	8	static
sx1276.c:1459:6:SX1276OnDio0Irq	32	static
sx1276.c:1661:6:SX1276OnDio1Irq	16	static
sx1276.c:1361:6:SX1276SetMaxPayloadLength	16	static
sx1276.c:1379:10:SX1276GetRadioWakeUpTime	8	static
sx1276.c:1862:6:SX1276OnDio5Irq	0	static
